[0.055s] Invoking command in '/root/dart_ws/build/yq_dart_aim': CMAKE_PREFIX_PATH=${CMAKE_PREFIX_PATH}:/opt/ros/humble /usr/bin/cmake /root/dart_ws/src/yq_dart_aim -DAMENT_CMAKE_SYMLINK_INSTALL=1 -DCMAKE_INSTALL_PREFIX=/root/dart_ws/install/yq_dart_aim
[0.238s] -- Found ament_cmake: 1.3.12 (/opt/ros/humble/share/ament_cmake/cmake)
[0.974s] -- Override CMake install command with custom implementation using symlinks instead of copying resources
[1.076s] -- Found rclcpp: 16.0.16 (/opt/ros/humble/share/rclcpp/cmake)
[1.253s] -- Found rosidl_generator_c: 3.1.7 (/opt/ros/humble/share/rosidl_generator_c/cmake)
[1.270s] -- Found rosidl_adapter: 3.1.7 (/opt/ros/humble/share/rosidl_adapter/cmake)
[1.308s] -- Found rosidl_generator_cpp: 3.1.7 (/opt/ros/humble/share/rosidl_generator_cpp/cmake)
[1.369s] -- Using all available rosidl_typesupport_c: rosidl_typesupport_fastrtps_c;rosidl_typesupport_introspection_c
[1.448s] -- Using all available rosidl_typesupport_cpp: rosidl_typesupport_fastrtps_cpp;rosidl_typesupport_introspection_cpp
[1.649s] -- Found rmw_implementation_cmake: 6.1.2 (/opt/ros/humble/share/rmw_implementation_cmake/cmake)
[1.658s] -- Found rmw_fastrtps_cpp: 6.2.9 (/opt/ros/humble/share/rmw_fastrtps_cpp/cmake)
[2.137s] -- Using RMW implementation 'rmw_fastrtps_cpp' as default
[2.460s] -- Found sensor_msgs: 4.9.0 (/opt/ros/humble/share/sensor_msgs/cmake)
[2.646s] -- Found cv_bridge: 3.2.1 (/opt/ros/humble/share/cv_bridge/cmake)
[2.703s] -- Found image_transport: 3.1.12 (/opt/ros/humble/share/image_transport/cmake)
[3.247s] -- Configuring done
[3.346s] -- Generating done
[3.370s] -- Build files have been written to: /root/dart_ws/build/yq_dart_aim
[3.428s] Invoked command in '/root/dart_ws/build/yq_dart_aim' returned '0': CMAKE_PREFIX_PATH=${CMAKE_PREFIX_PATH}:/opt/ros/humble /usr/bin/cmake /root/dart_ws/src/yq_dart_aim -DAMENT_CMAKE_SYMLINK_INSTALL=1 -DCMAKE_INSTALL_PREFIX=/root/dart_ws/install/yq_dart_aim
[3.455s] Invoking command in '/root/dart_ws/build/yq_dart_aim': CMAKE_PREFIX_PATH=${CMAKE_PREFIX_PATH}:/opt/ros/humble /usr/bin/cmake --build /root/dart_ws/build/yq_dart_aim -- -j8 -l8
[3.684s] Consolidate compiler generated dependencies of target dart_aim_node
[3.838s] [ 50%] Building CXX object CMakeFiles/dart_aim_node.dir/src/dart_aim_node.cpp.o
[105.892s] [100%] Linking CXX executable dart_aim_node
[108.683s] [100%] Built target dart_aim_node
[108.750s] Invoked command in '/root/dart_ws/build/yq_dart_aim' returned '0': CMAKE_PREFIX_PATH=${CMAKE_PREFIX_PATH}:/opt/ros/humble /usr/bin/cmake --build /root/dart_ws/build/yq_dart_aim -- -j8 -l8
[108.813s] Invoking command in '/root/dart_ws/build/yq_dart_aim': CMAKE_PREFIX_PATH=${CMAKE_PREFIX_PATH}:/opt/ros/humble /usr/bin/cmake --install /root/dart_ws/build/yq_dart_aim
[108.855s] -- Install configuration: "Release"
[108.857s] -- Execute custom install script
[108.858s] -- Up-to-date symlink: /root/dart_ws/install/yq_dart_aim/lib/yq_dart_aim/dart_aim_node
[108.860s] -- Up-to-date symlink: /root/dart_ws/install/yq_dart_aim/share/yq_dart_aim/launch/MvSdkLog/CamCtrl_00.log
[108.861s] -- Up-to-date symlink: /root/dart_ws/install/yq_dart_aim/share/yq_dart_aim/launch/MvSdkLog/USB3_00.log
[108.861s] -- Up-to-date symlink: /root/dart_ws/install/yq_dart_aim/share/yq_dart_aim/launch/MvSdkLog/USB3_01.log
[108.862s] -- Up-to-date symlink: /root/dart_ws/install/yq_dart_aim/share/yq_dart_aim/launch/start.launch.py
[108.863s] -- Up-to-date symlink: /root/dart_ws/install/yq_dart_aim/share/yq_dart_aim/config/params.yaml
[108.863s] -- Up-to-date symlink: /root/dart_ws/install/yq_dart_aim/share/ament_index/resource_index/package_run_dependencies/yq_dart_aim
[108.864s] -- Up-to-date symlink: /root/dart_ws/install/yq_dart_aim/share/ament_index/resource_index/parent_prefix_path/yq_dart_aim
[108.865s] -- Up-to-date symlink: /root/dart_ws/install/yq_dart_aim/share/yq_dart_aim/environment/ament_prefix_path.sh
[108.866s] -- Up-to-date symlink: /root/dart_ws/install/yq_dart_aim/share/yq_dart_aim/environment/ament_prefix_path.dsv
[108.867s] -- Up-to-date symlink: /root/dart_ws/install/yq_dart_aim/share/yq_dart_aim/environment/path.sh
[108.867s] -- Up-to-date symlink: /root/dart_ws/install/yq_dart_aim/share/yq_dart_aim/environment/path.dsv
[108.868s] -- Up-to-date symlink: /root/dart_ws/install/yq_dart_aim/share/yq_dart_aim/local_setup.bash
[108.869s] -- Up-to-date symlink: /root/dart_ws/install/yq_dart_aim/share/yq_dart_aim/local_setup.sh
[108.869s] -- Up-to-date symlink: /root/dart_ws/install/yq_dart_aim/share/yq_dart_aim/local_setup.zsh
[108.870s] -- Up-to-date symlink: /root/dart_ws/install/yq_dart_aim/share/yq_dart_aim/local_setup.dsv
[108.871s] -- Symlinking: /root/dart_ws/install/yq_dart_aim/share/yq_dart_aim/package.dsv
[108.909s] -- Up-to-date symlink: /root/dart_ws/install/yq_dart_aim/share/ament_index/resource_index/packages/yq_dart_aim
[108.910s] -- Up-to-date symlink: /root/dart_ws/install/yq_dart_aim/share/yq_dart_aim/cmake/yq_dart_aimConfig.cmake
[108.911s] -- Up-to-date symlink: /root/dart_ws/install/yq_dart_aim/share/yq_dart_aim/cmake/yq_dart_aimConfig-version.cmake
[108.911s] -- Up-to-date symlink: /root/dart_ws/install/yq_dart_aim/share/yq_dart_aim/package.xml
[108.927s] Invoked command in '/root/dart_ws/build/yq_dart_aim' returned '0': CMAKE_PREFIX_PATH=${CMAKE_PREFIX_PATH}:/opt/ros/humble /usr/bin/cmake --install /root/dart_ws/build/yq_dart_aim
