[0.647s] DEBUG:colcon:Command line arguments: ['/usr/bin/colcon', 'build', '--cmake-clean-first', '--symlink-install']
[0.648s] DEBUG:colcon:Parsed command line arguments: Namespace(log_base=None, log_level=None, verb_name='build', build_base='build', install_base='install', merge_install=False, symlink_install=True, test_result_base=None, continue_on_error=False, executor='parallel', parallel_workers=8, event_handlers=None, ignore_user_meta=False, metas=['./colcon.meta'], base_paths=['.'], packages_ignore=None, packages_ignore_regex=None, paths=None, packages_up_to=None, packages_up_to_regex=None, packages_above=None, packages_above_and_dependencies=None, packages_above_depth=None, packages_select_by_dep=None, packages_skip_by_dep=None, packages_skip_up_to=None, packages_select_build_failed=False, packages_skip_build_finished=False, packages_select_test_failures=False, packages_skip_test_passed=False, packages_select=None, packages_skip=None, packages_select_regex=None, packages_skip_regex=None, packages_start=None, packages_end=None, allow_overriding=[], cmake_args=None, cmake_target=None, cmake_target_skip_unavailable=False, cmake_clean_cache=False, cmake_clean_first=True, cmake_force_configure=False, ament_cmake_args=None, catkin_cmake_args=None, catkin_skip_building_tests=False, verb_parser=<colcon_defaults.argument_parser.defaults.DefaultArgumentsDecorator object at 0xffffb63038e0>, verb_extension=<colcon_core.verb.build.BuildVerb object at 0xffffb6303040>, main=<bound method BuildVerb.main of <colcon_core.verb.build.BuildVerb object at 0xffffb6303040>>)
[2.018s] Level 1:colcon.colcon_core.package_discovery:discover_packages(colcon_meta) check parameters
[2.018s] Level 1:colcon.colcon_core.package_discovery:discover_packages(recursive) check parameters
[2.018s] Level 1:colcon.colcon_core.package_discovery:discover_packages(ignore) check parameters
[2.019s] Level 1:colcon.colcon_core.package_discovery:discover_packages(path) check parameters
[2.019s] Level 1:colcon.colcon_core.package_discovery:discover_packages(colcon_meta) discover
[2.019s] Level 1:colcon.colcon_core.package_discovery:discover_packages(recursive) discover
[2.019s] INFO:colcon.colcon_core.package_discovery:Crawling recursively for packages in '/root/dart_ws'
[2.020s] Level 1:colcon.colcon_core.package_identification:_identify(.) by extensions ['ignore', 'ignore_ament_install']
[2.020s] Level 1:colcon.colcon_core.package_identification:_identify(.) by extension 'ignore'
[2.021s] Level 1:colcon.colcon_core.package_identification:_identify(.) by extension 'ignore_ament_install'
[2.021s] Level 1:colcon.colcon_core.package_identification:_identify(.) by extensions ['colcon_pkg']
[2.021s] Level 1:colcon.colcon_core.package_identification:_identify(.) by extension 'colcon_pkg'
[2.021s] Level 1:colcon.colcon_core.package_identification:_identify(.) by extensions ['colcon_meta']
[2.022s] Level 1:colcon.colcon_core.package_identification:_identify(.) by extension 'colcon_meta'
[2.022s] Level 1:colcon.colcon_core.package_identification:_identify(.) by extensions ['ros']
[2.022s] Level 1:colcon.colcon_core.package_identification:_identify(.) by extension 'ros'
[2.105s] Level 1:colcon.colcon_core.package_identification:_identify(.) by extensions ['cmake', 'python']
[2.106s] Level 1:colcon.colcon_core.package_identification:_identify(.) by extension 'cmake'
[2.107s] Level 1:colcon.colcon_core.package_identification:_identify(.) by extension 'python'
[2.107s] Level 1:colcon.colcon_core.package_identification:_identify(.) by extensions ['python_setup_py']
[2.107s] Level 1:colcon.colcon_core.package_identification:_identify(.) by extension 'python_setup_py'
[2.108s] Level 1:colcon.colcon_core.package_identification:_identify(build) by extensions ['ignore', 'ignore_ament_install']
[2.109s] Level 1:colcon.colcon_core.package_identification:_identify(build) by extension 'ignore'
[2.109s] Level 1:colcon.colcon_core.package_identification:_identify(build) ignored
[2.110s] Level 1:colcon.colcon_core.package_identification:_identify(install) by extensions ['ignore', 'ignore_ament_install']
[2.110s] Level 1:colcon.colcon_core.package_identification:_identify(install) by extension 'ignore'
[2.111s] Level 1:colcon.colcon_core.package_identification:_identify(install) ignored
[2.111s] Level 1:colcon.colcon_core.package_identification:_identify(log) by extensions ['ignore', 'ignore_ament_install']
[2.111s] Level 1:colcon.colcon_core.package_identification:_identify(log) by extension 'ignore'
[2.112s] Level 1:colcon.colcon_core.package_identification:_identify(log) ignored
[2.112s] Level 1:colcon.colcon_core.package_identification:_identify(src) by extensions ['ignore', 'ignore_ament_install']
[2.113s] Level 1:colcon.colcon_core.package_identification:_identify(src) by extension 'ignore'
[2.113s] Level 1:colcon.colcon_core.package_identification:_identify(src) by extension 'ignore_ament_install'
[2.113s] Level 1:colcon.colcon_core.package_identification:_identify(src) by extensions ['colcon_pkg']
[2.113s] Level 1:colcon.colcon_core.package_identification:_identify(src) by extension 'colcon_pkg'
[2.114s] Level 1:colcon.colcon_core.package_identification:_identify(src) by extensions ['colcon_meta']
[2.114s] Level 1:colcon.colcon_core.package_identification:_identify(src) by extension 'colcon_meta'
[2.114s] Level 1:colcon.colcon_core.package_identification:_identify(src) by extensions ['ros']
[2.114s] Level 1:colcon.colcon_core.package_identification:_identify(src) by extension 'ros'
[2.115s] Level 1:colcon.colcon_core.package_identification:_identify(src) by extensions ['cmake', 'python']
[2.115s] Level 1:colcon.colcon_core.package_identification:_identify(src) by extension 'cmake'
[2.115s] Level 1:colcon.colcon_core.package_identification:_identify(src) by extension 'python'
[2.116s] Level 1:colcon.colcon_core.package_identification:_identify(src) by extensions ['python_setup_py']
[2.116s] Level 1:colcon.colcon_core.package_identification:_identify(src) by extension 'python_setup_py'
[2.117s] Level 1:colcon.colcon_core.package_identification:_identify(src/ros2_hik_camera) by extensions ['ignore', 'ignore_ament_install']
[2.117s] Level 1:colcon.colcon_core.package_identification:_identify(src/ros2_hik_camera) by extension 'ignore'
[2.117s] Level 1:colcon.colcon_core.package_identification:_identify(src/ros2_hik_camera) by extension 'ignore_ament_install'
[2.118s] Level 1:colcon.colcon_core.package_identification:_identify(src/ros2_hik_camera) by extensions ['colcon_pkg']
[2.118s] Level 1:colcon.colcon_core.package_identification:_identify(src/ros2_hik_camera) by extension 'colcon_pkg'
[2.118s] Level 1:colcon.colcon_core.package_identification:_identify(src/ros2_hik_camera) by extensions ['colcon_meta']
[2.118s] Level 1:colcon.colcon_core.package_identification:_identify(src/ros2_hik_camera) by extension 'colcon_meta'
[2.119s] Level 1:colcon.colcon_core.package_identification:_identify(src/ros2_hik_camera) by extensions ['ros']
[2.119s] Level 1:colcon.colcon_core.package_identification:_identify(src/ros2_hik_camera) by extension 'ros'
[2.137s] DEBUG:colcon.colcon_core.package_identification:Package 'src/ros2_hik_camera' with type 'ros.ament_cmake' and name 'hik_camera'
[2.138s] Level 1:colcon.colcon_core.package_identification:_identify(src/yq_dart_aim) by extensions ['ignore', 'ignore_ament_install']
[2.139s] Level 1:colcon.colcon_core.package_identification:_identify(src/yq_dart_aim) by extension 'ignore'
[2.139s] Level 1:colcon.colcon_core.package_identification:_identify(src/yq_dart_aim) by extension 'ignore_ament_install'
[2.140s] Level 1:colcon.colcon_core.package_identification:_identify(src/yq_dart_aim) by extensions ['colcon_pkg']
[2.140s] Level 1:colcon.colcon_core.package_identification:_identify(src/yq_dart_aim) by extension 'colcon_pkg'
[2.140s] Level 1:colcon.colcon_core.package_identification:_identify(src/yq_dart_aim) by extensions ['colcon_meta']
[2.140s] Level 1:colcon.colcon_core.package_identification:_identify(src/yq_dart_aim) by extension 'colcon_meta'
[2.141s] Level 1:colcon.colcon_core.package_identification:_identify(src/yq_dart_aim) by extensions ['ros']
[2.141s] Level 1:colcon.colcon_core.package_identification:_identify(src/yq_dart_aim) by extension 'ros'
[2.144s] DEBUG:colcon.colcon_core.package_identification:Package 'src/yq_dart_aim' with type 'ros.ament_cmake' and name 'yq_dart_aim'
[2.144s] Level 1:colcon.colcon_core.package_discovery:discover_packages(recursive) using defaults
[2.145s] Level 1:colcon.colcon_core.package_discovery:discover_packages(ignore) discover
[2.145s] Level 1:colcon.colcon_core.package_discovery:discover_packages(ignore) using defaults
[2.145s] Level 1:colcon.colcon_core.package_discovery:discover_packages(path) discover
[2.145s] Level 1:colcon.colcon_core.package_discovery:discover_packages(path) using defaults
[2.292s] Level 1:colcon.colcon_core.package_discovery:discover_packages(prefix_path) check parameters
[2.293s] Level 1:colcon.colcon_core.package_discovery:discover_packages(prefix_path) discover
[2.303s] WARNING:colcon.colcon_core.prefix_path.colcon:The path '/root/cyy_ws/install' in the environment variable COLCON_PREFIX_PATH doesn't exist
[2.303s] WARNING:colcon.colcon_ros.prefix_path.ament:The path '/root/cyy_ws/install/rm_vision_bringup' in the environment variable AMENT_PREFIX_PATH doesn't exist
[2.304s] WARNING:colcon.colcon_ros.prefix_path.ament:The path '/root/cyy_ws/install/hsv_adjuster' in the environment variable AMENT_PREFIX_PATH doesn't exist
[2.304s] WARNING:colcon.colcon_ros.prefix_path.ament:The path '/root/cyy_ws/install/hik_camera' in the environment variable AMENT_PREFIX_PATH doesn't exist
[2.304s] WARNING:colcon.colcon_ros.prefix_path.catkin:The path '/root/cyy_ws/install/rm_vision_bringup' in the environment variable CMAKE_PREFIX_PATH doesn't exist
[2.305s] WARNING:colcon.colcon_ros.prefix_path.catkin:The path '/root/cyy_ws/install/hsv_adjuster' in the environment variable CMAKE_PREFIX_PATH doesn't exist
[2.305s] WARNING:colcon.colcon_ros.prefix_path.catkin:The path '/root/cyy_ws/install/hik_camera' in the environment variable CMAKE_PREFIX_PATH doesn't exist
[2.316s] DEBUG:colcon.colcon_installed_package_information.package_discovery:Found 279 installed packages in /opt/ros/humble
[2.336s] Level 1:colcon.colcon_core.package_discovery:discover_packages(prefix_path) using defaults
[2.698s] Level 5:colcon.colcon_core.verb:set package 'hik_camera' build argument 'cmake_args' from command line to 'None'
[2.699s] Level 5:colcon.colcon_core.verb:set package 'hik_camera' build argument 'cmake_target' from command line to 'None'
[2.699s] Level 5:colcon.colcon_core.verb:set package 'hik_camera' build argument 'cmake_target_skip_unavailable' from command line to 'False'
[2.699s] Level 5:colcon.colcon_core.verb:set package 'hik_camera' build argument 'cmake_clean_cache' from command line to 'False'
[2.699s] Level 5:colcon.colcon_core.verb:set package 'hik_camera' build argument 'cmake_clean_first' from command line to 'True'
[2.699s] Level 5:colcon.colcon_core.verb:set package 'hik_camera' build argument 'cmake_force_configure' from command line to 'False'
[2.700s] Level 5:colcon.colcon_core.verb:set package 'hik_camera' build argument 'ament_cmake_args' from command line to 'None'
[2.700s] Level 5:colcon.colcon_core.verb:set package 'hik_camera' build argument 'catkin_cmake_args' from command line to 'None'
[2.700s] Level 5:colcon.colcon_core.verb:set package 'hik_camera' build argument 'catkin_skip_building_tests' from command line to 'False'
[2.700s] DEBUG:colcon.colcon_core.verb:Building package 'hik_camera' with the following arguments: {'ament_cmake_args': None, 'build_base': '/root/dart_ws/build/hik_camera', 'catkin_cmake_args': None, 'catkin_skip_building_tests': False, 'cmake_args': None, 'cmake_clean_cache': False, 'cmake_clean_first': True, 'cmake_force_configure': False, 'cmake_target': None, 'cmake_target_skip_unavailable': False, 'install_base': '/root/dart_ws/install/hik_camera', 'merge_install': False, 'path': '/root/dart_ws/src/ros2_hik_camera', 'symlink_install': True, 'test_result_base': None}
[2.703s] Level 5:colcon.colcon_core.verb:set package 'yq_dart_aim' build argument 'cmake_args' from command line to 'None'
[2.703s] Level 5:colcon.colcon_core.verb:set package 'yq_dart_aim' build argument 'cmake_target' from command line to 'None'
[2.703s] Level 5:colcon.colcon_core.verb:set package 'yq_dart_aim' build argument 'cmake_target_skip_unavailable' from command line to 'False'
[2.703s] Level 5:colcon.colcon_core.verb:set package 'yq_dart_aim' build argument 'cmake_clean_cache' from command line to 'False'
[2.704s] Level 5:colcon.colcon_core.verb:set package 'yq_dart_aim' build argument 'cmake_clean_first' from command line to 'True'
[2.704s] Level 5:colcon.colcon_core.verb:set package 'yq_dart_aim' build argument 'cmake_force_configure' from command line to 'False'
[2.704s] Level 5:colcon.colcon_core.verb:set package 'yq_dart_aim' build argument 'ament_cmake_args' from command line to 'None'
[2.704s] Level 5:colcon.colcon_core.verb:set package 'yq_dart_aim' build argument 'catkin_cmake_args' from command line to 'None'
[2.704s] Level 5:colcon.colcon_core.verb:set package 'yq_dart_aim' build argument 'catkin_skip_building_tests' from command line to 'False'
[2.704s] DEBUG:colcon.colcon_core.verb:Building package 'yq_dart_aim' with the following arguments: {'ament_cmake_args': None, 'build_base': '/root/dart_ws/build/yq_dart_aim', 'catkin_cmake_args': None, 'catkin_skip_building_tests': False, 'cmake_args': None, 'cmake_clean_cache': False, 'cmake_clean_first': True, 'cmake_force_configure': False, 'cmake_target': None, 'cmake_target_skip_unavailable': False, 'install_base': '/root/dart_ws/install/yq_dart_aim', 'merge_install': False, 'path': '/root/dart_ws/src/yq_dart_aim', 'symlink_install': True, 'test_result_base': None}
[2.705s] INFO:colcon.colcon_core.executor:Executing jobs using 'parallel' executor
[2.711s] DEBUG:colcon.colcon_parallel_executor.executor.parallel:run_until_complete
[2.712s] INFO:colcon.colcon_ros.task.ament_cmake.build:Building ROS package in '/root/dart_ws/src/ros2_hik_camera' with build type 'ament_cmake'
[2.713s] INFO:colcon.colcon_cmake.task.cmake.build:Building CMake package in '/root/dart_ws/src/ros2_hik_camera'
[2.731s] INFO:colcon.colcon_core.plugin_system:Skipping extension 'colcon_core.shell.bat': Not used on non-Windows systems
[2.733s] INFO:colcon.colcon_core.shell:Skip shell extension 'powershell' for command environment: Not usable outside of PowerShell
[2.733s] DEBUG:colcon.colcon_core.shell:Skip shell extension 'dsv' for command environment
[2.750s] INFO:colcon.colcon_ros.task.ament_cmake.build:Building ROS package in '/root/dart_ws/src/yq_dart_aim' with build type 'ament_cmake'
[2.751s] INFO:colcon.colcon_cmake.task.cmake.build:Building CMake package in '/root/dart_ws/src/yq_dart_aim'
[2.753s] INFO:colcon.colcon_core.shell:Skip shell extension 'powershell' for command environment: Not usable outside of PowerShell
[2.754s] DEBUG:colcon.colcon_core.shell:Skip shell extension 'dsv' for command environment
[2.781s] DEBUG:colcon.colcon_core.event_handler.log_command:Invoking command in '/root/dart_ws/build/hik_camera': CMAKE_PREFIX_PATH=${CMAKE_PREFIX_PATH}:/opt/ros/humble /usr/bin/cmake /root/dart_ws/src/ros2_hik_camera -DAMENT_CMAKE_SYMLINK_INSTALL=1 -DCMAKE_INSTALL_PREFIX=/root/dart_ws/install/hik_camera
[2.803s] DEBUG:colcon.colcon_core.event_handler.log_command:Invoking command in '/root/dart_ws/build/yq_dart_aim': CMAKE_PREFIX_PATH=${CMAKE_PREFIX_PATH}:/opt/ros/humble /usr/bin/cmake /root/dart_ws/src/yq_dart_aim -DAMENT_CMAKE_SYMLINK_INSTALL=1 -DCMAKE_INSTALL_PREFIX=/root/dart_ws/install/yq_dart_aim
[10.678s] DEBUG:colcon.colcon_core.event_handler.log_command:Invoked command in '/root/dart_ws/build/hik_camera' returned '0': CMAKE_PREFIX_PATH=${CMAKE_PREFIX_PATH}:/opt/ros/humble /usr/bin/cmake /root/dart_ws/src/ros2_hik_camera -DAMENT_CMAKE_SYMLINK_INSTALL=1 -DCMAKE_INSTALL_PREFIX=/root/dart_ws/install/hik_camera
[10.687s] DEBUG:colcon.colcon_core.event_handler.log_command:Invoking command in '/root/dart_ws/build/hik_camera': CMAKE_PREFIX_PATH=${CMAKE_PREFIX_PATH}:/opt/ros/humble /usr/bin/cmake --build /root/dart_ws/build/hik_camera --clean-first -- -j8 -l8
[10.776s] DEBUG:colcon.colcon_core.event_handler.log_command:Invoked command in '/root/dart_ws/build/yq_dart_aim' returned '0': CMAKE_PREFIX_PATH=${CMAKE_PREFIX_PATH}:/opt/ros/humble /usr/bin/cmake /root/dart_ws/src/yq_dart_aim -DAMENT_CMAKE_SYMLINK_INSTALL=1 -DCMAKE_INSTALL_PREFIX=/root/dart_ws/install/yq_dart_aim
[10.783s] DEBUG:colcon.colcon_core.event_handler.log_command:Invoking command in '/root/dart_ws/build/yq_dart_aim': CMAKE_PREFIX_PATH=${CMAKE_PREFIX_PATH}:/opt/ros/humble /usr/bin/cmake --build /root/dart_ws/build/yq_dart_aim --clean-first -- -j8 -l8
[35.162s] DEBUG:colcon.colcon_core.event_handler.log_command:Invoked command in '/root/dart_ws/build/hik_camera' returned '0': CMAKE_PREFIX_PATH=${CMAKE_PREFIX_PATH}:/opt/ros/humble /usr/bin/cmake --build /root/dart_ws/build/hik_camera --clean-first -- -j8 -l8
[35.207s] DEBUG:colcon.colcon_core.event_handler.log_command:Invoking command in '/root/dart_ws/build/hik_camera': CMAKE_PREFIX_PATH=${CMAKE_PREFIX_PATH}:/opt/ros/humble /usr/bin/cmake --install /root/dart_ws/build/hik_camera
[36.405s] Level 1:colcon.colcon_core.environment:create_environment_scripts_only(hik_camera)
[36.408s] DEBUG:colcon.colcon_core.event_handler.log_command:Invoked command in '/root/dart_ws/build/hik_camera' returned '0': CMAKE_PREFIX_PATH=${CMAKE_PREFIX_PATH}:/opt/ros/humble /usr/bin/cmake --install /root/dart_ws/build/hik_camera
[36.432s] Level 1:colcon.colcon_core.environment:checking '/root/dart_ws/install/hik_camera' for CMake module files
[36.436s] Level 1:colcon.colcon_core.environment:checking '/root/dart_ws/install/hik_camera' for CMake config files
[36.438s] Level 1:colcon.colcon_core.shell:create_environment_hook('hik_camera', 'cmake_prefix_path')
[36.440s] INFO:colcon.colcon_core.shell:Creating environment hook '/root/dart_ws/install/hik_camera/share/hik_camera/hook/cmake_prefix_path.ps1'
[36.445s] INFO:colcon.colcon_core.shell:Creating environment descriptor '/root/dart_ws/install/hik_camera/share/hik_camera/hook/cmake_prefix_path.dsv'
[36.448s] INFO:colcon.colcon_core.shell:Creating environment hook '/root/dart_ws/install/hik_camera/share/hik_camera/hook/cmake_prefix_path.sh'
[36.454s] Level 1:colcon.colcon_core.environment:checking '/root/dart_ws/install/hik_camera/lib'
[36.456s] Level 1:colcon.colcon_core.shell:create_environment_hook('hik_camera', 'ld_library_path_lib')
[36.458s] INFO:colcon.colcon_core.shell:Creating environment hook '/root/dart_ws/install/hik_camera/share/hik_camera/hook/ld_library_path_lib.ps1'
[36.461s] INFO:colcon.colcon_core.shell:Creating environment descriptor '/root/dart_ws/install/hik_camera/share/hik_camera/hook/ld_library_path_lib.dsv'
[36.464s] INFO:colcon.colcon_core.shell:Creating environment hook '/root/dart_ws/install/hik_camera/share/hik_camera/hook/ld_library_path_lib.sh'
[36.466s] Level 1:colcon.colcon_core.environment:checking '/root/dart_ws/install/hik_camera/bin'
[36.467s] Level 1:colcon.colcon_core.environment:checking '/root/dart_ws/install/hik_camera/lib/pkgconfig/hik_camera.pc'
[36.469s] Level 1:colcon.colcon_core.environment:checking '/root/dart_ws/install/hik_camera/lib/python3.10/site-packages'
[36.471s] Level 1:colcon.colcon_core.environment:checking '/root/dart_ws/install/hik_camera/bin'
[36.473s] INFO:colcon.colcon_core.shell:Creating package script '/root/dart_ws/install/hik_camera/share/hik_camera/package.ps1'
[36.480s] INFO:colcon.colcon_core.shell:Creating package descriptor '/root/dart_ws/install/hik_camera/share/hik_camera/package.dsv'
[36.486s] INFO:colcon.colcon_core.shell:Creating package script '/root/dart_ws/install/hik_camera/share/hik_camera/package.sh'
[36.492s] INFO:colcon.colcon_core.shell:Creating package script '/root/dart_ws/install/hik_camera/share/hik_camera/package.bash'
[36.498s] INFO:colcon.colcon_core.shell:Creating package script '/root/dart_ws/install/hik_camera/share/hik_camera/package.zsh'
[36.504s] Level 1:colcon.colcon_core.environment:create_file_with_runtime_dependencies(/root/dart_ws/install/hik_camera/share/colcon-core/packages/hik_camera)
[36.508s] Level 1:colcon.colcon_core.environment:create_environment_scripts_only(hik_camera)
[36.510s] Level 1:colcon.colcon_core.environment:checking '/root/dart_ws/install/hik_camera' for CMake module files
[36.514s] Level 1:colcon.colcon_core.environment:checking '/root/dart_ws/install/hik_camera' for CMake config files
[36.515s] Level 1:colcon.colcon_core.shell:create_environment_hook('hik_camera', 'cmake_prefix_path')
[36.517s] INFO:colcon.colcon_core.shell:Creating environment hook '/root/dart_ws/install/hik_camera/share/hik_camera/hook/cmake_prefix_path.ps1'
[36.520s] INFO:colcon.colcon_core.shell:Creating environment descriptor '/root/dart_ws/install/hik_camera/share/hik_camera/hook/cmake_prefix_path.dsv'
[36.523s] INFO:colcon.colcon_core.shell:Creating environment hook '/root/dart_ws/install/hik_camera/share/hik_camera/hook/cmake_prefix_path.sh'
[36.526s] Level 1:colcon.colcon_core.environment:checking '/root/dart_ws/install/hik_camera/lib'
[36.527s] Level 1:colcon.colcon_core.shell:create_environment_hook('hik_camera', 'ld_library_path_lib')
[36.529s] INFO:colcon.colcon_core.shell:Creating environment hook '/root/dart_ws/install/hik_camera/share/hik_camera/hook/ld_library_path_lib.ps1'
[36.532s] INFO:colcon.colcon_core.shell:Creating environment descriptor '/root/dart_ws/install/hik_camera/share/hik_camera/hook/ld_library_path_lib.dsv'
[36.534s] INFO:colcon.colcon_core.shell:Creating environment hook '/root/dart_ws/install/hik_camera/share/hik_camera/hook/ld_library_path_lib.sh'
[36.537s] Level 1:colcon.colcon_core.environment:checking '/root/dart_ws/install/hik_camera/bin'
[36.537s] Level 1:colcon.colcon_core.environment:checking '/root/dart_ws/install/hik_camera/lib/pkgconfig/hik_camera.pc'
[36.539s] Level 1:colcon.colcon_core.environment:checking '/root/dart_ws/install/hik_camera/lib/python3.10/site-packages'
[36.541s] Level 1:colcon.colcon_core.environment:checking '/root/dart_ws/install/hik_camera/bin'
[36.544s] INFO:colcon.colcon_core.shell:Creating package script '/root/dart_ws/install/hik_camera/share/hik_camera/package.ps1'
[36.548s] INFO:colcon.colcon_core.shell:Creating package descriptor '/root/dart_ws/install/hik_camera/share/hik_camera/package.dsv'
[36.552s] INFO:colcon.colcon_core.shell:Creating package script '/root/dart_ws/install/hik_camera/share/hik_camera/package.sh'
[36.555s] INFO:colcon.colcon_core.shell:Creating package script '/root/dart_ws/install/hik_camera/share/hik_camera/package.bash'
[36.559s] INFO:colcon.colcon_core.shell:Creating package script '/root/dart_ws/install/hik_camera/share/hik_camera/package.zsh'
[36.562s] Level 1:colcon.colcon_core.environment:create_file_with_runtime_dependencies(/root/dart_ws/install/hik_camera/share/colcon-core/packages/hik_camera)
[83.928s] DEBUG:colcon.colcon_core.event_handler.log_command:Invoked command in '/root/dart_ws/build/yq_dart_aim' returned '0': CMAKE_PREFIX_PATH=${CMAKE_PREFIX_PATH}:/opt/ros/humble /usr/bin/cmake --build /root/dart_ws/build/yq_dart_aim --clean-first -- -j8 -l8
[83.938s] DEBUG:colcon.colcon_core.event_handler.log_command:Invoking command in '/root/dart_ws/build/yq_dart_aim': CMAKE_PREFIX_PATH=${CMAKE_PREFIX_PATH}:/opt/ros/humble /usr/bin/cmake --install /root/dart_ws/build/yq_dart_aim
[84.843s] Level 1:colcon.colcon_core.environment:create_environment_scripts_only(yq_dart_aim)
[84.845s] Level 1:colcon.colcon_core.environment:checking '/root/dart_ws/install/yq_dart_aim' for CMake module files
[84.847s] DEBUG:colcon.colcon_core.event_handler.log_command:Invoked command in '/root/dart_ws/build/yq_dart_aim' returned '0': CMAKE_PREFIX_PATH=${CMAKE_PREFIX_PATH}:/opt/ros/humble /usr/bin/cmake --install /root/dart_ws/build/yq_dart_aim
[84.850s] Level 1:colcon.colcon_core.environment:checking '/root/dart_ws/install/yq_dart_aim' for CMake config files
[84.851s] Level 1:colcon.colcon_core.shell:create_environment_hook('yq_dart_aim', 'cmake_prefix_path')
[84.853s] INFO:colcon.colcon_core.shell:Creating environment hook '/root/dart_ws/install/yq_dart_aim/share/yq_dart_aim/hook/cmake_prefix_path.ps1'
[84.855s] INFO:colcon.colcon_core.shell:Creating environment descriptor '/root/dart_ws/install/yq_dart_aim/share/yq_dart_aim/hook/cmake_prefix_path.dsv'
[84.860s] INFO:colcon.colcon_core.shell:Creating environment hook '/root/dart_ws/install/yq_dart_aim/share/yq_dart_aim/hook/cmake_prefix_path.sh'
[84.868s] Level 1:colcon.colcon_core.environment:checking '/root/dart_ws/install/yq_dart_aim/lib'
[84.868s] Level 1:colcon.colcon_core.environment:checking '/root/dart_ws/install/yq_dart_aim/bin'
[84.869s] Level 1:colcon.colcon_core.environment:checking '/root/dart_ws/install/yq_dart_aim/lib/pkgconfig/yq_dart_aim.pc'
[84.872s] Level 1:colcon.colcon_core.environment:checking '/root/dart_ws/install/yq_dart_aim/lib/python3.10/site-packages'
[84.877s] Level 1:colcon.colcon_core.environment:checking '/root/dart_ws/install/yq_dart_aim/bin'
[84.881s] INFO:colcon.colcon_core.shell:Creating package script '/root/dart_ws/install/yq_dart_aim/share/yq_dart_aim/package.ps1'
[84.885s] INFO:colcon.colcon_core.shell:Creating package descriptor '/root/dart_ws/install/yq_dart_aim/share/yq_dart_aim/package.dsv'
[84.888s] INFO:colcon.colcon_core.shell:Creating package script '/root/dart_ws/install/yq_dart_aim/share/yq_dart_aim/package.sh'
[84.891s] INFO:colcon.colcon_core.shell:Creating package script '/root/dart_ws/install/yq_dart_aim/share/yq_dart_aim/package.bash'
[84.894s] INFO:colcon.colcon_core.shell:Creating package script '/root/dart_ws/install/yq_dart_aim/share/yq_dart_aim/package.zsh'
[84.896s] Level 1:colcon.colcon_core.environment:create_file_with_runtime_dependencies(/root/dart_ws/install/yq_dart_aim/share/colcon-core/packages/yq_dart_aim)
[84.900s] Level 1:colcon.colcon_core.environment:create_environment_scripts_only(yq_dart_aim)
[84.902s] Level 1:colcon.colcon_core.environment:checking '/root/dart_ws/install/yq_dart_aim' for CMake module files
[84.905s] Level 1:colcon.colcon_core.environment:checking '/root/dart_ws/install/yq_dart_aim' for CMake config files
[84.907s] Level 1:colcon.colcon_core.shell:create_environment_hook('yq_dart_aim', 'cmake_prefix_path')
[84.909s] INFO:colcon.colcon_core.shell:Creating environment hook '/root/dart_ws/install/yq_dart_aim/share/yq_dart_aim/hook/cmake_prefix_path.ps1'
[84.912s] INFO:colcon.colcon_core.shell:Creating environment descriptor '/root/dart_ws/install/yq_dart_aim/share/yq_dart_aim/hook/cmake_prefix_path.dsv'
[84.914s] INFO:colcon.colcon_core.shell:Creating environment hook '/root/dart_ws/install/yq_dart_aim/share/yq_dart_aim/hook/cmake_prefix_path.sh'
[84.918s] Level 1:colcon.colcon_core.environment:checking '/root/dart_ws/install/yq_dart_aim/lib'
[84.918s] Level 1:colcon.colcon_core.environment:checking '/root/dart_ws/install/yq_dart_aim/bin'
[84.919s] Level 1:colcon.colcon_core.environment:checking '/root/dart_ws/install/yq_dart_aim/lib/pkgconfig/yq_dart_aim.pc'
[84.920s] Level 1:colcon.colcon_core.environment:checking '/root/dart_ws/install/yq_dart_aim/lib/python3.10/site-packages'
[84.923s] Level 1:colcon.colcon_core.environment:checking '/root/dart_ws/install/yq_dart_aim/bin'
[84.925s] INFO:colcon.colcon_core.shell:Creating package script '/root/dart_ws/install/yq_dart_aim/share/yq_dart_aim/package.ps1'
[84.929s] INFO:colcon.colcon_core.shell:Creating package descriptor '/root/dart_ws/install/yq_dart_aim/share/yq_dart_aim/package.dsv'
[84.932s] INFO:colcon.colcon_core.shell:Creating package script '/root/dart_ws/install/yq_dart_aim/share/yq_dart_aim/package.sh'
[84.935s] INFO:colcon.colcon_core.shell:Creating package script '/root/dart_ws/install/yq_dart_aim/share/yq_dart_aim/package.bash'
[84.938s] INFO:colcon.colcon_core.shell:Creating package script '/root/dart_ws/install/yq_dart_aim/share/yq_dart_aim/package.zsh'
[84.940s] Level 1:colcon.colcon_core.environment:create_file_with_runtime_dependencies(/root/dart_ws/install/yq_dart_aim/share/colcon-core/packages/yq_dart_aim)
[84.941s] DEBUG:colcon.colcon_parallel_executor.executor.parallel:closing loop
[84.942s] DEBUG:colcon.colcon_parallel_executor.executor.parallel:loop closed
[84.943s] DEBUG:colcon.colcon_parallel_executor.executor.parallel:run_until_complete finished with '0'
[84.943s] DEBUG:colcon.colcon_core.event_reactor:joining thread
[85.020s] INFO:colcon.colcon_core.plugin_system:Skipping extension 'colcon_notification.desktop_notification.notify_send': Could not find 'notify-send'
[85.021s] INFO:colcon.colcon_core.plugin_system:Skipping extension 'colcon_notification.desktop_notification.terminal_notifier': Not used on non-Darwin systems
[85.022s] INFO:colcon.colcon_core.plugin_system:Skipping extension 'colcon_notification.desktop_notification.win32': Not used on non-Windows systems
[85.022s] INFO:colcon.colcon_notification.desktop_notification:Sending desktop notification using 'notify2'
[110.119s] DEBUG:colcon.colcon_notification.desktop_notification.notify2:Failed to initialize notify2: org.freedesktop.DBus.Error.NoReply: Did not receive a reply. Possible causes include: the remote application did not send a reply, the message bus security policy blocked the reply, the reply timeout expired, or the network connection was broken.
[110.119s] DEBUG:colcon.colcon_core.event_reactor:joined thread
[110.123s] INFO:colcon.colcon_core.shell:Creating prefix script '/root/dart_ws/install/local_setup.ps1'
[110.135s] INFO:colcon.colcon_core.shell:Creating prefix util module '/root/dart_ws/install/_local_setup_util_ps1.py'
[110.147s] INFO:colcon.colcon_core.shell:Creating prefix chain script '/root/dart_ws/install/setup.ps1'
[110.157s] INFO:colcon.colcon_core.shell:Creating prefix script '/root/dart_ws/install/local_setup.sh'
[110.162s] INFO:colcon.colcon_core.shell:Creating prefix util module '/root/dart_ws/install/_local_setup_util_sh.py'
[110.166s] INFO:colcon.colcon_core.shell:Creating prefix chain script '/root/dart_ws/install/setup.sh'
[110.174s] INFO:colcon.colcon_core.shell:Creating prefix script '/root/dart_ws/install/local_setup.bash'
[110.177s] INFO:colcon.colcon_core.shell:Creating prefix chain script '/root/dart_ws/install/setup.bash'
[110.184s] INFO:colcon.colcon_core.shell:Creating prefix script '/root/dart_ws/install/local_setup.zsh'
[110.187s] INFO:colcon.colcon_core.shell:Creating prefix chain script '/root/dart_ws/install/setup.zsh'
