[0.870s] DEBUG:colcon:Command line arguments: ['/usr/bin/colcon', 'build', '--symlink-install']
[0.871s] DEBUG:colcon:Parsed command line arguments: Namespace(log_base=None, log_level=None, verb_name='build', build_base='build', install_base='install', merge_install=False, symlink_install=True, test_result_base=None, continue_on_error=False, executor='parallel', parallel_workers=8, event_handlers=None, ignore_user_meta=False, metas=['./colcon.meta'], base_paths=['.'], packages_ignore=None, packages_ignore_regex=None, paths=None, packages_up_to=None, packages_up_to_regex=None, packages_above=None, packages_above_and_dependencies=None, packages_above_depth=None, packages_select_by_dep=None, packages_skip_by_dep=None, packages_skip_up_to=None, packages_select_build_failed=False, packages_skip_build_finished=False, packages_select_test_failures=False, packages_skip_test_passed=False, packages_select=None, packages_skip=None, packages_select_regex=None, packages_skip_regex=None, packages_start=None, packages_end=None, allow_overriding=[], cmake_args=None, cmake_target=None, cmake_target_skip_unavailable=False, cmake_clean_cache=False, cmake_clean_first=False, cmake_force_configure=False, ament_cmake_args=None, catkin_cmake_args=None, catkin_skip_building_tests=False, verb_parser=<colcon_defaults.argument_parser.defaults.DefaultArgumentsDecorator object at 0xffff9da038b0>, verb_extension=<colcon_core.verb.build.BuildVerb object at 0xffff9da03010>, main=<bound method BuildVerb.main of <colcon_core.verb.build.BuildVerb object at 0xffff9da03010>>)
[2.280s] Level 1:colcon.colcon_core.package_discovery:discover_packages(colcon_meta) check parameters
[2.281s] Level 1:colcon.colcon_core.package_discovery:discover_packages(recursive) check parameters
[2.281s] Level 1:colcon.colcon_core.package_discovery:discover_packages(ignore) check parameters
[2.282s] Level 1:colcon.colcon_core.package_discovery:discover_packages(path) check parameters
[2.282s] Level 1:colcon.colcon_core.package_discovery:discover_packages(colcon_meta) discover
[2.282s] Level 1:colcon.colcon_core.package_discovery:discover_packages(recursive) discover
[2.283s] INFO:colcon.colcon_core.package_discovery:Crawling recursively for packages in '/root/dart_ws'
[2.283s] Level 1:colcon.colcon_core.package_identification:_identify(.) by extensions ['ignore', 'ignore_ament_install']
[2.284s] Level 1:colcon.colcon_core.package_identification:_identify(.) by extension 'ignore'
[2.285s] Level 1:colcon.colcon_core.package_identification:_identify(.) by extension 'ignore_ament_install'
[2.285s] Level 1:colcon.colcon_core.package_identification:_identify(.) by extensions ['colcon_pkg']
[2.285s] Level 1:colcon.colcon_core.package_identification:_identify(.) by extension 'colcon_pkg'
[2.286s] Level 1:colcon.colcon_core.package_identification:_identify(.) by extensions ['colcon_meta']
[2.286s] Level 1:colcon.colcon_core.package_identification:_identify(.) by extension 'colcon_meta'
[2.286s] Level 1:colcon.colcon_core.package_identification:_identify(.) by extensions ['ros']
[2.286s] Level 1:colcon.colcon_core.package_identification:_identify(.) by extension 'ros'
[2.384s] Level 1:colcon.colcon_core.package_identification:_identify(.) by extensions ['cmake', 'python']
[2.385s] Level 1:colcon.colcon_core.package_identification:_identify(.) by extension 'cmake'
[2.385s] Level 1:colcon.colcon_core.package_identification:_identify(.) by extension 'python'
[2.386s] Level 1:colcon.colcon_core.package_identification:_identify(.) by extensions ['python_setup_py']
[2.386s] Level 1:colcon.colcon_core.package_identification:_identify(.) by extension 'python_setup_py'
[2.387s] Level 1:colcon.colcon_core.package_identification:_identify(build) by extensions ['ignore', 'ignore_ament_install']
[2.388s] Level 1:colcon.colcon_core.package_identification:_identify(build) by extension 'ignore'
[2.388s] Level 1:colcon.colcon_core.package_identification:_identify(build) ignored
[2.389s] Level 1:colcon.colcon_core.package_identification:_identify(install) by extensions ['ignore', 'ignore_ament_install']
[2.389s] Level 1:colcon.colcon_core.package_identification:_identify(install) by extension 'ignore'
[2.390s] Level 1:colcon.colcon_core.package_identification:_identify(install) ignored
[2.391s] Level 1:colcon.colcon_core.package_identification:_identify(log) by extensions ['ignore', 'ignore_ament_install']
[2.391s] Level 1:colcon.colcon_core.package_identification:_identify(log) by extension 'ignore'
[2.392s] Level 1:colcon.colcon_core.package_identification:_identify(log) ignored
[2.394s] Level 1:colcon.colcon_core.package_identification:_identify(src) by extensions ['ignore', 'ignore_ament_install']
[2.396s] Level 1:colcon.colcon_core.package_identification:_identify(src) by extension 'ignore'
[2.396s] Level 1:colcon.colcon_core.package_identification:_identify(src) by extension 'ignore_ament_install'
[2.397s] Level 1:colcon.colcon_core.package_identification:_identify(src) by extensions ['colcon_pkg']
[2.398s] Level 1:colcon.colcon_core.package_identification:_identify(src) by extension 'colcon_pkg'
[2.398s] Level 1:colcon.colcon_core.package_identification:_identify(src) by extensions ['colcon_meta']
[2.399s] Level 1:colcon.colcon_core.package_identification:_identify(src) by extension 'colcon_meta'
[2.399s] Level 1:colcon.colcon_core.package_identification:_identify(src) by extensions ['ros']
[2.399s] Level 1:colcon.colcon_core.package_identification:_identify(src) by extension 'ros'
[2.400s] Level 1:colcon.colcon_core.package_identification:_identify(src) by extensions ['cmake', 'python']
[2.400s] Level 1:colcon.colcon_core.package_identification:_identify(src) by extension 'cmake'
[2.401s] Level 1:colcon.colcon_core.package_identification:_identify(src) by extension 'python'
[2.401s] Level 1:colcon.colcon_core.package_identification:_identify(src) by extensions ['python_setup_py']
[2.401s] Level 1:colcon.colcon_core.package_identification:_identify(src) by extension 'python_setup_py'
[2.402s] Level 1:colcon.colcon_core.package_identification:_identify(src/ros2_hik_camera) by extensions ['ignore', 'ignore_ament_install']
[2.403s] Level 1:colcon.colcon_core.package_identification:_identify(src/ros2_hik_camera) by extension 'ignore'
[2.403s] Level 1:colcon.colcon_core.package_identification:_identify(src/ros2_hik_camera) by extension 'ignore_ament_install'
[2.403s] Level 1:colcon.colcon_core.package_identification:_identify(src/ros2_hik_camera) by extensions ['colcon_pkg']
[2.404s] Level 1:colcon.colcon_core.package_identification:_identify(src/ros2_hik_camera) by extension 'colcon_pkg'
[2.404s] Level 1:colcon.colcon_core.package_identification:_identify(src/ros2_hik_camera) by extensions ['colcon_meta']
[2.404s] Level 1:colcon.colcon_core.package_identification:_identify(src/ros2_hik_camera) by extension 'colcon_meta'
[2.405s] Level 1:colcon.colcon_core.package_identification:_identify(src/ros2_hik_camera) by extensions ['ros']
[2.405s] Level 1:colcon.colcon_core.package_identification:_identify(src/ros2_hik_camera) by extension 'ros'
[2.428s] DEBUG:colcon.colcon_core.package_identification:Package 'src/ros2_hik_camera' with type 'ros.ament_cmake' and name 'hik_camera'
[2.429s] Level 1:colcon.colcon_core.package_identification:_identify(src/yq_dart_aim) by extensions ['ignore', 'ignore_ament_install']
[2.430s] Level 1:colcon.colcon_core.package_identification:_identify(src/yq_dart_aim) by extension 'ignore'
[2.431s] Level 1:colcon.colcon_core.package_identification:_identify(src/yq_dart_aim) by extension 'ignore_ament_install'
[2.431s] Level 1:colcon.colcon_core.package_identification:_identify(src/yq_dart_aim) by extensions ['colcon_pkg']
[2.431s] Level 1:colcon.colcon_core.package_identification:_identify(src/yq_dart_aim) by extension 'colcon_pkg'
[2.432s] Level 1:colcon.colcon_core.package_identification:_identify(src/yq_dart_aim) by extensions ['colcon_meta']
[2.432s] Level 1:colcon.colcon_core.package_identification:_identify(src/yq_dart_aim) by extension 'colcon_meta'
[2.432s] Level 1:colcon.colcon_core.package_identification:_identify(src/yq_dart_aim) by extensions ['ros']
[2.433s] Level 1:colcon.colcon_core.package_identification:_identify(src/yq_dart_aim) by extension 'ros'
[2.436s] DEBUG:colcon.colcon_core.package_identification:Package 'src/yq_dart_aim' with type 'ros.ament_cmake' and name 'yq_dart_aim'
[2.436s] Level 1:colcon.colcon_core.package_discovery:discover_packages(recursive) using defaults
[2.437s] Level 1:colcon.colcon_core.package_discovery:discover_packages(ignore) discover
[2.437s] Level 1:colcon.colcon_core.package_discovery:discover_packages(ignore) using defaults
[2.437s] Level 1:colcon.colcon_core.package_discovery:discover_packages(path) discover
[2.438s] Level 1:colcon.colcon_core.package_discovery:discover_packages(path) using defaults
[2.588s] Level 1:colcon.colcon_core.package_discovery:discover_packages(prefix_path) check parameters
[2.588s] Level 1:colcon.colcon_core.package_discovery:discover_packages(prefix_path) discover
[2.606s] DEBUG:colcon.colcon_installed_package_information.package_discovery:Found 2 installed packages in /root/dart_ws/install
[2.615s] DEBUG:colcon.colcon_installed_package_information.package_discovery:Found 279 installed packages in /opt/ros/humble
[2.639s] Level 1:colcon.colcon_core.package_discovery:discover_packages(prefix_path) using defaults
[3.063s] Level 5:colcon.colcon_core.verb:set package 'hik_camera' build argument 'cmake_args' from command line to 'None'
[3.064s] Level 5:colcon.colcon_core.verb:set package 'hik_camera' build argument 'cmake_target' from command line to 'None'
[3.064s] Level 5:colcon.colcon_core.verb:set package 'hik_camera' build argument 'cmake_target_skip_unavailable' from command line to 'False'
[3.064s] Level 5:colcon.colcon_core.verb:set package 'hik_camera' build argument 'cmake_clean_cache' from command line to 'False'
[3.064s] Level 5:colcon.colcon_core.verb:set package 'hik_camera' build argument 'cmake_clean_first' from command line to 'False'
[3.065s] Level 5:colcon.colcon_core.verb:set package 'hik_camera' build argument 'cmake_force_configure' from command line to 'False'
[3.065s] Level 5:colcon.colcon_core.verb:set package 'hik_camera' build argument 'ament_cmake_args' from command line to 'None'
[3.065s] Level 5:colcon.colcon_core.verb:set package 'hik_camera' build argument 'catkin_cmake_args' from command line to 'None'
[3.065s] Level 5:colcon.colcon_core.verb:set package 'hik_camera' build argument 'catkin_skip_building_tests' from command line to 'False'
[3.065s] DEBUG:colcon.colcon_core.verb:Building package 'hik_camera' with the following arguments: {'ament_cmake_args': None, 'build_base': '/root/dart_ws/build/hik_camera', 'catkin_cmake_args': None, 'catkin_skip_building_tests': False, 'cmake_args': None, 'cmake_clean_cache': False, 'cmake_clean_first': False, 'cmake_force_configure': False, 'cmake_target': None, 'cmake_target_skip_unavailable': False, 'install_base': '/root/dart_ws/install/hik_camera', 'merge_install': False, 'path': '/root/dart_ws/src/ros2_hik_camera', 'symlink_install': True, 'test_result_base': None}
[3.068s] Level 5:colcon.colcon_core.verb:set package 'yq_dart_aim' build argument 'cmake_args' from command line to 'None'
[3.069s] Level 5:colcon.colcon_core.verb:set package 'yq_dart_aim' build argument 'cmake_target' from command line to 'None'
[3.069s] Level 5:colcon.colcon_core.verb:set package 'yq_dart_aim' build argument 'cmake_target_skip_unavailable' from command line to 'False'
[3.069s] Level 5:colcon.colcon_core.verb:set package 'yq_dart_aim' build argument 'cmake_clean_cache' from command line to 'False'
[3.069s] Level 5:colcon.colcon_core.verb:set package 'yq_dart_aim' build argument 'cmake_clean_first' from command line to 'False'
[3.070s] Level 5:colcon.colcon_core.verb:set package 'yq_dart_aim' build argument 'cmake_force_configure' from command line to 'False'
[3.070s] Level 5:colcon.colcon_core.verb:set package 'yq_dart_aim' build argument 'ament_cmake_args' from command line to 'None'
[3.070s] Level 5:colcon.colcon_core.verb:set package 'yq_dart_aim' build argument 'catkin_cmake_args' from command line to 'None'
[3.070s] Level 5:colcon.colcon_core.verb:set package 'yq_dart_aim' build argument 'catkin_skip_building_tests' from command line to 'False'
[3.070s] DEBUG:colcon.colcon_core.verb:Building package 'yq_dart_aim' with the following arguments: {'ament_cmake_args': None, 'build_base': '/root/dart_ws/build/yq_dart_aim', 'catkin_cmake_args': None, 'catkin_skip_building_tests': False, 'cmake_args': None, 'cmake_clean_cache': False, 'cmake_clean_first': False, 'cmake_force_configure': False, 'cmake_target': None, 'cmake_target_skip_unavailable': False, 'install_base': '/root/dart_ws/install/yq_dart_aim', 'merge_install': False, 'path': '/root/dart_ws/src/yq_dart_aim', 'symlink_install': True, 'test_result_base': None}
[3.072s] INFO:colcon.colcon_core.executor:Executing jobs using 'parallel' executor
[3.080s] DEBUG:colcon.colcon_parallel_executor.executor.parallel:run_until_complete
[3.083s] INFO:colcon.colcon_ros.task.ament_cmake.build:Building ROS package in '/root/dart_ws/src/ros2_hik_camera' with build type 'ament_cmake'
[3.084s] INFO:colcon.colcon_cmake.task.cmake.build:Building CMake package in '/root/dart_ws/src/ros2_hik_camera'
[3.096s] INFO:colcon.colcon_core.plugin_system:Skipping extension 'colcon_core.shell.bat': Not used on non-Windows systems
[3.098s] INFO:colcon.colcon_core.shell:Skip shell extension 'powershell' for command environment: Not usable outside of PowerShell
[3.098s] DEBUG:colcon.colcon_core.shell:Skip shell extension 'dsv' for command environment
[3.123s] INFO:colcon.colcon_ros.task.ament_cmake.build:Building ROS package in '/root/dart_ws/src/yq_dart_aim' with build type 'ament_cmake'
[3.124s] INFO:colcon.colcon_cmake.task.cmake.build:Building CMake package in '/root/dart_ws/src/yq_dart_aim'
[3.126s] INFO:colcon.colcon_core.shell:Skip shell extension 'powershell' for command environment: Not usable outside of PowerShell
[3.127s] DEBUG:colcon.colcon_core.shell:Skip shell extension 'dsv' for command environment
[3.173s] DEBUG:colcon.colcon_core.event_handler.log_command:Invoking command in '/root/dart_ws/build/hik_camera': CMAKE_PREFIX_PATH=${CMAKE_PREFIX_PATH}:/opt/ros/humble /usr/bin/cmake --build /root/dart_ws/build/hik_camera -- -j8 -l8
[3.207s] DEBUG:colcon.colcon_core.event_handler.log_command:Invoking command in '/root/dart_ws/build/yq_dart_aim': CMAKE_PREFIX_PATH=${CMAKE_PREFIX_PATH}:/opt/ros/humble /usr/bin/cmake --build /root/dart_ws/build/yq_dart_aim -- -j8 -l8
[29.041s] DEBUG:colcon.colcon_core.event_handler.log_command:Invoked command in '/root/dart_ws/build/hik_camera' returned '0': CMAKE_PREFIX_PATH=${CMAKE_PREFIX_PATH}:/opt/ros/humble /usr/bin/cmake --build /root/dart_ws/build/hik_camera -- -j8 -l8
[29.097s] DEBUG:colcon.colcon_core.event_handler.log_command:Invoking command in '/root/dart_ws/build/hik_camera': CMAKE_PREFIX_PATH=${CMAKE_PREFIX_PATH}:/opt/ros/humble /usr/bin/cmake --install /root/dart_ws/build/hik_camera
[29.231s] Level 1:colcon.colcon_core.environment:create_environment_scripts_only(hik_camera)
[29.234s] DEBUG:colcon.colcon_core.event_handler.log_command:Invoked command in '/root/dart_ws/build/hik_camera' returned '0': CMAKE_PREFIX_PATH=${CMAKE_PREFIX_PATH}:/opt/ros/humble /usr/bin/cmake --install /root/dart_ws/build/hik_camera
[29.249s] Level 1:colcon.colcon_core.environment:checking '/root/dart_ws/install/hik_camera' for CMake module files
[29.253s] Level 1:colcon.colcon_core.environment:checking '/root/dart_ws/install/hik_camera' for CMake config files
[29.255s] Level 1:colcon.colcon_core.shell:create_environment_hook('hik_camera', 'cmake_prefix_path')
[29.258s] INFO:colcon.colcon_core.shell:Creating environment hook '/root/dart_ws/install/hik_camera/share/hik_camera/hook/cmake_prefix_path.ps1'
[29.262s] INFO:colcon.colcon_core.shell:Creating environment descriptor '/root/dart_ws/install/hik_camera/share/hik_camera/hook/cmake_prefix_path.dsv'
[29.265s] INFO:colcon.colcon_core.shell:Creating environment hook '/root/dart_ws/install/hik_camera/share/hik_camera/hook/cmake_prefix_path.sh'
[29.271s] Level 1:colcon.colcon_core.environment:checking '/root/dart_ws/install/hik_camera/lib'
[29.272s] Level 1:colcon.colcon_core.shell:create_environment_hook('hik_camera', 'ld_library_path_lib')
[29.274s] INFO:colcon.colcon_core.shell:Creating environment hook '/root/dart_ws/install/hik_camera/share/hik_camera/hook/ld_library_path_lib.ps1'
[29.277s] INFO:colcon.colcon_core.shell:Creating environment descriptor '/root/dart_ws/install/hik_camera/share/hik_camera/hook/ld_library_path_lib.dsv'
[29.280s] INFO:colcon.colcon_core.shell:Creating environment hook '/root/dart_ws/install/hik_camera/share/hik_camera/hook/ld_library_path_lib.sh'
[29.283s] Level 1:colcon.colcon_core.environment:checking '/root/dart_ws/install/hik_camera/bin'
[29.284s] Level 1:colcon.colcon_core.environment:checking '/root/dart_ws/install/hik_camera/lib/pkgconfig/hik_camera.pc'
[29.286s] Level 1:colcon.colcon_core.environment:checking '/root/dart_ws/install/hik_camera/lib/python3.10/site-packages'
[29.289s] Level 1:colcon.colcon_core.environment:checking '/root/dart_ws/install/hik_camera/bin'
[29.292s] INFO:colcon.colcon_core.shell:Creating package script '/root/dart_ws/install/hik_camera/share/hik_camera/package.ps1'
[29.298s] INFO:colcon.colcon_core.shell:Creating package descriptor '/root/dart_ws/install/hik_camera/share/hik_camera/package.dsv'
[29.303s] INFO:colcon.colcon_core.shell:Creating package script '/root/dart_ws/install/hik_camera/share/hik_camera/package.sh'
[29.308s] INFO:colcon.colcon_core.shell:Creating package script '/root/dart_ws/install/hik_camera/share/hik_camera/package.bash'
[29.314s] INFO:colcon.colcon_core.shell:Creating package script '/root/dart_ws/install/hik_camera/share/hik_camera/package.zsh'
[29.320s] Level 1:colcon.colcon_core.environment:create_file_with_runtime_dependencies(/root/dart_ws/install/hik_camera/share/colcon-core/packages/hik_camera)
[29.324s] Level 1:colcon.colcon_core.environment:create_environment_scripts_only(hik_camera)
[29.326s] Level 1:colcon.colcon_core.environment:checking '/root/dart_ws/install/hik_camera' for CMake module files
[29.330s] Level 1:colcon.colcon_core.environment:checking '/root/dart_ws/install/hik_camera' for CMake config files
[29.331s] Level 1:colcon.colcon_core.shell:create_environment_hook('hik_camera', 'cmake_prefix_path')
[29.333s] INFO:colcon.colcon_core.shell:Creating environment hook '/root/dart_ws/install/hik_camera/share/hik_camera/hook/cmake_prefix_path.ps1'
[29.336s] INFO:colcon.colcon_core.shell:Creating environment descriptor '/root/dart_ws/install/hik_camera/share/hik_camera/hook/cmake_prefix_path.dsv'
[29.339s] INFO:colcon.colcon_core.shell:Creating environment hook '/root/dart_ws/install/hik_camera/share/hik_camera/hook/cmake_prefix_path.sh'
[29.346s] Level 1:colcon.colcon_core.environment:checking '/root/dart_ws/install/hik_camera/lib'
[29.347s] Level 1:colcon.colcon_core.shell:create_environment_hook('hik_camera', 'ld_library_path_lib')
[29.350s] INFO:colcon.colcon_core.shell:Creating environment hook '/root/dart_ws/install/hik_camera/share/hik_camera/hook/ld_library_path_lib.ps1'
[29.353s] INFO:colcon.colcon_core.shell:Creating environment descriptor '/root/dart_ws/install/hik_camera/share/hik_camera/hook/ld_library_path_lib.dsv'
[29.356s] INFO:colcon.colcon_core.shell:Creating environment hook '/root/dart_ws/install/hik_camera/share/hik_camera/hook/ld_library_path_lib.sh'
[29.359s] Level 1:colcon.colcon_core.environment:checking '/root/dart_ws/install/hik_camera/bin'
[29.360s] Level 1:colcon.colcon_core.environment:checking '/root/dart_ws/install/hik_camera/lib/pkgconfig/hik_camera.pc'
[29.361s] Level 1:colcon.colcon_core.environment:checking '/root/dart_ws/install/hik_camera/lib/python3.10/site-packages'
[29.364s] Level 1:colcon.colcon_core.environment:checking '/root/dart_ws/install/hik_camera/bin'
[29.367s] INFO:colcon.colcon_core.shell:Creating package script '/root/dart_ws/install/hik_camera/share/hik_camera/package.ps1'
[29.372s] INFO:colcon.colcon_core.shell:Creating package descriptor '/root/dart_ws/install/hik_camera/share/hik_camera/package.dsv'
[29.379s] INFO:colcon.colcon_core.shell:Creating package script '/root/dart_ws/install/hik_camera/share/hik_camera/package.sh'
[29.383s] INFO:colcon.colcon_core.shell:Creating package script '/root/dart_ws/install/hik_camera/share/hik_camera/package.bash'
[29.386s] INFO:colcon.colcon_core.shell:Creating package script '/root/dart_ws/install/hik_camera/share/hik_camera/package.zsh'
[29.390s] Level 1:colcon.colcon_core.environment:create_file_with_runtime_dependencies(/root/dart_ws/install/hik_camera/share/colcon-core/packages/hik_camera)
[87.524s] DEBUG:colcon.colcon_core.event_handler.log_command:Invoked command in '/root/dart_ws/build/yq_dart_aim' returned '0': CMAKE_PREFIX_PATH=${CMAKE_PREFIX_PATH}:/opt/ros/humble /usr/bin/cmake --build /root/dart_ws/build/yq_dart_aim -- -j8 -l8
[87.533s] DEBUG:colcon.colcon_core.event_handler.log_command:Invoking command in '/root/dart_ws/build/yq_dart_aim': CMAKE_PREFIX_PATH=${CMAKE_PREFIX_PATH}:/opt/ros/humble /usr/bin/cmake --install /root/dart_ws/build/yq_dart_aim
[87.640s] Level 1:colcon.colcon_core.environment:create_environment_scripts_only(yq_dart_aim)
[87.642s] Level 1:colcon.colcon_core.environment:checking '/root/dart_ws/install/yq_dart_aim' for CMake module files
[87.645s] DEBUG:colcon.colcon_core.event_handler.log_command:Invoked command in '/root/dart_ws/build/yq_dart_aim' returned '0': CMAKE_PREFIX_PATH=${CMAKE_PREFIX_PATH}:/opt/ros/humble /usr/bin/cmake --install /root/dart_ws/build/yq_dart_aim
[87.648s] Level 1:colcon.colcon_core.environment:checking '/root/dart_ws/install/yq_dart_aim' for CMake config files
[87.649s] Level 1:colcon.colcon_core.shell:create_environment_hook('yq_dart_aim', 'cmake_prefix_path')
[87.651s] INFO:colcon.colcon_core.shell:Creating environment hook '/root/dart_ws/install/yq_dart_aim/share/yq_dart_aim/hook/cmake_prefix_path.ps1'
[87.654s] INFO:colcon.colcon_core.shell:Creating environment descriptor '/root/dart_ws/install/yq_dart_aim/share/yq_dart_aim/hook/cmake_prefix_path.dsv'
[87.657s] INFO:colcon.colcon_core.shell:Creating environment hook '/root/dart_ws/install/yq_dart_aim/share/yq_dart_aim/hook/cmake_prefix_path.sh'
[87.660s] Level 1:colcon.colcon_core.environment:checking '/root/dart_ws/install/yq_dart_aim/lib'
[87.661s] Level 1:colcon.colcon_core.environment:checking '/root/dart_ws/install/yq_dart_aim/bin'
[87.661s] Level 1:colcon.colcon_core.environment:checking '/root/dart_ws/install/yq_dart_aim/lib/pkgconfig/yq_dart_aim.pc'
[87.663s] Level 1:colcon.colcon_core.environment:checking '/root/dart_ws/install/yq_dart_aim/lib/python3.10/site-packages'
[87.665s] Level 1:colcon.colcon_core.environment:checking '/root/dart_ws/install/yq_dart_aim/bin'
[87.667s] INFO:colcon.colcon_core.shell:Creating package script '/root/dart_ws/install/yq_dart_aim/share/yq_dart_aim/package.ps1'
[87.670s] INFO:colcon.colcon_core.shell:Creating package descriptor '/root/dart_ws/install/yq_dart_aim/share/yq_dart_aim/package.dsv'
[87.673s] INFO:colcon.colcon_core.shell:Creating package script '/root/dart_ws/install/yq_dart_aim/share/yq_dart_aim/package.sh'
[87.677s] INFO:colcon.colcon_core.shell:Creating package script '/root/dart_ws/install/yq_dart_aim/share/yq_dart_aim/package.bash'
[87.680s] INFO:colcon.colcon_core.shell:Creating package script '/root/dart_ws/install/yq_dart_aim/share/yq_dart_aim/package.zsh'
[87.683s] Level 1:colcon.colcon_core.environment:create_file_with_runtime_dependencies(/root/dart_ws/install/yq_dart_aim/share/colcon-core/packages/yq_dart_aim)
[87.686s] Level 1:colcon.colcon_core.environment:create_environment_scripts_only(yq_dart_aim)
[87.688s] Level 1:colcon.colcon_core.environment:checking '/root/dart_ws/install/yq_dart_aim' for CMake module files
[87.691s] Level 1:colcon.colcon_core.environment:checking '/root/dart_ws/install/yq_dart_aim' for CMake config files
[87.692s] Level 1:colcon.colcon_core.shell:create_environment_hook('yq_dart_aim', 'cmake_prefix_path')
[87.694s] INFO:colcon.colcon_core.shell:Creating environment hook '/root/dart_ws/install/yq_dart_aim/share/yq_dart_aim/hook/cmake_prefix_path.ps1'
[87.696s] INFO:colcon.colcon_core.shell:Creating environment descriptor '/root/dart_ws/install/yq_dart_aim/share/yq_dart_aim/hook/cmake_prefix_path.dsv'
[87.699s] INFO:colcon.colcon_core.shell:Creating environment hook '/root/dart_ws/install/yq_dart_aim/share/yq_dart_aim/hook/cmake_prefix_path.sh'
[87.703s] Level 1:colcon.colcon_core.environment:checking '/root/dart_ws/install/yq_dart_aim/lib'
[87.704s] Level 1:colcon.colcon_core.environment:checking '/root/dart_ws/install/yq_dart_aim/bin'
[87.705s] Level 1:colcon.colcon_core.environment:checking '/root/dart_ws/install/yq_dart_aim/lib/pkgconfig/yq_dart_aim.pc'
[87.707s] Level 1:colcon.colcon_core.environment:checking '/root/dart_ws/install/yq_dart_aim/lib/python3.10/site-packages'
[87.710s] Level 1:colcon.colcon_core.environment:checking '/root/dart_ws/install/yq_dart_aim/bin'
[87.712s] INFO:colcon.colcon_core.shell:Creating package script '/root/dart_ws/install/yq_dart_aim/share/yq_dart_aim/package.ps1'
[87.715s] INFO:colcon.colcon_core.shell:Creating package descriptor '/root/dart_ws/install/yq_dart_aim/share/yq_dart_aim/package.dsv'
[87.719s] INFO:colcon.colcon_core.shell:Creating package script '/root/dart_ws/install/yq_dart_aim/share/yq_dart_aim/package.sh'
[87.722s] INFO:colcon.colcon_core.shell:Creating package script '/root/dart_ws/install/yq_dart_aim/share/yq_dart_aim/package.bash'
[87.724s] INFO:colcon.colcon_core.shell:Creating package script '/root/dart_ws/install/yq_dart_aim/share/yq_dart_aim/package.zsh'
[87.727s] Level 1:colcon.colcon_core.environment:create_file_with_runtime_dependencies(/root/dart_ws/install/yq_dart_aim/share/colcon-core/packages/yq_dart_aim)
[87.729s] DEBUG:colcon.colcon_parallel_executor.executor.parallel:closing loop
[87.730s] DEBUG:colcon.colcon_parallel_executor.executor.parallel:loop closed
[87.731s] DEBUG:colcon.colcon_parallel_executor.executor.parallel:run_until_complete finished with '0'
[87.731s] DEBUG:colcon.colcon_core.event_reactor:joining thread
[87.763s] INFO:colcon.colcon_core.plugin_system:Skipping extension 'colcon_notification.desktop_notification.notify_send': Could not find 'notify-send'
[87.764s] INFO:colcon.colcon_core.plugin_system:Skipping extension 'colcon_notification.desktop_notification.terminal_notifier': Not used on non-Darwin systems
[87.764s] INFO:colcon.colcon_core.plugin_system:Skipping extension 'colcon_notification.desktop_notification.win32': Not used on non-Windows systems
[87.765s] INFO:colcon.colcon_notification.desktop_notification:Sending desktop notification using 'notify2'
[112.793s] DEBUG:colcon.colcon_notification.desktop_notification.notify2:Failed to initialize notify2: org.freedesktop.DBus.Error.NoReply: Did not receive a reply. Possible causes include: the remote application did not send a reply, the message bus security policy blocked the reply, the reply timeout expired, or the network connection was broken.
[112.794s] DEBUG:colcon.colcon_core.event_reactor:joined thread
[112.796s] INFO:colcon.colcon_core.shell:Creating prefix script '/root/dart_ws/install/local_setup.ps1'
[112.801s] INFO:colcon.colcon_core.shell:Creating prefix util module '/root/dart_ws/install/_local_setup_util_ps1.py'
[112.811s] INFO:colcon.colcon_core.shell:Creating prefix chain script '/root/dart_ws/install/setup.ps1'
[112.819s] INFO:colcon.colcon_core.shell:Creating prefix script '/root/dart_ws/install/local_setup.sh'
[112.823s] INFO:colcon.colcon_core.shell:Creating prefix util module '/root/dart_ws/install/_local_setup_util_sh.py'
[112.827s] INFO:colcon.colcon_core.shell:Creating prefix chain script '/root/dart_ws/install/setup.sh'
[112.834s] INFO:colcon.colcon_core.shell:Creating prefix script '/root/dart_ws/install/local_setup.bash'
[112.837s] INFO:colcon.colcon_core.shell:Creating prefix chain script '/root/dart_ws/install/setup.bash'
[112.845s] INFO:colcon.colcon_core.shell:Creating prefix script '/root/dart_ws/install/local_setup.zsh'
[112.849s] INFO:colcon.colcon_core.shell:Creating prefix chain script '/root/dart_ws/install/setup.zsh'
