[INFO] [launch]: All log files can be found below /tmp/2026-09-22-21-14-40-813474-ubuntu-45957
[INFO] [launch]: Default logging verbosity is set to INFO
[INFO] [hik_camera_node-1]: process started with pid [45970]
[INFO] [dart_aim_node-2]: process started with pid [45972]
[INFO] [foxglove_bridge-3]: process started with pid [45974]
[hik_camera_node-1] [0m[INFO] [1790082881.156297860] [hik_camera]: Starting HikCameraNode![0m
[hik_camera_node-1] [0m[INFO] [1790082881.165875347] [hik_camera]: Found camera count = 1[0m
[foxglove_bridge-3] [INFO] [1790082881.228774494] [foxglove_bridge]: Starting foxglove_bridge (humble, 3.2.2@)
[foxglove_bridge-3] [INFO] [1790082881.234507345] [foxglove_bridge]: Server listening on port 8765
[foxglove_bridge-3] [INFO] [1790082881.238228148] [foxglove_bridge]: Advertising new channel 1 for topic "/rosout"
[foxglove_bridge-3] [INFO] [1790082881.239888528] [foxglove_bridge]: Advertising new channel 2 for topic "/parameter_events"
[foxglove_bridge-3] [INFO] [1790082881.776179387] [foxglove_bridge]: Advertising new channel 3 for topic "/serial"
[foxglove_bridge-3] [INFO] [1790082881.777302765] [foxglove_bridge]: Advertising new channel 4 for topic "/image_raw"
[foxglove_bridge-3] [INFO] [1790082881.777970767] [foxglove_bridge]: Advertising new channel 5 for topic "/model_debug/image_compressed"
[foxglove_bridge-3] [INFO] [1790082881.778104601] [foxglove_bridge]: Advertising new channel 6 for topic "/dart_debug/mask_compressed"
[foxglove_bridge-3] [INFO] [1790082881.778621769] [foxglove_bridge]: Advertising new channel 7 for topic "/serial_debug"
[foxglove_bridge-3] [INFO] [1790082881.778741186] [foxglove_bridge]: Advertising new channel 8 for topic "/dart_debug/image_compressed"
[foxglove_bridge-3] [INFO] [1790082881.779354980] [foxglove_bridge]: Advertising new channel 9 for topic "/dart_debug"
[dart_aim_node-2] [INFO] [1790082881.919935277] [model_backend_ort]: input [images] shape=[1,3,576,768]
[dart_aim_node-2] [INFO] [1790082881.920322986] [model_backend_ort]: output[/model.23/Transpose_output_0] shape=[1,9072,28]
[dart_aim_node-2] [INFO] [1790082881.920362528] [model_backend_ort]: ONNX Runtime model loaded: /root/dart_ws_on/src/yq_dart_aim/model/praysky_dart_576x768_cut.onnx
[dart_aim_node-2] [INFO] [1790082881.920610737] [dart_aim_node]: 模型模式已启用: /root/dart_ws_on/src/yq_dart_aim/model/praysky_dart_576x768_cut.onnx (输入 768x576)
[dart_aim_node-2] [INFO] [1790082881.921225989] [dart_aim_node]: DartAimNode started (p_err=8.000000, mode=model)
[hik_camera_node-1] [33m[WARN] [1790082882.801511958] [hik_camera]: Failed to set PixelFormat, keep camera default[0m
[hik_camera_node-1] [0m[INFO] [1790082882.801717750] [hik_camera]: Image format: 1280x1024 bgr8[0m
[hik_camera_node-1] [0m[INFO] [1790082882.804928093] [hik_camera]: Exposure time: 50000.000000[0m
[hik_camera_node-1] [0m[INFO] [1790082882.807920602] [hik_camera]: Gain: 8.000000[0m
[foxglove_bridge-3] [INFO] [1790082882.817979174] [foxglove_bridge]: Advertising new channel 10 for topic "/image_raw/compressed"
[foxglove_bridge-3] [INFO] [1790082882.820919682] [foxglove_bridge]: Advertising new channel 11 for topic "/camera_info"
[hik_camera_node-1] [0m[INFO] [1790082882.833223594] [hik_camera]: camera calibration URL: package://hik_camera/config/camera_info.yaml[0m
[hik_camera_node-1] [0m[INFO] [1790082882.836381604] [hik_camera]: Publishing image![0m
[dart_aim_node-2] [INFO] [1790082932.816164446] [dart_aim_node]: 录制话题已开启 (/debug_record/*)
[foxglove_bridge-3] [INFO] [1790082933.094150839] [foxglove_bridge]: Advertising new channel 12 for topic "/debug_record/image_compressed"
[foxglove_bridge-3] [INFO] [1790082933.094572048] [foxglove_bridge]: Advertising new channel 13 for topic "/debug_record/mask_compressed"
[dart_aim_node-2] [INFO] [1790082941.465551760] [dart_aim_node]: 录制话题已关闭 (/debug_record/*)
[foxglove_bridge-3] [INFO] [1790082941.623417496] [foxglove_bridge]: Removing channel 13 for topic "/debug_record/mask_compressed" (sensor_msgs/msg/CompressedImage)
[foxglove_bridge-3] [INFO] [1790082941.623741330] [foxglove_bridge]: Removing channel 12 for topic "/debug_record/image_compressed" (sensor_msgs/msg/CompressedImage)
[foxglove_bridge-3] [INFO] [1790083410.921470646] [foxglove_bridge]: received connection graph subscribe request
[foxglove_bridge-3] [INFO] [1790083411.148069086] [foxglove_bridge]: received subscribe request for channel 3 from client 1 (sink 1)
[foxglove_bridge-3] [INFO] [1790083411.153514310] [foxglove_bridge]: created ROS subscription on /serial (std_msgs/msg/Float32MultiArray) successfully for channel 3 (client 1, sink 1)
[foxglove_bridge-3] [INFO] [1790083411.221879255] [foxglove_bridge]: publishing connection graph
[foxglove_bridge-3] [INFO] [1790083411.934803668] [foxglove_bridge]: Client ID 1 is advertising "/move_base_simple/goal" (geometry_msgs/PoseStamped) on channel 1 with encoding "cdr"
[foxglove_bridge-3] [INFO] [1790083411.935289877] [foxglove_bridge]: Advertising new channel 14 for topic "/move_base_simple/goal"
[foxglove_bridge-3] [INFO] [1790083411.938037510] [foxglove_bridge]: publishing connection graph
[foxglove_bridge-3] [INFO] [1790083411.941652479] [foxglove_bridge]: Client ID 1 is advertising "/clicked_point" (geometry_msgs/PointStamped) on channel 2 with encoding "cdr"
[foxglove_bridge-3] [INFO] [1790083411.945926241] [foxglove_bridge]: Client ID 1 is advertising "/initialpose" (geometry_msgs/PoseWithCovarianceStamped) on channel 3 with encoding "cdr"
[foxglove_bridge-3] [INFO] [1790083411.950144712] [foxglove_bridge]: received subscribe request for channel 6 from client 1 (sink 1)
[foxglove_bridge-3] [INFO] [1790083411.956708355] [foxglove_bridge]: created ROS subscription on /dart_debug/mask_compressed (sensor_msgs/msg/CompressedImage) successfully for channel 6 (client 1, sink 1)
[foxglove_bridge-3] [INFO] [1790083411.958645986] [foxglove_bridge]: received subscribe request for channel 9 from client 1 (sink 1)
[foxglove_bridge-3] [INFO] [1790083411.963412124] [foxglove_bridge]: created ROS subscription on /dart_debug (geometry_msgs/msg/Point) successfully for channel 9 (client 1, sink 1)
[foxglove_bridge-3] [INFO] [1790083411.966253466] [foxglove_bridge]: received subscribe request for channel 8 from client 1 (sink 1)
[foxglove_bridge-3] [INFO] [1790083411.969231974] [foxglove_bridge]: created ROS subscription on /dart_debug/image_compressed (sensor_msgs/msg/CompressedImage) successfully for channel 8 (client 1, sink 1)
[foxglove_bridge-3] [INFO] [1790083412.440621610] [foxglove_bridge]: Advertising new channel 15 for topic "/initialpose"
[foxglove_bridge-3] [INFO] [1790083412.441598696] [foxglove_bridge]: Advertising new channel 16 for topic "/clicked_point"
[foxglove_bridge-3] [INFO] [1790083412.444362579] [foxglove_bridge]: publishing connection graph
