[0.042s] Invoking command in '/root/dart_ws/build/yq_dart_aim': CMAKE_PREFIX_PATH=${CMAKE_PREFIX_PATH}:/opt/ros/humble /usr/bin/cmake /root/dart_ws/src/yq_dart_aim -DAMENT_CMAKE_SYMLINK_INSTALL=1 -DCMAKE_INSTALL_PREFIX=/root/dart_ws/install/yq_dart_aim
[0.332s] -- The C compiler identification is GNU 11.2.0
[0.650s] -- The CXX compiler identification is GNU 11.2.0
[0.683s] -- Detecting C compiler ABI info
[1.054s] -- Detecting C compiler ABI info - done
[1.125s] -- Check for working C compiler: /usr/bin/cc - skipped
[1.126s] -- Detecting C compile features
[1.128s] -- Detecting C compile features - done
[1.143s] -- Detecting CXX compiler ABI info
[1.549s] -- Detecting CXX compiler ABI info - done
[1.643s] -- Check for working CXX compiler: /usr/bin/c++ - skipped
[1.644s] -- Detecting CXX compile features
[1.647s] -- Detecting CXX compile features - done
[1.657s] -- Found ament_cmake: 1.3.12 (/opt/ros/humble/share/ament_cmake/cmake)
[2.505s] -- Found Python3: /usr/bin/python3 (found version "3.10.12") found components: Interpreter 
[2.913s] -- Override CMake install command with custom implementation using symlinks instead of copying resources
[3.027s] -- Found rclcpp: 16.0.16 (/opt/ros/humble/share/rclcpp/cmake)
[3.198s] -- Found rosidl_generator_c: 3.1.7 (/opt/ros/humble/share/rosidl_generator_c/cmake)
[3.220s] -- Found rosidl_adapter: 3.1.7 (/opt/ros/humble/share/rosidl_adapter/cmake)
[3.260s] -- Found rosidl_generator_cpp: 3.1.7 (/opt/ros/humble/share/rosidl_generator_cpp/cmake)
[3.324s] -- Using all available rosidl_typesupport_c: rosidl_typesupport_fastrtps_c;rosidl_typesupport_introspection_c
[3.404s] -- Using all available rosidl_typesupport_cpp: rosidl_typesupport_fastrtps_cpp;rosidl_typesupport_introspection_cpp
[3.620s] -- Found rmw_implementation_cmake: 6.1.2 (/opt/ros/humble/share/rmw_implementation_cmake/cmake)
[3.630s] -- Found rmw_fastrtps_cpp: 6.2.9 (/opt/ros/humble/share/rmw_fastrtps_cpp/cmake)
[4.019s] -- Found OpenSSL: /usr/lib/aarch64-linux-gnu/libcrypto.so (found version "3.0.2")  
[4.146s] -- Found FastRTPS: /opt/ros/humble/include  
[4.320s] -- Using RMW implementation 'rmw_fastrtps_cpp' as default
[4.354s] -- Looking for pthread.h
[4.741s] -- Looking for pthread.h - found
[4.742s] -- Performing Test CMAKE_HAVE_LIBC_PTHREAD
[5.134s] -- Performing Test CMAKE_HAVE_LIBC_PTHREAD - Success
[5.139s] -- Found Threads: TRUE  
[5.442s] -- Found sensor_msgs: 4.9.0 (/opt/ros/humble/share/sensor_msgs/cmake)
[5.620s] -- Found cv_bridge: 3.2.1 (/opt/ros/humble/share/cv_bridge/cmake)
[5.683s] -- Found image_transport: 3.1.12 (/opt/ros/humble/share/image_transport/cmake)
[5.841s] -- Found OpenCV: /usr (found version "4.5.4") 
[6.231s] -- Configuring done
[6.298s] -- Generating done
[6.321s] -- Build files have been written to: /root/dart_ws/build/yq_dart_aim
[6.392s] Invoked command in '/root/dart_ws/build/yq_dart_aim' returned '0': CMAKE_PREFIX_PATH=${CMAKE_PREFIX_PATH}:/opt/ros/humble /usr/bin/cmake /root/dart_ws/src/yq_dart_aim -DAMENT_CMAKE_SYMLINK_INSTALL=1 -DCMAKE_INSTALL_PREFIX=/root/dart_ws/install/yq_dart_aim
[6.422s] Invoking command in '/root/dart_ws/build/yq_dart_aim': CMAKE_PREFIX_PATH=${CMAKE_PREFIX_PATH}:/opt/ros/humble /usr/bin/cmake --build /root/dart_ws/build/yq_dart_aim -- -j8 -l8
[6.667s] [ 50%] Building CXX object CMakeFiles/dart_aim_node.dir/src/dart_aim_node.cpp.o
[90.058s] [100%] Linking CXX executable dart_aim_node
[97.696s] [100%] Built target dart_aim_node
[97.754s] Invoked command in '/root/dart_ws/build/yq_dart_aim' returned '0': CMAKE_PREFIX_PATH=${CMAKE_PREFIX_PATH}:/opt/ros/humble /usr/bin/cmake --build /root/dart_ws/build/yq_dart_aim -- -j8 -l8
[97.815s] Invoking command in '/root/dart_ws/build/yq_dart_aim': CMAKE_PREFIX_PATH=${CMAKE_PREFIX_PATH}:/opt/ros/humble /usr/bin/cmake --install /root/dart_ws/build/yq_dart_aim
[97.857s] -- Install configuration: ""
[97.860s] -- Execute custom install script
[97.862s] -- Symlinking: /root/dart_ws/install/yq_dart_aim/lib/yq_dart_aim/dart_aim_node
[97.903s] -- Symlinking: /root/dart_ws/install/yq_dart_aim/share/yq_dart_aim/launch/MvSdkLog/CamCtrl_00.log
[97.945s] -- Symlinking: /root/dart_ws/install/yq_dart_aim/share/yq_dart_aim/launch/MvSdkLog/USB3_00.log
[97.991s] -- Symlinking: /root/dart_ws/install/yq_dart_aim/share/yq_dart_aim/launch/MvSdkLog/USB3_01.log
[98.038s] -- Symlinking: /root/dart_ws/install/yq_dart_aim/share/yq_dart_aim/launch/start.launch.py
[98.091s] -- Symlinking: /root/dart_ws/install/yq_dart_aim/share/yq_dart_aim/config/params.yaml
[98.139s] -- Symlinking: /root/dart_ws/install/yq_dart_aim/share/ament_index/resource_index/package_run_dependencies/yq_dart_aim
[98.186s] -- Symlinking: /root/dart_ws/install/yq_dart_aim/share/ament_index/resource_index/parent_prefix_path/yq_dart_aim
[98.237s] -- Symlinking: /root/dart_ws/install/yq_dart_aim/share/yq_dart_aim/environment/ament_prefix_path.sh
[98.283s] -- Symlinking: /root/dart_ws/install/yq_dart_aim/share/yq_dart_aim/environment/ament_prefix_path.dsv
[98.332s] -- Symlinking: /root/dart_ws/install/yq_dart_aim/share/yq_dart_aim/environment/path.sh
[98.380s] -- Symlinking: /root/dart_ws/install/yq_dart_aim/share/yq_dart_aim/environment/path.dsv
[98.431s] -- Symlinking: /root/dart_ws/install/yq_dart_aim/share/yq_dart_aim/local_setup.bash
[98.478s] -- Symlinking: /root/dart_ws/install/yq_dart_aim/share/yq_dart_aim/local_setup.sh
[98.528s] -- Symlinking: /root/dart_ws/install/yq_dart_aim/share/yq_dart_aim/local_setup.zsh
[98.577s] -- Symlinking: /root/dart_ws/install/yq_dart_aim/share/yq_dart_aim/local_setup.dsv
[98.629s] -- Symlinking: /root/dart_ws/install/yq_dart_aim/share/yq_dart_aim/package.dsv
[98.679s] -- Symlinking: /root/dart_ws/install/yq_dart_aim/share/ament_index/resource_index/packages/yq_dart_aim
[98.725s] -- Symlinking: /root/dart_ws/install/yq_dart_aim/share/yq_dart_aim/cmake/yq_dart_aimConfig.cmake
[98.771s] -- Symlinking: /root/dart_ws/install/yq_dart_aim/share/yq_dart_aim/cmake/yq_dart_aimConfig-version.cmake
[98.816s] -- Symlinking: /root/dart_ws/install/yq_dart_aim/share/yq_dart_aim/package.xml
[98.879s] Invoked command in '/root/dart_ws/build/yq_dart_aim' returned '0': CMAKE_PREFIX_PATH=${CMAKE_PREFIX_PATH}:/opt/ros/humble /usr/bin/cmake --install /root/dart_ws/build/yq_dart_aim
