[0.078s] Invoking command in '/root/dart_ws/build/yq_dart_aim': CMAKE_PREFIX_PATH=${CMAKE_PREFIX_PATH}:/opt/ros/humble /usr/bin/cmake --build /root/dart_ws/build/yq_dart_aim -- -j8 -l8
[0.370s] Consolidate compiler generated dependencies of target dart_aim_node
[0.459s] [ 50%] Building CXX object CMakeFiles/dart_aim_node.dir/src/dart_aim_node.cpp.o
[108.857s] [100%] Linking CXX executable dart_aim_node
[116.708s] [100%] Built target dart_aim_node
[116.772s] Invoked command in '/root/dart_ws/build/yq_dart_aim' returned '0': CMAKE_PREFIX_PATH=${CMAKE_PREFIX_PATH}:/opt/ros/humble /usr/bin/cmake --build /root/dart_ws/build/yq_dart_aim -- -j8 -l8
[116.837s] Invoking command in '/root/dart_ws/build/yq_dart_aim': CMAKE_PREFIX_PATH=${CMAKE_PREFIX_PATH}:/opt/ros/humble /usr/bin/cmake --install /root/dart_ws/build/yq_dart_aim
[116.886s] -- Install configuration: ""
[116.889s] -- Execute custom install script
[116.891s] -- Up-to-date symlink: /root/dart_ws/install/yq_dart_aim/lib/yq_dart_aim/dart_aim_node
[116.897s] -- Up-to-date symlink: /root/dart_ws/install/yq_dart_aim/share/yq_dart_aim/launch/MvSdkLog/CamCtrl_00.log
[116.900s] -- Up-to-date symlink: /root/dart_ws/install/yq_dart_aim/share/yq_dart_aim/launch/MvSdkLog/USB3_00.log
[116.902s] -- Up-to-date symlink: /root/dart_ws/install/yq_dart_aim/share/yq_dart_aim/launch/MvSdkLog/USB3_01.log
[116.903s] -- Up-to-date symlink: /root/dart_ws/install/yq_dart_aim/share/yq_dart_aim/launch/start.launch.py
[116.904s] -- Up-to-date symlink: /root/dart_ws/install/yq_dart_aim/share/yq_dart_aim/config/params.yaml
[116.905s] -- Up-to-date symlink: /root/dart_ws/install/yq_dart_aim/share/ament_index/resource_index/package_run_dependencies/yq_dart_aim
[116.908s] -- Up-to-date symlink: /root/dart_ws/install/yq_dart_aim/share/ament_index/resource_index/parent_prefix_path/yq_dart_aim
[116.909s] -- Up-to-date symlink: /root/dart_ws/install/yq_dart_aim/share/yq_dart_aim/environment/ament_prefix_path.sh
[116.910s] -- Up-to-date symlink: /root/dart_ws/install/yq_dart_aim/share/yq_dart_aim/environment/ament_prefix_path.dsv
[116.910s] -- Up-to-date symlink: /root/dart_ws/install/yq_dart_aim/share/yq_dart_aim/environment/path.sh
[116.911s] -- Up-to-date symlink: /root/dart_ws/install/yq_dart_aim/share/yq_dart_aim/environment/path.dsv
[116.914s] -- Up-to-date symlink: /root/dart_ws/install/yq_dart_aim/share/yq_dart_aim/local_setup.bash
[116.915s] -- Up-to-date symlink: /root/dart_ws/install/yq_dart_aim/share/yq_dart_aim/local_setup.sh
[116.916s] -- Up-to-date symlink: /root/dart_ws/install/yq_dart_aim/share/yq_dart_aim/local_setup.zsh
[116.917s] -- Up-to-date symlink: /root/dart_ws/install/yq_dart_aim/share/yq_dart_aim/local_setup.dsv
[116.918s] -- Symlinking: /root/dart_ws/install/yq_dart_aim/share/yq_dart_aim/package.dsv
[116.967s] -- Up-to-date symlink: /root/dart_ws/install/yq_dart_aim/share/ament_index/resource_index/packages/yq_dart_aim
[116.970s] -- Up-to-date symlink: /root/dart_ws/install/yq_dart_aim/share/yq_dart_aim/cmake/yq_dart_aimConfig.cmake
[116.972s] -- Up-to-date symlink: /root/dart_ws/install/yq_dart_aim/share/yq_dart_aim/cmake/yq_dart_aimConfig-version.cmake
[116.973s] -- Up-to-date symlink: /root/dart_ws/install/yq_dart_aim/share/yq_dart_aim/package.xml
[116.983s] Invoked command in '/root/dart_ws/build/yq_dart_aim' returned '0': CMAKE_PREFIX_PATH=${CMAKE_PREFIX_PATH}:/opt/ros/humble /usr/bin/cmake --install /root/dart_ws/build/yq_dart_aim
