[0.579s] DEBUG:colcon:Command line arguments: ['/usr/bin/colcon', 'build', '--cmake-clean-first', '--symlink-install']
[0.579s] DEBUG:colcon:Parsed command line arguments: Namespace(log_base=None, log_level=None, verb_name='build', build_base='build', install_base='install', merge_install=False, symlink_install=True, test_result_base=None, continue_on_error=False, executor='parallel', parallel_workers=8, event_handlers=None, ignore_user_meta=False, metas=['./colcon.meta'], base_paths=['.'], packages_ignore=None, packages_ignore_regex=None, paths=None, packages_up_to=None, packages_up_to_regex=None, packages_above=None, packages_above_and_dependencies=None, packages_above_depth=None, packages_select_by_dep=None, packages_skip_by_dep=None, packages_skip_up_to=None, packages_select_build_failed=False, packages_skip_build_finished=False, packages_select_test_failures=False, packages_skip_test_passed=False, packages_select=None, packages_skip=None, packages_select_regex=None, packages_skip_regex=None, packages_start=None, packages_end=None, allow_overriding=[], cmake_args=None, cmake_target=None, cmake_target_skip_unavailable=False, cmake_clean_cache=False, cmake_clean_first=True, cmake_force_configure=False, ament_cmake_args=None, catkin_cmake_args=None, catkin_skip_building_tests=False, verb_parser=<colcon_defaults.argument_parser.defaults.DefaultArgumentsDecorator object at 0xffffb6203910>, verb_extension=<colcon_core.verb.build.BuildVerb object at 0xffffb6203070>, main=<bound method BuildVerb.main of <colcon_core.verb.build.BuildVerb object at 0xffffb6203070>>)
[1.790s] Level 1:colcon.colcon_core.package_discovery:discover_packages(colcon_meta) check parameters
[1.791s] Level 1:colcon.colcon_core.package_discovery:discover_packages(recursive) check parameters
[1.791s] Level 1:colcon.colcon_core.package_discovery:discover_packages(ignore) check parameters
[1.791s] Level 1:colcon.colcon_core.package_discovery:discover_packages(path) check parameters
[1.791s] Level 1:colcon.colcon_core.package_discovery:discover_packages(colcon_meta) discover
[1.791s] Level 1:colcon.colcon_core.package_discovery:discover_packages(recursive) discover
[1.792s] INFO:colcon.colcon_core.package_discovery:Crawling recursively for packages in '/root/dart_ws'
[1.792s] Level 1:colcon.colcon_core.package_identification:_identify(.) by extensions ['ignore', 'ignore_ament_install']
[1.792s] Level 1:colcon.colcon_core.package_identification:_identify(.) by extension 'ignore'
[1.793s] Level 1:colcon.colcon_core.package_identification:_identify(.) by extension 'ignore_ament_install'
[1.793s] Level 1:colcon.colcon_core.package_identification:_identify(.) by extensions ['colcon_pkg']
[1.793s] Level 1:colcon.colcon_core.package_identification:_identify(.) by extension 'colcon_pkg'
[1.794s] Level 1:colcon.colcon_core.package_identification:_identify(.) by extensions ['colcon_meta']
[1.794s] Level 1:colcon.colcon_core.package_identification:_identify(.) by extension 'colcon_meta'
[1.794s] Level 1:colcon.colcon_core.package_identification:_identify(.) by extensions ['ros']
[1.794s] Level 1:colcon.colcon_core.package_identification:_identify(.) by extension 'ros'
[1.870s] Level 1:colcon.colcon_core.package_identification:_identify(.) by extensions ['cmake', 'python']
[1.870s] Level 1:colcon.colcon_core.package_identification:_identify(.) by extension 'cmake'
[1.871s] Level 1:colcon.colcon_core.package_identification:_identify(.) by extension 'python'
[1.871s] Level 1:colcon.colcon_core.package_identification:_identify(.) by extensions ['python_setup_py']
[1.871s] Level 1:colcon.colcon_core.package_identification:_identify(.) by extension 'python_setup_py'
[1.872s] Level 1:colcon.colcon_core.package_identification:_identify(build) by extensions ['ignore', 'ignore_ament_install']
[1.872s] Level 1:colcon.colcon_core.package_identification:_identify(build) by extension 'ignore'
[1.873s] Level 1:colcon.colcon_core.package_identification:_identify(build) ignored
[1.873s] Level 1:colcon.colcon_core.package_identification:_identify(install) by extensions ['ignore', 'ignore_ament_install']
[1.874s] Level 1:colcon.colcon_core.package_identification:_identify(install) by extension 'ignore'
[1.874s] Level 1:colcon.colcon_core.package_identification:_identify(install) ignored
[1.874s] Level 1:colcon.colcon_core.package_identification:_identify(log) by extensions ['ignore', 'ignore_ament_install']
[1.875s] Level 1:colcon.colcon_core.package_identification:_identify(log) by extension 'ignore'
[1.875s] Level 1:colcon.colcon_core.package_identification:_identify(log) ignored
[1.876s] Level 1:colcon.colcon_core.package_identification:_identify(src) by extensions ['ignore', 'ignore_ament_install']
[1.877s] Level 1:colcon.colcon_core.package_identification:_identify(src) by extension 'ignore'
[1.877s] Level 1:colcon.colcon_core.package_identification:_identify(src) by extension 'ignore_ament_install'
[1.877s] Level 1:colcon.colcon_core.package_identification:_identify(src) by extensions ['colcon_pkg']
[1.877s] Level 1:colcon.colcon_core.package_identification:_identify(src) by extension 'colcon_pkg'
[1.878s] Level 1:colcon.colcon_core.package_identification:_identify(src) by extensions ['colcon_meta']
[1.878s] Level 1:colcon.colcon_core.package_identification:_identify(src) by extension 'colcon_meta'
[1.878s] Level 1:colcon.colcon_core.package_identification:_identify(src) by extensions ['ros']
[1.878s] Level 1:colcon.colcon_core.package_identification:_identify(src) by extension 'ros'
[1.879s] Level 1:colcon.colcon_core.package_identification:_identify(src) by extensions ['cmake', 'python']
[1.879s] Level 1:colcon.colcon_core.package_identification:_identify(src) by extension 'cmake'
[1.879s] Level 1:colcon.colcon_core.package_identification:_identify(src) by extension 'python'
[1.879s] Level 1:colcon.colcon_core.package_identification:_identify(src) by extensions ['python_setup_py']
[1.880s] Level 1:colcon.colcon_core.package_identification:_identify(src) by extension 'python_setup_py'
[1.880s] Level 1:colcon.colcon_core.package_identification:_identify(src/ros2_hik_camera) by extensions ['ignore', 'ignore_ament_install']
[1.881s] Level 1:colcon.colcon_core.package_identification:_identify(src/ros2_hik_camera) by extension 'ignore'
[1.881s] Level 1:colcon.colcon_core.package_identification:_identify(src/ros2_hik_camera) by extension 'ignore_ament_install'
[1.881s] Level 1:colcon.colcon_core.package_identification:_identify(src/ros2_hik_camera) by extensions ['colcon_pkg']
[1.882s] Level 1:colcon.colcon_core.package_identification:_identify(src/ros2_hik_camera) by extension 'colcon_pkg'
[1.882s] Level 1:colcon.colcon_core.package_identification:_identify(src/ros2_hik_camera) by extensions ['colcon_meta']
[1.882s] Level 1:colcon.colcon_core.package_identification:_identify(src/ros2_hik_camera) by extension 'colcon_meta'
[1.882s] Level 1:colcon.colcon_core.package_identification:_identify(src/ros2_hik_camera) by extensions ['ros']
[1.882s] Level 1:colcon.colcon_core.package_identification:_identify(src/ros2_hik_camera) by extension 'ros'
[1.901s] DEBUG:colcon.colcon_core.package_identification:Package 'src/ros2_hik_camera' with type 'ros.ament_cmake' and name 'hik_camera'
[1.903s] Level 1:colcon.colcon_core.package_identification:_identify(src/yq_dart_aim) by extensions ['ignore', 'ignore_ament_install']
[1.903s] Level 1:colcon.colcon_core.package_identification:_identify(src/yq_dart_aim) by extension 'ignore'
[1.903s] Level 1:colcon.colcon_core.package_identification:_identify(src/yq_dart_aim) by extension 'ignore_ament_install'
[1.904s] Level 1:colcon.colcon_core.package_identification:_identify(src/yq_dart_aim) by extensions ['colcon_pkg']
[1.904s] Level 1:colcon.colcon_core.package_identification:_identify(src/yq_dart_aim) by extension 'colcon_pkg'
[1.904s] Level 1:colcon.colcon_core.package_identification:_identify(src/yq_dart_aim) by extensions ['colcon_meta']
[1.905s] Level 1:colcon.colcon_core.package_identification:_identify(src/yq_dart_aim) by extension 'colcon_meta'
[1.905s] Level 1:colcon.colcon_core.package_identification:_identify(src/yq_dart_aim) by extensions ['ros']
[1.905s] Level 1:colcon.colcon_core.package_identification:_identify(src/yq_dart_aim) by extension 'ros'
[1.908s] DEBUG:colcon.colcon_core.package_identification:Package 'src/yq_dart_aim' with type 'ros.ament_cmake' and name 'yq_dart_aim'
[1.909s] Level 1:colcon.colcon_core.package_discovery:discover_packages(recursive) using defaults
[1.909s] Level 1:colcon.colcon_core.package_discovery:discover_packages(ignore) discover
[1.909s] Level 1:colcon.colcon_core.package_discovery:discover_packages(ignore) using defaults
[1.909s] Level 1:colcon.colcon_core.package_discovery:discover_packages(path) discover
[1.910s] Level 1:colcon.colcon_core.package_discovery:discover_packages(path) using defaults
[2.033s] Level 1:colcon.colcon_core.package_discovery:discover_packages(prefix_path) check parameters
[2.033s] Level 1:colcon.colcon_core.package_discovery:discover_packages(prefix_path) discover
[2.051s] DEBUG:colcon.colcon_installed_package_information.package_discovery:Found 279 installed packages in /opt/ros/humble
[2.068s] Level 1:colcon.colcon_core.package_discovery:discover_packages(prefix_path) using defaults
[2.406s] Level 5:colcon.colcon_core.verb:set package 'hik_camera' build argument 'cmake_args' from command line to 'None'
[2.406s] Level 5:colcon.colcon_core.verb:set package 'hik_camera' build argument 'cmake_target' from command line to 'None'
[2.406s] Level 5:colcon.colcon_core.verb:set package 'hik_camera' build argument 'cmake_target_skip_unavailable' from command line to 'False'
[2.406s] Level 5:colcon.colcon_core.verb:set package 'hik_camera' build argument 'cmake_clean_cache' from command line to 'False'
[2.407s] Level 5:colcon.colcon_core.verb:set package 'hik_camera' build argument 'cmake_clean_first' from command line to 'True'
[2.407s] Level 5:colcon.colcon_core.verb:set package 'hik_camera' build argument 'cmake_force_configure' from command line to 'False'
[2.407s] Level 5:colcon.colcon_core.verb:set package 'hik_camera' build argument 'ament_cmake_args' from command line to 'None'
[2.407s] Level 5:colcon.colcon_core.verb:set package 'hik_camera' build argument 'catkin_cmake_args' from command line to 'None'
[2.407s] Level 5:colcon.colcon_core.verb:set package 'hik_camera' build argument 'catkin_skip_building_tests' from command line to 'False'
[2.408s] DEBUG:colcon.colcon_core.verb:Building package 'hik_camera' with the following arguments: {'ament_cmake_args': None, 'build_base': '/root/dart_ws/build/hik_camera', 'catkin_cmake_args': None, 'catkin_skip_building_tests': False, 'cmake_args': None, 'cmake_clean_cache': False, 'cmake_clean_first': True, 'cmake_force_configure': False, 'cmake_target': None, 'cmake_target_skip_unavailable': False, 'install_base': '/root/dart_ws/install/hik_camera', 'merge_install': False, 'path': '/root/dart_ws/src/ros2_hik_camera', 'symlink_install': True, 'test_result_base': None}
[2.410s] Level 5:colcon.colcon_core.verb:set package 'yq_dart_aim' build argument 'cmake_args' from command line to 'None'
[2.410s] Level 5:colcon.colcon_core.verb:set package 'yq_dart_aim' build argument 'cmake_target' from command line to 'None'
[2.410s] Level 5:colcon.colcon_core.verb:set package 'yq_dart_aim' build argument 'cmake_target_skip_unavailable' from command line to 'False'
[2.410s] Level 5:colcon.colcon_core.verb:set package 'yq_dart_aim' build argument 'cmake_clean_cache' from command line to 'False'
[2.411s] Level 5:colcon.colcon_core.verb:set package 'yq_dart_aim' build argument 'cmake_clean_first' from command line to 'True'
[2.411s] Level 5:colcon.colcon_core.verb:set package 'yq_dart_aim' build argument 'cmake_force_configure' from command line to 'False'
[2.411s] Level 5:colcon.colcon_core.verb:set package 'yq_dart_aim' build argument 'ament_cmake_args' from command line to 'None'
[2.411s] Level 5:colcon.colcon_core.verb:set package 'yq_dart_aim' build argument 'catkin_cmake_args' from command line to 'None'
[2.411s] Level 5:colcon.colcon_core.verb:set package 'yq_dart_aim' build argument 'catkin_skip_building_tests' from command line to 'False'
[2.411s] DEBUG:colcon.colcon_core.verb:Building package 'yq_dart_aim' with the following arguments: {'ament_cmake_args': None, 'build_base': '/root/dart_ws/build/yq_dart_aim', 'catkin_cmake_args': None, 'catkin_skip_building_tests': False, 'cmake_args': None, 'cmake_clean_cache': False, 'cmake_clean_first': True, 'cmake_force_configure': False, 'cmake_target': None, 'cmake_target_skip_unavailable': False, 'install_base': '/root/dart_ws/install/yq_dart_aim', 'merge_install': False, 'path': '/root/dart_ws/src/yq_dart_aim', 'symlink_install': True, 'test_result_base': None}
[2.412s] INFO:colcon.colcon_core.executor:Executing jobs using 'parallel' executor
[2.417s] DEBUG:colcon.colcon_parallel_executor.executor.parallel:run_until_complete
[2.418s] INFO:colcon.colcon_ros.task.ament_cmake.build:Building ROS package in '/root/dart_ws/src/ros2_hik_camera' with build type 'ament_cmake'
[2.419s] INFO:colcon.colcon_cmake.task.cmake.build:Building CMake package in '/root/dart_ws/src/ros2_hik_camera'
[2.434s] INFO:colcon.colcon_core.plugin_system:Skipping extension 'colcon_core.shell.bat': Not used on non-Windows systems
[2.436s] INFO:colcon.colcon_core.shell:Skip shell extension 'powershell' for command environment: Not usable outside of PowerShell
[2.436s] DEBUG:colcon.colcon_core.shell:Skip shell extension 'dsv' for command environment
[2.453s] INFO:colcon.colcon_ros.task.ament_cmake.build:Building ROS package in '/root/dart_ws/src/yq_dart_aim' with build type 'ament_cmake'
[2.454s] INFO:colcon.colcon_cmake.task.cmake.build:Building CMake package in '/root/dart_ws/src/yq_dart_aim'
[2.456s] INFO:colcon.colcon_core.shell:Skip shell extension 'powershell' for command environment: Not usable outside of PowerShell
[2.457s] DEBUG:colcon.colcon_core.shell:Skip shell extension 'dsv' for command environment
[2.488s] DEBUG:colcon.colcon_core.event_handler.log_command:Invoking command in '/root/dart_ws/build/hik_camera': CMAKE_PREFIX_PATH=/opt/ros/humble /usr/bin/cmake --build /root/dart_ws/build/hik_camera --clean-first -- -j8 -l8
[2.514s] DEBUG:colcon.colcon_core.event_handler.log_command:Invoking command in '/root/dart_ws/build/yq_dart_aim': CMAKE_PREFIX_PATH=/opt/ros/humble /usr/bin/cmake --build /root/dart_ws/build/yq_dart_aim --clean-first -- -j8 -l8
[26.642s] DEBUG:colcon.colcon_core.event_handler.log_command:Invoked command in '/root/dart_ws/build/hik_camera' returned '0': CMAKE_PREFIX_PATH=/opt/ros/humble /usr/bin/cmake --build /root/dart_ws/build/hik_camera --clean-first -- -j8 -l8
[26.709s] DEBUG:colcon.colcon_core.event_handler.log_command:Invoking command in '/root/dart_ws/build/hik_camera': CMAKE_PREFIX_PATH=/opt/ros/humble /usr/bin/cmake --install /root/dart_ws/build/hik_camera
[26.861s] Level 1:colcon.colcon_core.environment:create_environment_scripts_only(hik_camera)
[26.863s] DEBUG:colcon.colcon_core.event_handler.log_command:Invoked command in '/root/dart_ws/build/hik_camera' returned '0': CMAKE_PREFIX_PATH=/opt/ros/humble /usr/bin/cmake --install /root/dart_ws/build/hik_camera
[26.902s] Level 1:colcon.colcon_core.environment:checking '/root/dart_ws/install/hik_camera' for CMake module files
[26.906s] Level 1:colcon.colcon_core.environment:checking '/root/dart_ws/install/hik_camera' for CMake config files
[26.907s] Level 1:colcon.colcon_core.shell:create_environment_hook('hik_camera', 'cmake_prefix_path')
[26.909s] INFO:colcon.colcon_core.shell:Creating environment hook '/root/dart_ws/install/hik_camera/share/hik_camera/hook/cmake_prefix_path.ps1'
[26.914s] INFO:colcon.colcon_core.shell:Creating environment descriptor '/root/dart_ws/install/hik_camera/share/hik_camera/hook/cmake_prefix_path.dsv'
[26.918s] INFO:colcon.colcon_core.shell:Creating environment hook '/root/dart_ws/install/hik_camera/share/hik_camera/hook/cmake_prefix_path.sh'
[26.924s] Level 1:colcon.colcon_core.environment:checking '/root/dart_ws/install/hik_camera/lib'
[26.925s] Level 1:colcon.colcon_core.shell:create_environment_hook('hik_camera', 'ld_library_path_lib')
[26.926s] INFO:colcon.colcon_core.shell:Creating environment hook '/root/dart_ws/install/hik_camera/share/hik_camera/hook/ld_library_path_lib.ps1'
[26.929s] INFO:colcon.colcon_core.shell:Creating environment descriptor '/root/dart_ws/install/hik_camera/share/hik_camera/hook/ld_library_path_lib.dsv'
[26.931s] INFO:colcon.colcon_core.shell:Creating environment hook '/root/dart_ws/install/hik_camera/share/hik_camera/hook/ld_library_path_lib.sh'
[26.934s] Level 1:colcon.colcon_core.environment:checking '/root/dart_ws/install/hik_camera/bin'
[26.934s] Level 1:colcon.colcon_core.environment:checking '/root/dart_ws/install/hik_camera/lib/pkgconfig/hik_camera.pc'
[26.936s] Level 1:colcon.colcon_core.environment:checking '/root/dart_ws/install/hik_camera/lib/python3.10/site-packages'
[26.939s] Level 1:colcon.colcon_core.environment:checking '/root/dart_ws/install/hik_camera/bin'
[26.942s] INFO:colcon.colcon_core.shell:Creating package script '/root/dart_ws/install/hik_camera/share/hik_camera/package.ps1'
[26.949s] INFO:colcon.colcon_core.shell:Creating package descriptor '/root/dart_ws/install/hik_camera/share/hik_camera/package.dsv'
[26.953s] INFO:colcon.colcon_core.shell:Creating package script '/root/dart_ws/install/hik_camera/share/hik_camera/package.sh'
[26.959s] INFO:colcon.colcon_core.shell:Creating package script '/root/dart_ws/install/hik_camera/share/hik_camera/package.bash'
[26.965s] INFO:colcon.colcon_core.shell:Creating package script '/root/dart_ws/install/hik_camera/share/hik_camera/package.zsh'
[26.971s] Level 1:colcon.colcon_core.environment:create_file_with_runtime_dependencies(/root/dart_ws/install/hik_camera/share/colcon-core/packages/hik_camera)
[26.976s] Level 1:colcon.colcon_core.environment:create_environment_scripts_only(hik_camera)
[26.978s] Level 1:colcon.colcon_core.environment:checking '/root/dart_ws/install/hik_camera' for CMake module files
[26.981s] Level 1:colcon.colcon_core.environment:checking '/root/dart_ws/install/hik_camera' for CMake config files
[26.982s] Level 1:colcon.colcon_core.shell:create_environment_hook('hik_camera', 'cmake_prefix_path')
[26.984s] INFO:colcon.colcon_core.shell:Creating environment hook '/root/dart_ws/install/hik_camera/share/hik_camera/hook/cmake_prefix_path.ps1'
[26.987s] INFO:colcon.colcon_core.shell:Creating environment descriptor '/root/dart_ws/install/hik_camera/share/hik_camera/hook/cmake_prefix_path.dsv'
[26.989s] INFO:colcon.colcon_core.shell:Creating environment hook '/root/dart_ws/install/hik_camera/share/hik_camera/hook/cmake_prefix_path.sh'
[26.993s] Level 1:colcon.colcon_core.environment:checking '/root/dart_ws/install/hik_camera/lib'
[26.993s] Level 1:colcon.colcon_core.shell:create_environment_hook('hik_camera', 'ld_library_path_lib')
[26.995s] INFO:colcon.colcon_core.shell:Creating environment hook '/root/dart_ws/install/hik_camera/share/hik_camera/hook/ld_library_path_lib.ps1'
[26.997s] INFO:colcon.colcon_core.shell:Creating environment descriptor '/root/dart_ws/install/hik_camera/share/hik_camera/hook/ld_library_path_lib.dsv'
[27.000s] INFO:colcon.colcon_core.shell:Creating environment hook '/root/dart_ws/install/hik_camera/share/hik_camera/hook/ld_library_path_lib.sh'
[27.002s] Level 1:colcon.colcon_core.environment:checking '/root/dart_ws/install/hik_camera/bin'
[27.003s] Level 1:colcon.colcon_core.environment:checking '/root/dart_ws/install/hik_camera/lib/pkgconfig/hik_camera.pc'
[27.004s] Level 1:colcon.colcon_core.environment:checking '/root/dart_ws/install/hik_camera/lib/python3.10/site-packages'
[27.007s] Level 1:colcon.colcon_core.environment:checking '/root/dart_ws/install/hik_camera/bin'
[27.009s] INFO:colcon.colcon_core.shell:Creating package script '/root/dart_ws/install/hik_camera/share/hik_camera/package.ps1'
[27.013s] INFO:colcon.colcon_core.shell:Creating package descriptor '/root/dart_ws/install/hik_camera/share/hik_camera/package.dsv'
[27.017s] INFO:colcon.colcon_core.shell:Creating package script '/root/dart_ws/install/hik_camera/share/hik_camera/package.sh'
[27.021s] INFO:colcon.colcon_core.shell:Creating package script '/root/dart_ws/install/hik_camera/share/hik_camera/package.bash'
[27.025s] INFO:colcon.colcon_core.shell:Creating package script '/root/dart_ws/install/hik_camera/share/hik_camera/package.zsh'
[27.028s] Level 1:colcon.colcon_core.environment:create_file_with_runtime_dependencies(/root/dart_ws/install/hik_camera/share/colcon-core/packages/hik_camera)
[75.110s] DEBUG:colcon.colcon_core.event_handler.log_command:Invoked command in '/root/dart_ws/build/yq_dart_aim' returned '0': CMAKE_PREFIX_PATH=/opt/ros/humble /usr/bin/cmake --build /root/dart_ws/build/yq_dart_aim --clean-first -- -j8 -l8
[75.118s] DEBUG:colcon.colcon_core.event_handler.log_command:Invoking command in '/root/dart_ws/build/yq_dart_aim': CMAKE_PREFIX_PATH=/opt/ros/humble /usr/bin/cmake --install /root/dart_ws/build/yq_dart_aim
[75.229s] Level 1:colcon.colcon_core.environment:create_environment_scripts_only(yq_dart_aim)
[75.237s] Level 1:colcon.colcon_core.environment:checking '/root/dart_ws/install/yq_dart_aim' for CMake module files
[75.244s] DEBUG:colcon.colcon_core.event_handler.log_command:Invoked command in '/root/dart_ws/build/yq_dart_aim' returned '0': CMAKE_PREFIX_PATH=/opt/ros/humble /usr/bin/cmake --install /root/dart_ws/build/yq_dart_aim
[75.255s] Level 1:colcon.colcon_core.environment:checking '/root/dart_ws/install/yq_dart_aim' for CMake config files
[75.258s] Level 1:colcon.colcon_core.shell:create_environment_hook('yq_dart_aim', 'cmake_prefix_path')
[75.264s] INFO:colcon.colcon_core.shell:Creating environment hook '/root/dart_ws/install/yq_dart_aim/share/yq_dart_aim/hook/cmake_prefix_path.ps1'
[75.272s] INFO:colcon.colcon_core.shell:Creating environment descriptor '/root/dart_ws/install/yq_dart_aim/share/yq_dart_aim/hook/cmake_prefix_path.dsv'
[75.279s] INFO:colcon.colcon_core.shell:Creating environment hook '/root/dart_ws/install/yq_dart_aim/share/yq_dart_aim/hook/cmake_prefix_path.sh'
[75.288s] Level 1:colcon.colcon_core.environment:checking '/root/dart_ws/install/yq_dart_aim/lib'
[75.290s] Level 1:colcon.colcon_core.environment:checking '/root/dart_ws/install/yq_dart_aim/bin'
[75.291s] Level 1:colcon.colcon_core.environment:checking '/root/dart_ws/install/yq_dart_aim/lib/pkgconfig/yq_dart_aim.pc'
[75.296s] Level 1:colcon.colcon_core.environment:checking '/root/dart_ws/install/yq_dart_aim/lib/python3.10/site-packages'
[75.301s] Level 1:colcon.colcon_core.environment:checking '/root/dart_ws/install/yq_dart_aim/bin'
[75.304s] INFO:colcon.colcon_core.shell:Creating package script '/root/dart_ws/install/yq_dart_aim/share/yq_dart_aim/package.ps1'
[75.309s] INFO:colcon.colcon_core.shell:Creating package descriptor '/root/dart_ws/install/yq_dart_aim/share/yq_dart_aim/package.dsv'
[75.313s] INFO:colcon.colcon_core.shell:Creating package script '/root/dart_ws/install/yq_dart_aim/share/yq_dart_aim/package.sh'
[75.317s] INFO:colcon.colcon_core.shell:Creating package script '/root/dart_ws/install/yq_dart_aim/share/yq_dart_aim/package.bash'
[75.319s] INFO:colcon.colcon_core.shell:Creating package script '/root/dart_ws/install/yq_dart_aim/share/yq_dart_aim/package.zsh'
[75.321s] Level 1:colcon.colcon_core.environment:create_file_with_runtime_dependencies(/root/dart_ws/install/yq_dart_aim/share/colcon-core/packages/yq_dart_aim)
[75.326s] Level 1:colcon.colcon_core.environment:create_environment_scripts_only(yq_dart_aim)
[75.328s] Level 1:colcon.colcon_core.environment:checking '/root/dart_ws/install/yq_dart_aim' for CMake module files
[75.331s] Level 1:colcon.colcon_core.environment:checking '/root/dart_ws/install/yq_dart_aim' for CMake config files
[75.332s] Level 1:colcon.colcon_core.shell:create_environment_hook('yq_dart_aim', 'cmake_prefix_path')
[75.334s] INFO:colcon.colcon_core.shell:Creating environment hook '/root/dart_ws/install/yq_dart_aim/share/yq_dart_aim/hook/cmake_prefix_path.ps1'
[75.338s] INFO:colcon.colcon_core.shell:Creating environment descriptor '/root/dart_ws/install/yq_dart_aim/share/yq_dart_aim/hook/cmake_prefix_path.dsv'
[75.341s] INFO:colcon.colcon_core.shell:Creating environment hook '/root/dart_ws/install/yq_dart_aim/share/yq_dart_aim/hook/cmake_prefix_path.sh'
[75.346s] Level 1:colcon.colcon_core.environment:checking '/root/dart_ws/install/yq_dart_aim/lib'
[75.346s] Level 1:colcon.colcon_core.environment:checking '/root/dart_ws/install/yq_dart_aim/bin'
[75.347s] Level 1:colcon.colcon_core.environment:checking '/root/dart_ws/install/yq_dart_aim/lib/pkgconfig/yq_dart_aim.pc'
[75.348s] Level 1:colcon.colcon_core.environment:checking '/root/dart_ws/install/yq_dart_aim/lib/python3.10/site-packages'
[75.352s] Level 1:colcon.colcon_core.environment:checking '/root/dart_ws/install/yq_dart_aim/bin'
[75.354s] INFO:colcon.colcon_core.shell:Creating package script '/root/dart_ws/install/yq_dart_aim/share/yq_dart_aim/package.ps1'
[75.357s] INFO:colcon.colcon_core.shell:Creating package descriptor '/root/dart_ws/install/yq_dart_aim/share/yq_dart_aim/package.dsv'
[75.360s] INFO:colcon.colcon_core.shell:Creating package script '/root/dart_ws/install/yq_dart_aim/share/yq_dart_aim/package.sh'
[75.363s] INFO:colcon.colcon_core.shell:Creating package script '/root/dart_ws/install/yq_dart_aim/share/yq_dart_aim/package.bash'
[75.366s] INFO:colcon.colcon_core.shell:Creating package script '/root/dart_ws/install/yq_dart_aim/share/yq_dart_aim/package.zsh'
[75.368s] Level 1:colcon.colcon_core.environment:create_file_with_runtime_dependencies(/root/dart_ws/install/yq_dart_aim/share/colcon-core/packages/yq_dart_aim)
[75.369s] DEBUG:colcon.colcon_parallel_executor.executor.parallel:closing loop
[75.371s] DEBUG:colcon.colcon_parallel_executor.executor.parallel:loop closed
[75.371s] DEBUG:colcon.colcon_parallel_executor.executor.parallel:run_until_complete finished with '0'
[75.372s] DEBUG:colcon.colcon_core.event_reactor:joining thread
[75.421s] INFO:colcon.colcon_core.plugin_system:Skipping extension 'colcon_notification.desktop_notification.notify_send': Could not find 'notify-send'
[75.422s] INFO:colcon.colcon_core.plugin_system:Skipping extension 'colcon_notification.desktop_notification.terminal_notifier': Not used on non-Darwin systems
[75.423s] INFO:colcon.colcon_core.plugin_system:Skipping extension 'colcon_notification.desktop_notification.win32': Not used on non-Windows systems
[75.424s] INFO:colcon.colcon_notification.desktop_notification:Sending desktop notification using 'notify2'
[100.538s] DEBUG:colcon.colcon_notification.desktop_notification.notify2:Failed to initialize notify2: org.freedesktop.DBus.Error.NoReply: Did not receive a reply. Possible causes include: the remote application did not send a reply, the message bus security policy blocked the reply, the reply timeout expired, or the network connection was broken.
[100.539s] DEBUG:colcon.colcon_core.event_reactor:joined thread
[100.544s] INFO:colcon.colcon_core.shell:Creating prefix script '/root/dart_ws/install/local_setup.ps1'
[100.552s] INFO:colcon.colcon_core.shell:Creating prefix util module '/root/dart_ws/install/_local_setup_util_ps1.py'
[100.562s] INFO:colcon.colcon_core.shell:Creating prefix chain script '/root/dart_ws/install/setup.ps1'
[100.568s] INFO:colcon.colcon_core.shell:Creating prefix script '/root/dart_ws/install/local_setup.sh'
[100.573s] INFO:colcon.colcon_core.shell:Creating prefix util module '/root/dart_ws/install/_local_setup_util_sh.py'
[100.578s] INFO:colcon.colcon_core.shell:Creating prefix chain script '/root/dart_ws/install/setup.sh'
[100.586s] INFO:colcon.colcon_core.shell:Creating prefix script '/root/dart_ws/install/local_setup.bash'
[100.590s] INFO:colcon.colcon_core.shell:Creating prefix chain script '/root/dart_ws/install/setup.bash'
[100.596s] INFO:colcon.colcon_core.shell:Creating prefix script '/root/dart_ws/install/local_setup.zsh'
[100.600s] INFO:colcon.colcon_core.shell:Creating prefix chain script '/root/dart_ws/install/setup.zsh'
