[0.051s] Invoking command in '/root/dart_ws/build/yq_dart_aim': CMAKE_PREFIX_PATH=${CMAKE_PREFIX_PATH}:/opt/ros/humble /usr/bin/cmake /root/dart_ws/src/yq_dart_aim -DAMENT_CMAKE_SYMLINK_INSTALL=1 -DCMAKE_INSTALL_PREFIX=/root/dart_ws/install/yq_dart_aim
[0.638s] -- The C compiler identification is GNU 11.2.0
[1.232s] -- The CXX compiler identification is GNU 11.2.0
[1.271s] -- Detecting C compiler ABI info
[1.747s] -- Detecting C compiler ABI info - done
[1.794s] -- Check for working C compiler: /usr/bin/cc - skipped
[1.800s] -- Detecting C compile features
[1.803s] -- Detecting C compile features - done
[1.834s] -- Detecting CXX compiler ABI info
[2.260s] -- Detecting CXX compiler ABI info - done
[2.320s] -- Check for working CXX compiler: /usr/bin/c++ - skipped
[2.321s] -- Detecting CXX compile features
[2.323s] -- Detecting CXX compile features - done
[2.363s] -- Found ament_cmake: 1.3.12 (/opt/ros/humble/share/ament_cmake/cmake)
[3.355s] -- Found Python3: /usr/bin/python3 (found version "3.10.12") found components: Interpreter 
[3.809s] -- Override CMake install command with custom implementation using symlinks instead of copying resources
[4.017s] -- Found rclcpp: 16.0.16 (/opt/ros/humble/share/rclcpp/cmake)
[4.294s] -- Found rosidl_generator_c: 3.1.7 (/opt/ros/humble/share/rosidl_generator_c/cmake)
[4.321s] -- Found rosidl_adapter: 3.1.7 (/opt/ros/humble/share/rosidl_adapter/cmake)
[4.391s] -- Found rosidl_generator_cpp: 3.1.7 (/opt/ros/humble/share/rosidl_generator_cpp/cmake)
[4.486s] -- Using all available rosidl_typesupport_c: rosidl_typesupport_fastrtps_c;rosidl_typesupport_introspection_c
[4.593s] -- Using all available rosidl_typesupport_cpp: rosidl_typesupport_fastrtps_cpp;rosidl_typesupport_introspection_cpp
[4.892s] -- Found rmw_implementation_cmake: 6.1.2 (/opt/ros/humble/share/rmw_implementation_cmake/cmake)
[4.905s] -- Found rmw_fastrtps_cpp: 6.2.9 (/opt/ros/humble/share/rmw_fastrtps_cpp/cmake)
[5.340s] -- Found OpenSSL: /usr/lib/aarch64-linux-gnu/libcrypto.so (found version "3.0.2")  
[5.464s] -- Found FastRTPS: /opt/ros/humble/include  
[5.640s] -- Using RMW implementation 'rmw_fastrtps_cpp' as default
[5.703s] -- Looking for pthread.h
[6.143s] -- Looking for pthread.h - found
[6.145s] -- Performing Test CMAKE_HAVE_LIBC_PTHREAD
[6.534s] -- Performing Test CMAKE_HAVE_LIBC_PTHREAD - Success
[6.541s] -- Found Threads: TRUE  
[6.940s] -- Found sensor_msgs: 4.9.0 (/opt/ros/humble/share/sensor_msgs/cmake)
[7.172s] -- Found cv_bridge: 3.2.1 (/opt/ros/humble/share/cv_bridge/cmake)
[7.240s] -- Found image_transport: 3.1.12 (/opt/ros/humble/share/image_transport/cmake)
[7.418s] -- Found OpenCV: /usr (found version "4.5.4") 
[7.850s] -- Configuring done
[7.928s] -- Generating done
[7.950s] -- Build files have been written to: /root/dart_ws/build/yq_dart_aim
[8.024s] Invoked command in '/root/dart_ws/build/yq_dart_aim' returned '0': CMAKE_PREFIX_PATH=${CMAKE_PREFIX_PATH}:/opt/ros/humble /usr/bin/cmake /root/dart_ws/src/yq_dart_aim -DAMENT_CMAKE_SYMLINK_INSTALL=1 -DCMAKE_INSTALL_PREFIX=/root/dart_ws/install/yq_dart_aim
[8.030s] Invoking command in '/root/dart_ws/build/yq_dart_aim': CMAKE_PREFIX_PATH=${CMAKE_PREFIX_PATH}:/opt/ros/humble /usr/bin/cmake --build /root/dart_ws/build/yq_dart_aim --clean-first -- -j8 -l8
[8.713s] [ 50%] [32mBuilding CXX object CMakeFiles/dart_aim_node.dir/src/dart_aim_node.cpp.o[0m
[74.765s] [100%] [32m[1mLinking CXX executable dart_aim_node[0m
[81.126s] [100%] Built target dart_aim_node
[81.176s] Invoked command in '/root/dart_ws/build/yq_dart_aim' returned '0': CMAKE_PREFIX_PATH=${CMAKE_PREFIX_PATH}:/opt/ros/humble /usr/bin/cmake --build /root/dart_ws/build/yq_dart_aim --clean-first -- -j8 -l8
[81.186s] Invoking command in '/root/dart_ws/build/yq_dart_aim': CMAKE_PREFIX_PATH=${CMAKE_PREFIX_PATH}:/opt/ros/humble /usr/bin/cmake --install /root/dart_ws/build/yq_dart_aim
[81.218s] -- Install configuration: ""
[81.220s] -- Execute custom install script
[81.222s] -- Symlinking: /root/dart_ws/install/yq_dart_aim/lib/yq_dart_aim/dart_aim_node
[81.262s] -- Symlinking: /root/dart_ws/install/yq_dart_aim/share/yq_dart_aim/launch/start.launch.py
[81.304s] -- Symlinking: /root/dart_ws/install/yq_dart_aim/share/yq_dart_aim/config/params.yaml
[81.355s] -- Symlinking: /root/dart_ws/install/yq_dart_aim/share/ament_index/resource_index/package_run_dependencies/yq_dart_aim
[81.398s] -- Symlinking: /root/dart_ws/install/yq_dart_aim/share/ament_index/resource_index/parent_prefix_path/yq_dart_aim
[81.442s] -- Symlinking: /root/dart_ws/install/yq_dart_aim/share/yq_dart_aim/environment/ament_prefix_path.sh
[81.488s] -- Symlinking: /root/dart_ws/install/yq_dart_aim/share/yq_dart_aim/environment/ament_prefix_path.dsv
[81.536s] -- Symlinking: /root/dart_ws/install/yq_dart_aim/share/yq_dart_aim/environment/path.sh
[81.590s] -- Symlinking: /root/dart_ws/install/yq_dart_aim/share/yq_dart_aim/environment/path.dsv
[81.635s] -- Symlinking: /root/dart_ws/install/yq_dart_aim/share/yq_dart_aim/local_setup.bash
[81.685s] -- Symlinking: /root/dart_ws/install/yq_dart_aim/share/yq_dart_aim/local_setup.sh
[81.734s] -- Symlinking: /root/dart_ws/install/yq_dart_aim/share/yq_dart_aim/local_setup.zsh
[81.782s] -- Symlinking: /root/dart_ws/install/yq_dart_aim/share/yq_dart_aim/local_setup.dsv
[81.834s] -- Symlinking: /root/dart_ws/install/yq_dart_aim/share/yq_dart_aim/package.dsv
[81.881s] -- Symlinking: /root/dart_ws/install/yq_dart_aim/share/ament_index/resource_index/packages/yq_dart_aim
[81.929s] -- Symlinking: /root/dart_ws/install/yq_dart_aim/share/yq_dart_aim/cmake/yq_dart_aimConfig.cmake
[81.976s] -- Symlinking: /root/dart_ws/install/yq_dart_aim/share/yq_dart_aim/cmake/yq_dart_aimConfig-version.cmake
[82.027s] -- Symlinking: /root/dart_ws/install/yq_dart_aim/share/yq_dart_aim/package.xml
[82.096s] Invoked command in '/root/dart_ws/build/yq_dart_aim' returned '0': CMAKE_PREFIX_PATH=${CMAKE_PREFIX_PATH}:/opt/ros/humble /usr/bin/cmake --install /root/dart_ws/build/yq_dart_aim
