gmake: Warning: File 'Makefile' has modification time 822660409 s in the future
gmake[1]: Warning: File 'CMakeFiles/Makefile2' has modification time 822660409 s in the future
gmake[2]: Warning: File 'CMakeFiles/uninstall.dir/progress.make' has modification time 822660409 s in the future
gmake[2]: warning:  Clock skew detected.  Your build may be incomplete.
gmake[2]: Warning: File 'CMakeFiles/hik_camera_uninstall.dir/progress.make' has modification time 822660409 s in the future
gmake[2]: warning:  Clock skew detected.  Your build may be incomplete.
gmake[2]: Warning: File 'CMakeFiles/hik_camera.dir/flags.make' has modification time 822660409 s in the future
gmake[2]: warning:  Clock skew detected.  Your build may be incomplete.
gmake[2]: Warning: File 'CMakeFiles/hik_camera_node.dir/flags.make' has modification time 822660408 s in the future
gmake[2]: warning:  Clock skew detected.  Your build may be incomplete.
gmake[1]: warning:  Clock skew detected.  Your build may be incomplete.
gmake: warning:  Clock skew detected.  Your build may be incomplete.
gmake: Warning: File 'Makefile' has modification time 822660408 s in the future
gmake[1]: Warning: File 'CMakeFiles/Makefile2' has modification time 822660408 s in the future
gmake[2]: Warning: File 'CMakeFiles/hik_camera.dir/flags.make' has modification time 822660408 s in the future
gmake[2]: Warning: File 'CMakeFiles/hik_camera_node.dir/flags.make' has modification time 822660408 s in the future
gmake[2]: warning:  Clock skew detected.  Your build may be incomplete.
gmake[2]: warning:  Clock skew detected.  Your build may be incomplete.
gmake[2]: Warning: File 'CMakeFiles/hik_camera_node.dir/flags.make' has modification time 822660408 s in the future
gmake[2]: Warning: File 'CMakeFiles/hik_camera.dir/flags.make' has modification time 822660408 s in the future
gmake[2]: warning:  Clock skew detected.  Your build may be incomplete.
gmake[2]: warning:  Clock skew detected.  Your build may be incomplete.
gmake[1]: warning:  Clock skew detected.  Your build may be incomplete.
gmake: warning:  Clock skew detected.  Your build may be incomplete.
