[0.068s] Invoking command in '/root/dart_ws/build/hik_camera': CMAKE_PREFIX_PATH=/opt/ros/humble /usr/bin/cmake --build /root/dart_ws/build/hik_camera --clean-first -- -j8 -l8
[0.200s] gmake: Warning: File 'Makefile' has modification time 822660409 s in the future
[0.207s] gmake[1]: Warning: File 'CMakeFiles/Makefile2' has modification time 822660409 s in the future
[0.212s] gmake[2]: Warning: File 'CMakeFiles/uninstall.dir/progress.make' has modification time 822660409 s in the future
[0.261s] gmake[2]: warning:  Clock skew detected.  Your build may be incomplete.
[0.268s] gmake[2]: Warning: File 'CMakeFiles/hik_camera_uninstall.dir/progress.make' has modification time 822660409 s in the future
[0.305s] gmake[2]: warning:  Clock skew detected.  Your build may be incomplete.
[0.314s] gmake[2]: Warning: File 'CMakeFiles/hik_camera.dir/flags.make' has modification time 822660409 s in the future
[0.357s] gmake[2]: warning:  Clock skew detected.  Your build may be incomplete.
[0.364s] gmake[2]: Warning: File 'CMakeFiles/hik_camera_node.dir/flags.make' has modification time 822660408 s in the future
[0.404s] gmake[2]: warning:  Clock skew detected.  Your build may be incomplete.
[0.404s] gmake[1]: warning:  Clock skew detected.  Your build may be incomplete.
[0.405s] gmake: warning:  Clock skew detected.  Your build may be incomplete.
[0.412s] gmake: Warning: File 'Makefile' has modification time 822660408 s in the future
[0.528s] gmake[1]: Warning: File 'CMakeFiles/Makefile2' has modification time 822660408 s in the future
[0.534s] gmake[2]: Warning: File 'CMakeFiles/hik_camera.dir/flags.make' has modification time 822660408 s in the future
[0.535s] gmake[2]: Warning: File 'CMakeFiles/hik_camera_node.dir/flags.make' has modification time 822660408 s in the future
[0.573s] gmake[2]: warning:  Clock skew detected.  Your build may be incomplete.
[0.574s] gmake[2]: warning:  Clock skew detected.  Your build may be incomplete.
[0.579s] gmake[2]: Warning: File 'CMakeFiles/hik_camera_node.dir/flags.make' has modification time 822660408 s in the future
[0.580s] gmake[2]: Warning: File 'CMakeFiles/hik_camera.dir/flags.make' has modification time 822660408 s in the future
[0.613s] [ 50%] [32mBuilding CXX object CMakeFiles/hik_camera.dir/src/hik_camera_node.cpp.o[0m
[0.613s] [ 50%] [32mBuilding CXX object CMakeFiles/hik_camera_node.dir/rclcpp_components/node_main_hik_camera_node.cpp.o[0m
[20.945s] [ 75%] [32m[1mLinking CXX executable hik_camera_node[0m
[21.962s] gmake[2]: warning:  Clock skew detected.  Your build may be incomplete.
[21.999s] [ 75%] Built target hik_camera_node
[22.825s] [100%] [32m[1mLinking CXX shared library libhik_camera.so[0m
[24.137s] gmake[2]: warning:  Clock skew detected.  Your build may be incomplete.
[24.172s] [100%] Built target hik_camera
[24.176s] gmake[1]: warning:  Clock skew detected.  Your build may be incomplete.
[24.213s] gmake: warning:  Clock skew detected.  Your build may be incomplete.
[24.222s] Invoked command in '/root/dart_ws/build/hik_camera' returned '0': CMAKE_PREFIX_PATH=/opt/ros/humble /usr/bin/cmake --build /root/dart_ws/build/hik_camera --clean-first -- -j8 -l8
[24.288s] Invoking command in '/root/dart_ws/build/hik_camera': CMAKE_PREFIX_PATH=/opt/ros/humble /usr/bin/cmake --install /root/dart_ws/build/hik_camera
[24.326s] -- Install configuration: ""
[24.328s] -- Execute custom install script
[24.332s] -- Up-to-date symlink: /root/dart_ws/install/hik_camera/lib/libFormatConversion.so
[24.333s] -- Up-to-date symlink: /root/dart_ws/install/hik_camera/lib/libMVRender.so
[24.334s] -- Up-to-date symlink: /root/dart_ws/install/hik_camera/lib/libMediaProcess.so
[24.334s] -- Up-to-date symlink: /root/dart_ws/install/hik_camera/lib/libMvCameraControl.so
[24.335s] -- Up-to-date symlink: /root/dart_ws/install/hik_camera/lib/libMvUsb3vTL.so
[24.338s] -- Up-to-date symlink: /root/dart_ws/install/hik_camera/lib/hik_camera/hik_camera_node
[24.339s] -- Up-to-date symlink: /root/dart_ws/install/hik_camera/share/hik_camera/environment/library_path.sh
[24.341s] -- Up-to-date symlink: /root/dart_ws/install/hik_camera/share/hik_camera/environment/library_path.dsv
[24.342s] -- Up-to-date symlink: /root/dart_ws/install/hik_camera/lib/libhik_camera.so
[24.345s] -- Up-to-date symlink: /root/dart_ws/install/hik_camera/share/hik_camera/config/camera_info.yaml
[24.346s] -- Up-to-date symlink: /root/dart_ws/install/hik_camera/share/hik_camera/config/camera_params.yaml
[24.348s] -- Up-to-date symlink: /root/dart_ws/install/hik_camera/share/hik_camera/launch/hik_camera.launch.py
[24.370s] -- Up-to-date symlink: /root/dart_ws/install/hik_camera/share/ament_index/resource_index/package_run_dependencies/hik_camera
[24.372s] -- Up-to-date symlink: /root/dart_ws/install/hik_camera/share/ament_index/resource_index/parent_prefix_path/hik_camera
[24.373s] -- Up-to-date symlink: /root/dart_ws/install/hik_camera/share/hik_camera/environment/ament_prefix_path.sh
[24.374s] -- Up-to-date symlink: /root/dart_ws/install/hik_camera/share/hik_camera/environment/ament_prefix_path.dsv
[24.376s] -- Up-to-date symlink: /root/dart_ws/install/hik_camera/share/hik_camera/environment/path.sh
[24.379s] -- Up-to-date symlink: /root/dart_ws/install/hik_camera/share/hik_camera/environment/path.dsv
[24.380s] -- Up-to-date symlink: /root/dart_ws/install/hik_camera/share/hik_camera/local_setup.bash
[24.381s] -- Up-to-date symlink: /root/dart_ws/install/hik_camera/share/hik_camera/local_setup.sh
[24.382s] -- Up-to-date symlink: /root/dart_ws/install/hik_camera/share/hik_camera/local_setup.zsh
[24.384s] -- Up-to-date symlink: /root/dart_ws/install/hik_camera/share/hik_camera/local_setup.dsv
[24.384s] -- Symlinking: /root/dart_ws/install/hik_camera/share/hik_camera/package.dsv
[24.427s] -- Up-to-date symlink: /root/dart_ws/install/hik_camera/share/ament_index/resource_index/packages/hik_camera
[24.428s] -- Up-to-date symlink: /root/dart_ws/install/hik_camera/share/ament_index/resource_index/rclcpp_components/hik_camera
[24.430s] -- Up-to-date symlink: /root/dart_ws/install/hik_camera/share/hik_camera/cmake/ament_cmake_export_dependencies-extras.cmake
[24.431s] -- Up-to-date symlink: /root/dart_ws/install/hik_camera/share/hik_camera/cmake/ament_cmake_export_libraries-extras.cmake
[24.432s] -- Up-to-date symlink: /root/dart_ws/install/hik_camera/share/hik_camera/cmake/hik_cameraConfig.cmake
[24.433s] -- Up-to-date symlink: /root/dart_ws/install/hik_camera/share/hik_camera/cmake/hik_cameraConfig-version.cmake
[24.434s] -- Up-to-date symlink: /root/dart_ws/install/hik_camera/share/hik_camera/package.xml
[24.443s] Invoked command in '/root/dart_ws/build/hik_camera' returned '0': CMAKE_PREFIX_PATH=/opt/ros/humble /usr/bin/cmake --install /root/dart_ws/build/hik_camera
