[0.603s] DEBUG:colcon:Command line arguments: ['/usr/bin/colcon', 'build', '--packages-select', 'yq_dart_aim', '--symlink-install']
[0.604s] DEBUG:colcon:Parsed command line arguments: Namespace(log_base=None, log_level=None, verb_name='build', build_base='build', install_base='install', merge_install=False, symlink_install=True, test_result_base=None, continue_on_error=False, executor='parallel', parallel_workers=8, event_handlers=None, ignore_user_meta=False, metas=['./colcon.meta'], base_paths=['.'], packages_ignore=None, packages_ignore_regex=None, paths=None, packages_up_to=None, packages_up_to_regex=None, packages_above=None, packages_above_and_dependencies=None, packages_above_depth=None, packages_select_by_dep=None, packages_skip_by_dep=None, packages_skip_up_to=None, packages_select_build_failed=False, packages_skip_build_finished=False, packages_select_test_failures=False, packages_skip_test_passed=False, packages_select=['yq_dart_aim'], packages_skip=None, packages_select_regex=None, packages_skip_regex=None, packages_start=None, packages_end=None, allow_overriding=[], cmake_args=None, cmake_target=None, cmake_target_skip_unavailable=False, cmake_clean_cache=False, cmake_clean_first=False, cmake_force_configure=False, ament_cmake_args=None, catkin_cmake_args=None, catkin_skip_building_tests=False, verb_parser=<colcon_defaults.argument_parser.defaults.DefaultArgumentsDecorator object at 0xffffa9b03a90>, verb_extension=<colcon_core.verb.build.BuildVerb object at 0xffffa9b031f0>, main=<bound method BuildVerb.main of <colcon_core.verb.build.BuildVerb object at 0xffffa9b031f0>>)
[1.652s] Level 1:colcon.colcon_core.package_discovery:discover_packages(colcon_meta) check parameters
[1.652s] Level 1:colcon.colcon_core.package_discovery:discover_packages(recursive) check parameters
[1.652s] Level 1:colcon.colcon_core.package_discovery:discover_packages(ignore) check parameters
[1.653s] Level 1:colcon.colcon_core.package_discovery:discover_packages(path) check parameters
[1.653s] Level 1:colcon.colcon_core.package_discovery:discover_packages(colcon_meta) discover
[1.653s] Level 1:colcon.colcon_core.package_discovery:discover_packages(recursive) discover
[1.654s] INFO:colcon.colcon_core.package_discovery:Crawling recursively for packages in '/root/dart_ws'
[1.654s] Level 1:colcon.colcon_core.package_identification:_identify(.) by extensions ['ignore', 'ignore_ament_install']
[1.655s] Level 1:colcon.colcon_core.package_identification:_identify(.) by extension 'ignore'
[1.655s] Level 1:colcon.colcon_core.package_identification:_identify(.) by extension 'ignore_ament_install'
[1.655s] Level 1:colcon.colcon_core.package_identification:_identify(.) by extensions ['colcon_pkg']
[1.655s] Level 1:colcon.colcon_core.package_identification:_identify(.) by extension 'colcon_pkg'
[1.656s] Level 1:colcon.colcon_core.package_identification:_identify(.) by extensions ['colcon_meta']
[1.656s] Level 1:colcon.colcon_core.package_identification:_identify(.) by extension 'colcon_meta'
[1.656s] Level 1:colcon.colcon_core.package_identification:_identify(.) by extensions ['ros']
[1.656s] Level 1:colcon.colcon_core.package_identification:_identify(.) by extension 'ros'
[1.726s] Level 1:colcon.colcon_core.package_identification:_identify(.) by extensions ['cmake', 'python']
[1.726s] Level 1:colcon.colcon_core.package_identification:_identify(.) by extension 'cmake'
[1.727s] Level 1:colcon.colcon_core.package_identification:_identify(.) by extension 'python'
[1.727s] Level 1:colcon.colcon_core.package_identification:_identify(.) by extensions ['python_setup_py']
[1.727s] Level 1:colcon.colcon_core.package_identification:_identify(.) by extension 'python_setup_py'
[1.728s] Level 1:colcon.colcon_core.package_identification:_identify(MvSdkLog) by extensions ['ignore', 'ignore_ament_install']
[1.728s] Level 1:colcon.colcon_core.package_identification:_identify(MvSdkLog) by extension 'ignore'
[1.729s] Level 1:colcon.colcon_core.package_identification:_identify(MvSdkLog) by extension 'ignore_ament_install'
[1.729s] Level 1:colcon.colcon_core.package_identification:_identify(MvSdkLog) by extensions ['colcon_pkg']
[1.729s] Level 1:colcon.colcon_core.package_identification:_identify(MvSdkLog) by extension 'colcon_pkg'
[1.730s] Level 1:colcon.colcon_core.package_identification:_identify(MvSdkLog) by extensions ['colcon_meta']
[1.730s] Level 1:colcon.colcon_core.package_identification:_identify(MvSdkLog) by extension 'colcon_meta'
[1.730s] Level 1:colcon.colcon_core.package_identification:_identify(MvSdkLog) by extensions ['ros']
[1.730s] Level 1:colcon.colcon_core.package_identification:_identify(MvSdkLog) by extension 'ros'
[1.731s] Level 1:colcon.colcon_core.package_identification:_identify(MvSdkLog) by extensions ['cmake', 'python']
[1.731s] Level 1:colcon.colcon_core.package_identification:_identify(MvSdkLog) by extension 'cmake'
[1.731s] Level 1:colcon.colcon_core.package_identification:_identify(MvSdkLog) by extension 'python'
[1.731s] Level 1:colcon.colcon_core.package_identification:_identify(MvSdkLog) by extensions ['python_setup_py']
[1.732s] Level 1:colcon.colcon_core.package_identification:_identify(MvSdkLog) by extension 'python_setup_py'
[1.732s] Level 1:colcon.colcon_core.package_identification:_identify(bag_records) by extensions ['ignore', 'ignore_ament_install']
[1.732s] Level 1:colcon.colcon_core.package_identification:_identify(bag_records) by extension 'ignore'
[1.733s] Level 1:colcon.colcon_core.package_identification:_identify(bag_records) by extension 'ignore_ament_install'
[1.733s] Level 1:colcon.colcon_core.package_identification:_identify(bag_records) by extensions ['colcon_pkg']
[1.733s] Level 1:colcon.colcon_core.package_identification:_identify(bag_records) by extension 'colcon_pkg'
[1.733s] Level 1:colcon.colcon_core.package_identification:_identify(bag_records) by extensions ['colcon_meta']
[1.734s] Level 1:colcon.colcon_core.package_identification:_identify(bag_records) by extension 'colcon_meta'
[1.734s] Level 1:colcon.colcon_core.package_identification:_identify(bag_records) by extensions ['ros']
[1.734s] Level 1:colcon.colcon_core.package_identification:_identify(bag_records) by extension 'ros'
[1.735s] Level 1:colcon.colcon_core.package_identification:_identify(bag_records) by extensions ['cmake', 'python']
[1.735s] Level 1:colcon.colcon_core.package_identification:_identify(bag_records) by extension 'cmake'
[1.735s] Level 1:colcon.colcon_core.package_identification:_identify(bag_records) by extension 'python'
[1.735s] Level 1:colcon.colcon_core.package_identification:_identify(bag_records) by extensions ['python_setup_py']
[1.735s] Level 1:colcon.colcon_core.package_identification:_identify(bag_records) by extension 'python_setup_py'
[1.736s] Level 1:colcon.colcon_core.package_identification:_identify(bag_records/debug_record) by extensions ['ignore', 'ignore_ament_install']
[1.737s] Level 1:colcon.colcon_core.package_identification:_identify(bag_records/debug_record) by extension 'ignore'
[1.738s] Level 1:colcon.colcon_core.package_identification:_identify(bag_records/debug_record) by extension 'ignore_ament_install'
[1.738s] Level 1:colcon.colcon_core.package_identification:_identify(bag_records/debug_record) by extensions ['colcon_pkg']
[1.738s] Level 1:colcon.colcon_core.package_identification:_identify(bag_records/debug_record) by extension 'colcon_pkg'
[1.738s] Level 1:colcon.colcon_core.package_identification:_identify(bag_records/debug_record) by extensions ['colcon_meta']
[1.739s] Level 1:colcon.colcon_core.package_identification:_identify(bag_records/debug_record) by extension 'colcon_meta'
[1.739s] Level 1:colcon.colcon_core.package_identification:_identify(bag_records/debug_record) by extensions ['ros']
[1.739s] Level 1:colcon.colcon_core.package_identification:_identify(bag_records/debug_record) by extension 'ros'
[1.740s] Level 1:colcon.colcon_core.package_identification:_identify(bag_records/debug_record) by extensions ['cmake', 'python']
[1.740s] Level 1:colcon.colcon_core.package_identification:_identify(bag_records/debug_record) by extension 'cmake'
[1.740s] Level 1:colcon.colcon_core.package_identification:_identify(bag_records/debug_record) by extension 'python'
[1.740s] Level 1:colcon.colcon_core.package_identification:_identify(bag_records/debug_record) by extensions ['python_setup_py']
[1.740s] Level 1:colcon.colcon_core.package_identification:_identify(bag_records/debug_record) by extension 'python_setup_py'
[1.741s] Level 1:colcon.colcon_core.package_identification:_identify(bag_records/debug_record/20000101_080025_915) by extensions ['ignore', 'ignore_ament_install']
[1.742s] Level 1:colcon.colcon_core.package_identification:_identify(bag_records/debug_record/20000101_080025_915) by extension 'ignore'
[1.742s] Level 1:colcon.colcon_core.package_identification:_identify(bag_records/debug_record/20000101_080025_915) by extension 'ignore_ament_install'
[1.742s] Level 1:colcon.colcon_core.package_identification:_identify(bag_records/debug_record/20000101_080025_915) by extensions ['colcon_pkg']
[1.742s] Level 1:colcon.colcon_core.package_identification:_identify(bag_records/debug_record/20000101_080025_915) by extension 'colcon_pkg'
[1.743s] Level 1:colcon.colcon_core.package_identification:_identify(bag_records/debug_record/20000101_080025_915) by extensions ['colcon_meta']
[1.743s] Level 1:colcon.colcon_core.package_identification:_identify(bag_records/debug_record/20000101_080025_915) by extension 'colcon_meta'
[1.743s] Level 1:colcon.colcon_core.package_identification:_identify(bag_records/debug_record/20000101_080025_915) by extensions ['ros']
[1.743s] Level 1:colcon.colcon_core.package_identification:_identify(bag_records/debug_record/20000101_080025_915) by extension 'ros'
[1.744s] Level 1:colcon.colcon_core.package_identification:_identify(bag_records/debug_record/20000101_080025_915) by extensions ['cmake', 'python']
[1.744s] Level 1:colcon.colcon_core.package_identification:_identify(bag_records/debug_record/20000101_080025_915) by extension 'cmake'
[1.744s] Level 1:colcon.colcon_core.package_identification:_identify(bag_records/debug_record/20000101_080025_915) by extension 'python'
[1.745s] Level 1:colcon.colcon_core.package_identification:_identify(bag_records/debug_record/20000101_080025_915) by extensions ['python_setup_py']
[1.745s] Level 1:colcon.colcon_core.package_identification:_identify(bag_records/debug_record/20000101_080025_915) by extension 'python_setup_py'
[1.745s] Level 1:colcon.colcon_core.package_identification:_identify(bag_records/debug_record/20000101_080025_920) by extensions ['ignore', 'ignore_ament_install']
[1.746s] Level 1:colcon.colcon_core.package_identification:_identify(bag_records/debug_record/20000101_080025_920) by extension 'ignore'
[1.746s] Level 1:colcon.colcon_core.package_identification:_identify(bag_records/debug_record/20000101_080025_920) by extension 'ignore_ament_install'
[1.746s] Level 1:colcon.colcon_core.package_identification:_identify(bag_records/debug_record/20000101_080025_920) by extensions ['colcon_pkg']
[1.746s] Level 1:colcon.colcon_core.package_identification:_identify(bag_records/debug_record/20000101_080025_920) by extension 'colcon_pkg'
[1.747s] Level 1:colcon.colcon_core.package_identification:_identify(bag_records/debug_record/20000101_080025_920) by extensions ['colcon_meta']
[1.747s] Level 1:colcon.colcon_core.package_identification:_identify(bag_records/debug_record/20000101_080025_920) by extension 'colcon_meta'
[1.747s] Level 1:colcon.colcon_core.package_identification:_identify(bag_records/debug_record/20000101_080025_920) by extensions ['ros']
[1.747s] Level 1:colcon.colcon_core.package_identification:_identify(bag_records/debug_record/20000101_080025_920) by extension 'ros'
[1.748s] Level 1:colcon.colcon_core.package_identification:_identify(bag_records/debug_record/20000101_080025_920) by extensions ['cmake', 'python']
[1.748s] Level 1:colcon.colcon_core.package_identification:_identify(bag_records/debug_record/20000101_080025_920) by extension 'cmake'
[1.748s] Level 1:colcon.colcon_core.package_identification:_identify(bag_records/debug_record/20000101_080025_920) by extension 'python'
[1.749s] Level 1:colcon.colcon_core.package_identification:_identify(bag_records/debug_record/20000101_080025_920) by extensions ['python_setup_py']
[1.749s] Level 1:colcon.colcon_core.package_identification:_identify(bag_records/debug_record/20000101_080025_920) by extension 'python_setup_py'
[1.749s] Level 1:colcon.colcon_core.package_identification:_identify(bag_records/debug_record/20000101_080101_915) by extensions ['ignore', 'ignore_ament_install']
[1.750s] Level 1:colcon.colcon_core.package_identification:_identify(bag_records/debug_record/20000101_080101_915) by extension 'ignore'
[1.750s] Level 1:colcon.colcon_core.package_identification:_identify(bag_records/debug_record/20000101_080101_915) by extension 'ignore_ament_install'
[1.750s] Level 1:colcon.colcon_core.package_identification:_identify(bag_records/debug_record/20000101_080101_915) by extensions ['colcon_pkg']
[1.751s] Level 1:colcon.colcon_core.package_identification:_identify(bag_records/debug_record/20000101_080101_915) by extension 'colcon_pkg'
[1.751s] Level 1:colcon.colcon_core.package_identification:_identify(bag_records/debug_record/20000101_080101_915) by extensions ['colcon_meta']
[1.751s] Level 1:colcon.colcon_core.package_identification:_identify(bag_records/debug_record/20000101_080101_915) by extension 'colcon_meta'
[1.751s] Level 1:colcon.colcon_core.package_identification:_identify(bag_records/debug_record/20000101_080101_915) by extensions ['ros']
[1.752s] Level 1:colcon.colcon_core.package_identification:_identify(bag_records/debug_record/20000101_080101_915) by extension 'ros'
[1.752s] Level 1:colcon.colcon_core.package_identification:_identify(bag_records/debug_record/20000101_080101_915) by extensions ['cmake', 'python']
[1.752s] Level 1:colcon.colcon_core.package_identification:_identify(bag_records/debug_record/20000101_080101_915) by extension 'cmake'
[1.752s] Level 1:colcon.colcon_core.package_identification:_identify(bag_records/debug_record/20000101_080101_915) by extension 'python'
[1.753s] Level 1:colcon.colcon_core.package_identification:_identify(bag_records/debug_record/20000101_080101_915) by extensions ['python_setup_py']
[1.753s] Level 1:colcon.colcon_core.package_identification:_identify(bag_records/debug_record/20000101_080101_915) by extension 'python_setup_py'
[1.753s] Level 1:colcon.colcon_core.package_identification:_identify(bag_records/debug_record/20000101_081126_915) by extensions ['ignore', 'ignore_ament_install']
[1.754s] Level 1:colcon.colcon_core.package_identification:_identify(bag_records/debug_record/20000101_081126_915) by extension 'ignore'
[1.754s] Level 1:colcon.colcon_core.package_identification:_identify(bag_records/debug_record/20000101_081126_915) by extension 'ignore_ament_install'
[1.754s] Level 1:colcon.colcon_core.package_identification:_identify(bag_records/debug_record/20000101_081126_915) by extensions ['colcon_pkg']
[1.755s] Level 1:colcon.colcon_core.package_identification:_identify(bag_records/debug_record/20000101_081126_915) by extension 'colcon_pkg'
[1.755s] Level 1:colcon.colcon_core.package_identification:_identify(bag_records/debug_record/20000101_081126_915) by extensions ['colcon_meta']
[1.755s] Level 1:colcon.colcon_core.package_identification:_identify(bag_records/debug_record/20000101_081126_915) by extension 'colcon_meta'
[1.755s] Level 1:colcon.colcon_core.package_identification:_identify(bag_records/debug_record/20000101_081126_915) by extensions ['ros']
[1.755s] Level 1:colcon.colcon_core.package_identification:_identify(bag_records/debug_record/20000101_081126_915) by extension 'ros'
[1.756s] Level 1:colcon.colcon_core.package_identification:_identify(bag_records/debug_record/20000101_081126_915) by extensions ['cmake', 'python']
[1.756s] Level 1:colcon.colcon_core.package_identification:_identify(bag_records/debug_record/20000101_081126_915) by extension 'cmake'
[1.756s] Level 1:colcon.colcon_core.package_identification:_identify(bag_records/debug_record/20000101_081126_915) by extension 'python'
[1.757s] Level 1:colcon.colcon_core.package_identification:_identify(bag_records/debug_record/20000101_081126_915) by extensions ['python_setup_py']
[1.757s] Level 1:colcon.colcon_core.package_identification:_identify(bag_records/debug_record/20000101_081126_915) by extension 'python_setup_py'
[1.757s] Level 1:colcon.colcon_core.package_identification:_identify(bag_records/debug_record/20260513_071333) by extensions ['ignore', 'ignore_ament_install']
[1.758s] Level 1:colcon.colcon_core.package_identification:_identify(bag_records/debug_record/20260513_071333) by extension 'ignore'
[1.758s] Level 1:colcon.colcon_core.package_identification:_identify(bag_records/debug_record/20260513_071333) by extension 'ignore_ament_install'
[1.758s] Level 1:colcon.colcon_core.package_identification:_identify(bag_records/debug_record/20260513_071333) by extensions ['colcon_pkg']
[1.759s] Level 1:colcon.colcon_core.package_identification:_identify(bag_records/debug_record/20260513_071333) by extension 'colcon_pkg'
[1.759s] Level 1:colcon.colcon_core.package_identification:_identify(bag_records/debug_record/20260513_071333) by extensions ['colcon_meta']
[1.759s] Level 1:colcon.colcon_core.package_identification:_identify(bag_records/debug_record/20260513_071333) by extension 'colcon_meta'
[1.759s] Level 1:colcon.colcon_core.package_identification:_identify(bag_records/debug_record/20260513_071333) by extensions ['ros']
[1.759s] Level 1:colcon.colcon_core.package_identification:_identify(bag_records/debug_record/20260513_071333) by extension 'ros'
[1.760s] Level 1:colcon.colcon_core.package_identification:_identify(bag_records/debug_record/20260513_071333) by extensions ['cmake', 'python']
[1.760s] Level 1:colcon.colcon_core.package_identification:_identify(bag_records/debug_record/20260513_071333) by extension 'cmake'
[1.760s] Level 1:colcon.colcon_core.package_identification:_identify(bag_records/debug_record/20260513_071333) by extension 'python'
[1.761s] Level 1:colcon.colcon_core.package_identification:_identify(bag_records/debug_record/20260513_071333) by extensions ['python_setup_py']
[1.761s] Level 1:colcon.colcon_core.package_identification:_identify(bag_records/debug_record/20260513_071333) by extension 'python_setup_py'
[1.761s] Level 1:colcon.colcon_core.package_identification:_identify(bag_records/debug_record/20260513_071406) by extensions ['ignore', 'ignore_ament_install']
[1.762s] Level 1:colcon.colcon_core.package_identification:_identify(bag_records/debug_record/20260513_071406) by extension 'ignore'
[1.762s] Level 1:colcon.colcon_core.package_identification:_identify(bag_records/debug_record/20260513_071406) by extension 'ignore_ament_install'
[1.762s] Level 1:colcon.colcon_core.package_identification:_identify(bag_records/debug_record/20260513_071406) by extensions ['colcon_pkg']
[1.762s] Level 1:colcon.colcon_core.package_identification:_identify(bag_records/debug_record/20260513_071406) by extension 'colcon_pkg'
[1.763s] Level 1:colcon.colcon_core.package_identification:_identify(bag_records/debug_record/20260513_071406) by extensions ['colcon_meta']
[1.763s] Level 1:colcon.colcon_core.package_identification:_identify(bag_records/debug_record/20260513_071406) by extension 'colcon_meta'
[1.763s] Level 1:colcon.colcon_core.package_identification:_identify(bag_records/debug_record/20260513_071406) by extensions ['ros']
[1.763s] Level 1:colcon.colcon_core.package_identification:_identify(bag_records/debug_record/20260513_071406) by extension 'ros'
[1.764s] Level 1:colcon.colcon_core.package_identification:_identify(bag_records/debug_record/20260513_071406) by extensions ['cmake', 'python']
[1.764s] Level 1:colcon.colcon_core.package_identification:_identify(bag_records/debug_record/20260513_071406) by extension 'cmake'
[1.764s] Level 1:colcon.colcon_core.package_identification:_identify(bag_records/debug_record/20260513_071406) by extension 'python'
[1.765s] Level 1:colcon.colcon_core.package_identification:_identify(bag_records/debug_record/20260513_071406) by extensions ['python_setup_py']
[1.765s] Level 1:colcon.colcon_core.package_identification:_identify(bag_records/debug_record/20260513_071406) by extension 'python_setup_py'
[1.765s] Level 1:colcon.colcon_core.package_identification:_identify(bag_records/debug_record/20260513_090321) by extensions ['ignore', 'ignore_ament_install']
[1.766s] Level 1:colcon.colcon_core.package_identification:_identify(bag_records/debug_record/20260513_090321) by extension 'ignore'
[1.766s] Level 1:colcon.colcon_core.package_identification:_identify(bag_records/debug_record/20260513_090321) by extension 'ignore_ament_install'
[1.766s] Level 1:colcon.colcon_core.package_identification:_identify(bag_records/debug_record/20260513_090321) by extensions ['colcon_pkg']
[1.766s] Level 1:colcon.colcon_core.package_identification:_identify(bag_records/debug_record/20260513_090321) by extension 'colcon_pkg'
[1.767s] Level 1:colcon.colcon_core.package_identification:_identify(bag_records/debug_record/20260513_090321) by extensions ['colcon_meta']
[1.767s] Level 1:colcon.colcon_core.package_identification:_identify(bag_records/debug_record/20260513_090321) by extension 'colcon_meta'
[1.767s] Level 1:colcon.colcon_core.package_identification:_identify(bag_records/debug_record/20260513_090321) by extensions ['ros']
[1.767s] Level 1:colcon.colcon_core.package_identification:_identify(bag_records/debug_record/20260513_090321) by extension 'ros'
[1.768s] Level 1:colcon.colcon_core.package_identification:_identify(bag_records/debug_record/20260513_090321) by extensions ['cmake', 'python']
[1.768s] Level 1:colcon.colcon_core.package_identification:_identify(bag_records/debug_record/20260513_090321) by extension 'cmake'
[1.768s] Level 1:colcon.colcon_core.package_identification:_identify(bag_records/debug_record/20260513_090321) by extension 'python'
[1.769s] Level 1:colcon.colcon_core.package_identification:_identify(bag_records/debug_record/20260513_090321) by extensions ['python_setup_py']
[1.769s] Level 1:colcon.colcon_core.package_identification:_identify(bag_records/debug_record/20260513_090321) by extension 'python_setup_py'
[1.769s] Level 1:colcon.colcon_core.package_identification:_identify(bag_records/debug_record/20260513_090603) by extensions ['ignore', 'ignore_ament_install']
[1.770s] Level 1:colcon.colcon_core.package_identification:_identify(bag_records/debug_record/20260513_090603) by extension 'ignore'
[1.770s] Level 1:colcon.colcon_core.package_identification:_identify(bag_records/debug_record/20260513_090603) by extension 'ignore_ament_install'
[1.770s] Level 1:colcon.colcon_core.package_identification:_identify(bag_records/debug_record/20260513_090603) by extensions ['colcon_pkg']
[1.770s] Level 1:colcon.colcon_core.package_identification:_identify(bag_records/debug_record/20260513_090603) by extension 'colcon_pkg'
[1.771s] Level 1:colcon.colcon_core.package_identification:_identify(bag_records/debug_record/20260513_090603) by extensions ['colcon_meta']
[1.771s] Level 1:colcon.colcon_core.package_identification:_identify(bag_records/debug_record/20260513_090603) by extension 'colcon_meta'
[1.771s] Level 1:colcon.colcon_core.package_identification:_identify(bag_records/debug_record/20260513_090603) by extensions ['ros']
[1.771s] Level 1:colcon.colcon_core.package_identification:_identify(bag_records/debug_record/20260513_090603) by extension 'ros'
[1.772s] Level 1:colcon.colcon_core.package_identification:_identify(bag_records/debug_record/20260513_090603) by extensions ['cmake', 'python']
[1.772s] Level 1:colcon.colcon_core.package_identification:_identify(bag_records/debug_record/20260513_090603) by extension 'cmake'
[1.772s] Level 1:colcon.colcon_core.package_identification:_identify(bag_records/debug_record/20260513_090603) by extension 'python'
[1.772s] Level 1:colcon.colcon_core.package_identification:_identify(bag_records/debug_record/20260513_090603) by extensions ['python_setup_py']
[1.773s] Level 1:colcon.colcon_core.package_identification:_identify(bag_records/debug_record/20260513_090603) by extension 'python_setup_py'
[1.773s] Level 1:colcon.colcon_core.package_identification:_identify(bag_records/debug_record/20260513_121910) by extensions ['ignore', 'ignore_ament_install']
[1.774s] Level 1:colcon.colcon_core.package_identification:_identify(bag_records/debug_record/20260513_121910) by extension 'ignore'
[1.774s] Level 1:colcon.colcon_core.package_identification:_identify(bag_records/debug_record/20260513_121910) by extension 'ignore_ament_install'
[1.774s] Level 1:colcon.colcon_core.package_identification:_identify(bag_records/debug_record/20260513_121910) by extensions ['colcon_pkg']
[1.774s] Level 1:colcon.colcon_core.package_identification:_identify(bag_records/debug_record/20260513_121910) by extension 'colcon_pkg'
[1.775s] Level 1:colcon.colcon_core.package_identification:_identify(bag_records/debug_record/20260513_121910) by extensions ['colcon_meta']
[1.775s] Level 1:colcon.colcon_core.package_identification:_identify(bag_records/debug_record/20260513_121910) by extension 'colcon_meta'
[1.775s] Level 1:colcon.colcon_core.package_identification:_identify(bag_records/debug_record/20260513_121910) by extensions ['ros']
[1.775s] Level 1:colcon.colcon_core.package_identification:_identify(bag_records/debug_record/20260513_121910) by extension 'ros'
[1.776s] Level 1:colcon.colcon_core.package_identification:_identify(bag_records/debug_record/20260513_121910) by extensions ['cmake', 'python']
[1.776s] Level 1:colcon.colcon_core.package_identification:_identify(bag_records/debug_record/20260513_121910) by extension 'cmake'
[1.776s] Level 1:colcon.colcon_core.package_identification:_identify(bag_records/debug_record/20260513_121910) by extension 'python'
[1.776s] Level 1:colcon.colcon_core.package_identification:_identify(bag_records/debug_record/20260513_121910) by extensions ['python_setup_py']
[1.777s] Level 1:colcon.colcon_core.package_identification:_identify(bag_records/debug_record/20260513_121910) by extension 'python_setup_py'
[1.777s] Level 1:colcon.colcon_core.package_identification:_identify(bag_records/debug_record/20260513_122422) by extensions ['ignore', 'ignore_ament_install']
[1.777s] Level 1:colcon.colcon_core.package_identification:_identify(bag_records/debug_record/20260513_122422) by extension 'ignore'
[1.778s] Level 1:colcon.colcon_core.package_identification:_identify(bag_records/debug_record/20260513_122422) by extension 'ignore_ament_install'
[1.778s] Level 1:colcon.colcon_core.package_identification:_identify(bag_records/debug_record/20260513_122422) by extensions ['colcon_pkg']
[1.778s] Level 1:colcon.colcon_core.package_identification:_identify(bag_records/debug_record/20260513_122422) by extension 'colcon_pkg'
[1.779s] Level 1:colcon.colcon_core.package_identification:_identify(bag_records/debug_record/20260513_122422) by extensions ['colcon_meta']
[1.779s] Level 1:colcon.colcon_core.package_identification:_identify(bag_records/debug_record/20260513_122422) by extension 'colcon_meta'
[1.779s] Level 1:colcon.colcon_core.package_identification:_identify(bag_records/debug_record/20260513_122422) by extensions ['ros']
[1.779s] Level 1:colcon.colcon_core.package_identification:_identify(bag_records/debug_record/20260513_122422) by extension 'ros'
[1.780s] Level 1:colcon.colcon_core.package_identification:_identify(bag_records/debug_record/20260513_122422) by extensions ['cmake', 'python']
[1.780s] Level 1:colcon.colcon_core.package_identification:_identify(bag_records/debug_record/20260513_122422) by extension 'cmake'
[1.780s] Level 1:colcon.colcon_core.package_identification:_identify(bag_records/debug_record/20260513_122422) by extension 'python'
[1.780s] Level 1:colcon.colcon_core.package_identification:_identify(bag_records/debug_record/20260513_122422) by extensions ['python_setup_py']
[1.780s] Level 1:colcon.colcon_core.package_identification:_identify(bag_records/debug_record/20260513_122422) by extension 'python_setup_py'
[1.781s] Level 1:colcon.colcon_core.package_identification:_identify(bag_records/debug_record/20260513_124123) by extensions ['ignore', 'ignore_ament_install']
[1.781s] Level 1:colcon.colcon_core.package_identification:_identify(bag_records/debug_record/20260513_124123) by extension 'ignore'
[1.782s] Level 1:colcon.colcon_core.package_identification:_identify(bag_records/debug_record/20260513_124123) by extension 'ignore_ament_install'
[1.782s] Level 1:colcon.colcon_core.package_identification:_identify(bag_records/debug_record/20260513_124123) by extensions ['colcon_pkg']
[1.782s] Level 1:colcon.colcon_core.package_identification:_identify(bag_records/debug_record/20260513_124123) by extension 'colcon_pkg'
[1.782s] Level 1:colcon.colcon_core.package_identification:_identify(bag_records/debug_record/20260513_124123) by extensions ['colcon_meta']
[1.783s] Level 1:colcon.colcon_core.package_identification:_identify(bag_records/debug_record/20260513_124123) by extension 'colcon_meta'
[1.783s] Level 1:colcon.colcon_core.package_identification:_identify(bag_records/debug_record/20260513_124123) by extensions ['ros']
[1.783s] Level 1:colcon.colcon_core.package_identification:_identify(bag_records/debug_record/20260513_124123) by extension 'ros'
[1.784s] Level 1:colcon.colcon_core.package_identification:_identify(bag_records/debug_record/20260513_124123) by extensions ['cmake', 'python']
[1.784s] Level 1:colcon.colcon_core.package_identification:_identify(bag_records/debug_record/20260513_124123) by extension 'cmake'
[1.784s] Level 1:colcon.colcon_core.package_identification:_identify(bag_records/debug_record/20260513_124123) by extension 'python'
[1.784s] Level 1:colcon.colcon_core.package_identification:_identify(bag_records/debug_record/20260513_124123) by extensions ['python_setup_py']
[1.785s] Level 1:colcon.colcon_core.package_identification:_identify(bag_records/debug_record/20260513_124123) by extension 'python_setup_py'
[1.785s] Level 1:colcon.colcon_core.package_identification:_identify(bag_records/debug_record/20260513_124514_9276) by extensions ['ignore', 'ignore_ament_install']
[1.786s] Level 1:colcon.colcon_core.package_identification:_identify(bag_records/debug_record/20260513_124514_9276) by extension 'ignore'
[1.786s] Level 1:colcon.colcon_core.package_identification:_identify(bag_records/debug_record/20260513_124514_9276) by extension 'ignore_ament_install'
[1.786s] Level 1:colcon.colcon_core.package_identification:_identify(bag_records/debug_record/20260513_124514_9276) by extensions ['colcon_pkg']
[1.786s] Level 1:colcon.colcon_core.package_identification:_identify(bag_records/debug_record/20260513_124514_9276) by extension 'colcon_pkg'
[1.787s] Level 1:colcon.colcon_core.package_identification:_identify(bag_records/debug_record/20260513_124514_9276) by extensions ['colcon_meta']
[1.787s] Level 1:colcon.colcon_core.package_identification:_identify(bag_records/debug_record/20260513_124514_9276) by extension 'colcon_meta'
[1.787s] Level 1:colcon.colcon_core.package_identification:_identify(bag_records/debug_record/20260513_124514_9276) by extensions ['ros']
[1.787s] Level 1:colcon.colcon_core.package_identification:_identify(bag_records/debug_record/20260513_124514_9276) by extension 'ros'
[1.788s] Level 1:colcon.colcon_core.package_identification:_identify(bag_records/debug_record/20260513_124514_9276) by extensions ['cmake', 'python']
[1.788s] Level 1:colcon.colcon_core.package_identification:_identify(bag_records/debug_record/20260513_124514_9276) by extension 'cmake'
[1.788s] Level 1:colcon.colcon_core.package_identification:_identify(bag_records/debug_record/20260513_124514_9276) by extension 'python'
[1.789s] Level 1:colcon.colcon_core.package_identification:_identify(bag_records/debug_record/20260513_124514_9276) by extensions ['python_setup_py']
[1.789s] Level 1:colcon.colcon_core.package_identification:_identify(bag_records/debug_record/20260513_124514_9276) by extension 'python_setup_py'
[1.789s] Level 1:colcon.colcon_core.package_identification:_identify(bag_records/debug_record/20260513_124825_9276) by extensions ['ignore', 'ignore_ament_install']
[1.790s] Level 1:colcon.colcon_core.package_identification:_identify(bag_records/debug_record/20260513_124825_9276) by extension 'ignore'
[1.790s] Level 1:colcon.colcon_core.package_identification:_identify(bag_records/debug_record/20260513_124825_9276) by extension 'ignore_ament_install'
[1.790s] Level 1:colcon.colcon_core.package_identification:_identify(bag_records/debug_record/20260513_124825_9276) by extensions ['colcon_pkg']
[1.791s] Level 1:colcon.colcon_core.package_identification:_identify(bag_records/debug_record/20260513_124825_9276) by extension 'colcon_pkg'
[1.791s] Level 1:colcon.colcon_core.package_identification:_identify(bag_records/debug_record/20260513_124825_9276) by extensions ['colcon_meta']
[1.791s] Level 1:colcon.colcon_core.package_identification:_identify(bag_records/debug_record/20260513_124825_9276) by extension 'colcon_meta'
[1.791s] Level 1:colcon.colcon_core.package_identification:_identify(bag_records/debug_record/20260513_124825_9276) by extensions ['ros']
[1.792s] Level 1:colcon.colcon_core.package_identification:_identify(bag_records/debug_record/20260513_124825_9276) by extension 'ros'
[1.792s] Level 1:colcon.colcon_core.package_identification:_identify(bag_records/debug_record/20260513_124825_9276) by extensions ['cmake', 'python']
[1.792s] Level 1:colcon.colcon_core.package_identification:_identify(bag_records/debug_record/20260513_124825_9276) by extension 'cmake'
[1.792s] Level 1:colcon.colcon_core.package_identification:_identify(bag_records/debug_record/20260513_124825_9276) by extension 'python'
[1.793s] Level 1:colcon.colcon_core.package_identification:_identify(bag_records/debug_record/20260513_124825_9276) by extensions ['python_setup_py']
[1.793s] Level 1:colcon.colcon_core.package_identification:_identify(bag_records/debug_record/20260513_124825_9276) by extension 'python_setup_py'
[1.793s] Level 1:colcon.colcon_core.package_identification:_identify(bag_records/debug_record/20260513_125020_10535) by extensions ['ignore', 'ignore_ament_install']
[1.794s] Level 1:colcon.colcon_core.package_identification:_identify(bag_records/debug_record/20260513_125020_10535) by extension 'ignore'
[1.794s] Level 1:colcon.colcon_core.package_identification:_identify(bag_records/debug_record/20260513_125020_10535) by extension 'ignore_ament_install'
[1.795s] Level 1:colcon.colcon_core.package_identification:_identify(bag_records/debug_record/20260513_125020_10535) by extensions ['colcon_pkg']
[1.795s] Level 1:colcon.colcon_core.package_identification:_identify(bag_records/debug_record/20260513_125020_10535) by extension 'colcon_pkg'
[1.795s] Level 1:colcon.colcon_core.package_identification:_identify(bag_records/debug_record/20260513_125020_10535) by extensions ['colcon_meta']
[1.795s] Level 1:colcon.colcon_core.package_identification:_identify(bag_records/debug_record/20260513_125020_10535) by extension 'colcon_meta'
[1.796s] Level 1:colcon.colcon_core.package_identification:_identify(bag_records/debug_record/20260513_125020_10535) by extensions ['ros']
[1.796s] Level 1:colcon.colcon_core.package_identification:_identify(bag_records/debug_record/20260513_125020_10535) by extension 'ros'
[1.796s] Level 1:colcon.colcon_core.package_identification:_identify(bag_records/debug_record/20260513_125020_10535) by extensions ['cmake', 'python']
[1.796s] Level 1:colcon.colcon_core.package_identification:_identify(bag_records/debug_record/20260513_125020_10535) by extension 'cmake'
[1.797s] Level 1:colcon.colcon_core.package_identification:_identify(bag_records/debug_record/20260513_125020_10535) by extension 'python'
[1.797s] Level 1:colcon.colcon_core.package_identification:_identify(bag_records/debug_record/20260513_125020_10535) by extensions ['python_setup_py']
[1.797s] Level 1:colcon.colcon_core.package_identification:_identify(bag_records/debug_record/20260513_125020_10535) by extension 'python_setup_py'
[1.798s] Level 1:colcon.colcon_core.package_identification:_identify(bag_records/debug_record/20260513_125041_10535) by extensions ['ignore', 'ignore_ament_install']
[1.798s] Level 1:colcon.colcon_core.package_identification:_identify(bag_records/debug_record/20260513_125041_10535) by extension 'ignore'
[1.799s] Level 1:colcon.colcon_core.package_identification:_identify(bag_records/debug_record/20260513_125041_10535) by extension 'ignore_ament_install'
[1.799s] Level 1:colcon.colcon_core.package_identification:_identify(bag_records/debug_record/20260513_125041_10535) by extensions ['colcon_pkg']
[1.799s] Level 1:colcon.colcon_core.package_identification:_identify(bag_records/debug_record/20260513_125041_10535) by extension 'colcon_pkg'
[1.799s] Level 1:colcon.colcon_core.package_identification:_identify(bag_records/debug_record/20260513_125041_10535) by extensions ['colcon_meta']
[1.799s] Level 1:colcon.colcon_core.package_identification:_identify(bag_records/debug_record/20260513_125041_10535) by extension 'colcon_meta'
[1.800s] Level 1:colcon.colcon_core.package_identification:_identify(bag_records/debug_record/20260513_125041_10535) by extensions ['ros']
[1.800s] Level 1:colcon.colcon_core.package_identification:_identify(bag_records/debug_record/20260513_125041_10535) by extension 'ros'
[1.800s] Level 1:colcon.colcon_core.package_identification:_identify(bag_records/debug_record/20260513_125041_10535) by extensions ['cmake', 'python']
[1.801s] Level 1:colcon.colcon_core.package_identification:_identify(bag_records/debug_record/20260513_125041_10535) by extension 'cmake'
[1.801s] Level 1:colcon.colcon_core.package_identification:_identify(bag_records/debug_record/20260513_125041_10535) by extension 'python'
[1.801s] Level 1:colcon.colcon_core.package_identification:_identify(bag_records/debug_record/20260513_125041_10535) by extensions ['python_setup_py']
[1.801s] Level 1:colcon.colcon_core.package_identification:_identify(bag_records/debug_record/20260513_125041_10535) by extension 'python_setup_py'
[1.802s] Level 1:colcon.colcon_core.package_identification:_identify(bag_records/debug_record/20260513_130302_920) by extensions ['ignore', 'ignore_ament_install']
[1.802s] Level 1:colcon.colcon_core.package_identification:_identify(bag_records/debug_record/20260513_130302_920) by extension 'ignore'
[1.803s] Level 1:colcon.colcon_core.package_identification:_identify(bag_records/debug_record/20260513_130302_920) by extension 'ignore_ament_install'
[1.803s] Level 1:colcon.colcon_core.package_identification:_identify(bag_records/debug_record/20260513_130302_920) by extensions ['colcon_pkg']
[1.803s] Level 1:colcon.colcon_core.package_identification:_identify(bag_records/debug_record/20260513_130302_920) by extension 'colcon_pkg'
[1.803s] Level 1:colcon.colcon_core.package_identification:_identify(bag_records/debug_record/20260513_130302_920) by extensions ['colcon_meta']
[1.804s] Level 1:colcon.colcon_core.package_identification:_identify(bag_records/debug_record/20260513_130302_920) by extension 'colcon_meta'
[1.804s] Level 1:colcon.colcon_core.package_identification:_identify(bag_records/debug_record/20260513_130302_920) by extensions ['ros']
[1.804s] Level 1:colcon.colcon_core.package_identification:_identify(bag_records/debug_record/20260513_130302_920) by extension 'ros'
[1.804s] Level 1:colcon.colcon_core.package_identification:_identify(bag_records/debug_record/20260513_130302_920) by extensions ['cmake', 'python']
[1.805s] Level 1:colcon.colcon_core.package_identification:_identify(bag_records/debug_record/20260513_130302_920) by extension 'cmake'
[1.805s] Level 1:colcon.colcon_core.package_identification:_identify(bag_records/debug_record/20260513_130302_920) by extension 'python'
[1.805s] Level 1:colcon.colcon_core.package_identification:_identify(bag_records/debug_record/20260513_130302_920) by extensions ['python_setup_py']
[1.805s] Level 1:colcon.colcon_core.package_identification:_identify(bag_records/debug_record/20260513_130302_920) by extension 'python_setup_py'
[1.806s] Level 1:colcon.colcon_core.package_identification:_identify(bag_records/debug_record/20260513_161433_16749) by extensions ['ignore', 'ignore_ament_install']
[1.806s] Level 1:colcon.colcon_core.package_identification:_identify(bag_records/debug_record/20260513_161433_16749) by extension 'ignore'
[1.807s] Level 1:colcon.colcon_core.package_identification:_identify(bag_records/debug_record/20260513_161433_16749) by extension 'ignore_ament_install'
[1.807s] Level 1:colcon.colcon_core.package_identification:_identify(bag_records/debug_record/20260513_161433_16749) by extensions ['colcon_pkg']
[1.807s] Level 1:colcon.colcon_core.package_identification:_identify(bag_records/debug_record/20260513_161433_16749) by extension 'colcon_pkg'
[1.807s] Level 1:colcon.colcon_core.package_identification:_identify(bag_records/debug_record/20260513_161433_16749) by extensions ['colcon_meta']
[1.808s] Level 1:colcon.colcon_core.package_identification:_identify(bag_records/debug_record/20260513_161433_16749) by extension 'colcon_meta'
[1.808s] Level 1:colcon.colcon_core.package_identification:_identify(bag_records/debug_record/20260513_161433_16749) by extensions ['ros']
[1.808s] Level 1:colcon.colcon_core.package_identification:_identify(bag_records/debug_record/20260513_161433_16749) by extension 'ros'
[1.809s] Level 1:colcon.colcon_core.package_identification:_identify(bag_records/debug_record/20260513_161433_16749) by extensions ['cmake', 'python']
[1.809s] Level 1:colcon.colcon_core.package_identification:_identify(bag_records/debug_record/20260513_161433_16749) by extension 'cmake'
[1.809s] Level 1:colcon.colcon_core.package_identification:_identify(bag_records/debug_record/20260513_161433_16749) by extension 'python'
[1.809s] Level 1:colcon.colcon_core.package_identification:_identify(bag_records/debug_record/20260513_161433_16749) by extensions ['python_setup_py']
[1.809s] Level 1:colcon.colcon_core.package_identification:_identify(bag_records/debug_record/20260513_161433_16749) by extension 'python_setup_py'
[1.810s] Level 1:colcon.colcon_core.package_identification:_identify(bag_records/debug_record/20260513_161454_16749) by extensions ['ignore', 'ignore_ament_install']
[1.810s] Level 1:colcon.colcon_core.package_identification:_identify(bag_records/debug_record/20260513_161454_16749) by extension 'ignore'
[1.811s] Level 1:colcon.colcon_core.package_identification:_identify(bag_records/debug_record/20260513_161454_16749) by extension 'ignore_ament_install'
[1.811s] Level 1:colcon.colcon_core.package_identification:_identify(bag_records/debug_record/20260513_161454_16749) by extensions ['colcon_pkg']
[1.811s] Level 1:colcon.colcon_core.package_identification:_identify(bag_records/debug_record/20260513_161454_16749) by extension 'colcon_pkg'
[1.811s] Level 1:colcon.colcon_core.package_identification:_identify(bag_records/debug_record/20260513_161454_16749) by extensions ['colcon_meta']
[1.812s] Level 1:colcon.colcon_core.package_identification:_identify(bag_records/debug_record/20260513_161454_16749) by extension 'colcon_meta'
[1.812s] Level 1:colcon.colcon_core.package_identification:_identify(bag_records/debug_record/20260513_161454_16749) by extensions ['ros']
[1.812s] Level 1:colcon.colcon_core.package_identification:_identify(bag_records/debug_record/20260513_161454_16749) by extension 'ros'
[1.813s] Level 1:colcon.colcon_core.package_identification:_identify(bag_records/debug_record/20260513_161454_16749) by extensions ['cmake', 'python']
[1.813s] Level 1:colcon.colcon_core.package_identification:_identify(bag_records/debug_record/20260513_161454_16749) by extension 'cmake'
[1.813s] Level 1:colcon.colcon_core.package_identification:_identify(bag_records/debug_record/20260513_161454_16749) by extension 'python'
[1.813s] Level 1:colcon.colcon_core.package_identification:_identify(bag_records/debug_record/20260513_161454_16749) by extensions ['python_setup_py']
[1.813s] Level 1:colcon.colcon_core.package_identification:_identify(bag_records/debug_record/20260513_161454_16749) by extension 'python_setup_py'
[1.814s] Level 1:colcon.colcon_core.package_identification:_identify(bag_records/debug_record/20260513_161928_18600) by extensions ['ignore', 'ignore_ament_install']
[1.814s] Level 1:colcon.colcon_core.package_identification:_identify(bag_records/debug_record/20260513_161928_18600) by extension 'ignore'
[1.815s] Level 1:colcon.colcon_core.package_identification:_identify(bag_records/debug_record/20260513_161928_18600) by extension 'ignore_ament_install'
[1.815s] Level 1:colcon.colcon_core.package_identification:_identify(bag_records/debug_record/20260513_161928_18600) by extensions ['colcon_pkg']
[1.815s] Level 1:colcon.colcon_core.package_identification:_identify(bag_records/debug_record/20260513_161928_18600) by extension 'colcon_pkg'
[1.815s] Level 1:colcon.colcon_core.package_identification:_identify(bag_records/debug_record/20260513_161928_18600) by extensions ['colcon_meta']
[1.816s] Level 1:colcon.colcon_core.package_identification:_identify(bag_records/debug_record/20260513_161928_18600) by extension 'colcon_meta'
[1.816s] Level 1:colcon.colcon_core.package_identification:_identify(bag_records/debug_record/20260513_161928_18600) by extensions ['ros']
[1.816s] Level 1:colcon.colcon_core.package_identification:_identify(bag_records/debug_record/20260513_161928_18600) by extension 'ros'
[1.817s] Level 1:colcon.colcon_core.package_identification:_identify(bag_records/debug_record/20260513_161928_18600) by extensions ['cmake', 'python']
[1.817s] Level 1:colcon.colcon_core.package_identification:_identify(bag_records/debug_record/20260513_161928_18600) by extension 'cmake'
[1.817s] Level 1:colcon.colcon_core.package_identification:_identify(bag_records/debug_record/20260513_161928_18600) by extension 'python'
[1.817s] Level 1:colcon.colcon_core.package_identification:_identify(bag_records/debug_record/20260513_161928_18600) by extensions ['python_setup_py']
[1.817s] Level 1:colcon.colcon_core.package_identification:_identify(bag_records/debug_record/20260513_161928_18600) by extension 'python_setup_py'
[1.818s] Level 1:colcon.colcon_core.package_identification:_identify(bag_records/debug_record/20260513_161949_18600) by extensions ['ignore', 'ignore_ament_install']
[1.818s] Level 1:colcon.colcon_core.package_identification:_identify(bag_records/debug_record/20260513_161949_18600) by extension 'ignore'
[1.819s] Level 1:colcon.colcon_core.package_identification:_identify(bag_records/debug_record/20260513_161949_18600) by extension 'ignore_ament_install'
[1.819s] Level 1:colcon.colcon_core.package_identification:_identify(bag_records/debug_record/20260513_161949_18600) by extensions ['colcon_pkg']
[1.819s] Level 1:colcon.colcon_core.package_identification:_identify(bag_records/debug_record/20260513_161949_18600) by extension 'colcon_pkg'
[1.819s] Level 1:colcon.colcon_core.package_identification:_identify(bag_records/debug_record/20260513_161949_18600) by extensions ['colcon_meta']
[1.820s] Level 1:colcon.colcon_core.package_identification:_identify(bag_records/debug_record/20260513_161949_18600) by extension 'colcon_meta'
[1.820s] Level 1:colcon.colcon_core.package_identification:_identify(bag_records/debug_record/20260513_161949_18600) by extensions ['ros']
[1.820s] Level 1:colcon.colcon_core.package_identification:_identify(bag_records/debug_record/20260513_161949_18600) by extension 'ros'
[1.821s] Level 1:colcon.colcon_core.package_identification:_identify(bag_records/debug_record/20260513_161949_18600) by extensions ['cmake', 'python']
[1.821s] Level 1:colcon.colcon_core.package_identification:_identify(bag_records/debug_record/20260513_161949_18600) by extension 'cmake'
[1.821s] Level 1:colcon.colcon_core.package_identification:_identify(bag_records/debug_record/20260513_161949_18600) by extension 'python'
[1.821s] Level 1:colcon.colcon_core.package_identification:_identify(bag_records/debug_record/20260513_161949_18600) by extensions ['python_setup_py']
[1.821s] Level 1:colcon.colcon_core.package_identification:_identify(bag_records/debug_record/20260513_161949_18600) by extension 'python_setup_py'
[1.822s] Level 1:colcon.colcon_core.package_identification:_identify(bag_records/debug_record/20260513_162017_19194) by extensions ['ignore', 'ignore_ament_install']
[1.822s] Level 1:colcon.colcon_core.package_identification:_identify(bag_records/debug_record/20260513_162017_19194) by extension 'ignore'
[1.823s] Level 1:colcon.colcon_core.package_identification:_identify(bag_records/debug_record/20260513_162017_19194) by extension 'ignore_ament_install'
[1.823s] Level 1:colcon.colcon_core.package_identification:_identify(bag_records/debug_record/20260513_162017_19194) by extensions ['colcon_pkg']
[1.823s] Level 1:colcon.colcon_core.package_identification:_identify(bag_records/debug_record/20260513_162017_19194) by extension 'colcon_pkg'
[1.823s] Level 1:colcon.colcon_core.package_identification:_identify(bag_records/debug_record/20260513_162017_19194) by extensions ['colcon_meta']
[1.824s] Level 1:colcon.colcon_core.package_identification:_identify(bag_records/debug_record/20260513_162017_19194) by extension 'colcon_meta'
[1.824s] Level 1:colcon.colcon_core.package_identification:_identify(bag_records/debug_record/20260513_162017_19194) by extensions ['ros']
[1.824s] Level 1:colcon.colcon_core.package_identification:_identify(bag_records/debug_record/20260513_162017_19194) by extension 'ros'
[1.824s] Level 1:colcon.colcon_core.package_identification:_identify(bag_records/debug_record/20260513_162017_19194) by extensions ['cmake', 'python']
[1.825s] Level 1:colcon.colcon_core.package_identification:_identify(bag_records/debug_record/20260513_162017_19194) by extension 'cmake'
[1.825s] Level 1:colcon.colcon_core.package_identification:_identify(bag_records/debug_record/20260513_162017_19194) by extension 'python'
[1.825s] Level 1:colcon.colcon_core.package_identification:_identify(bag_records/debug_record/20260513_162017_19194) by extensions ['python_setup_py']
[1.825s] Level 1:colcon.colcon_core.package_identification:_identify(bag_records/debug_record/20260513_162017_19194) by extension 'python_setup_py'
[1.826s] Level 1:colcon.colcon_core.package_identification:_identify(bag_records/debug_record/20260513_162041_19194) by extensions ['ignore', 'ignore_ament_install']
[1.827s] Level 1:colcon.colcon_core.package_identification:_identify(bag_records/debug_record/20260513_162041_19194) by extension 'ignore'
[1.827s] Level 1:colcon.colcon_core.package_identification:_identify(bag_records/debug_record/20260513_162041_19194) by extension 'ignore_ament_install'
[1.827s] Level 1:colcon.colcon_core.package_identification:_identify(bag_records/debug_record/20260513_162041_19194) by extensions ['colcon_pkg']
[1.827s] Level 1:colcon.colcon_core.package_identification:_identify(bag_records/debug_record/20260513_162041_19194) by extension 'colcon_pkg'
[1.828s] Level 1:colcon.colcon_core.package_identification:_identify(bag_records/debug_record/20260513_162041_19194) by extensions ['colcon_meta']
[1.828s] Level 1:colcon.colcon_core.package_identification:_identify(bag_records/debug_record/20260513_162041_19194) by extension 'colcon_meta'
[1.828s] Level 1:colcon.colcon_core.package_identification:_identify(bag_records/debug_record/20260513_162041_19194) by extensions ['ros']
[1.828s] Level 1:colcon.colcon_core.package_identification:_identify(bag_records/debug_record/20260513_162041_19194) by extension 'ros'
[1.829s] Level 1:colcon.colcon_core.package_identification:_identify(bag_records/debug_record/20260513_162041_19194) by extensions ['cmake', 'python']
[1.829s] Level 1:colcon.colcon_core.package_identification:_identify(bag_records/debug_record/20260513_162041_19194) by extension 'cmake'
[1.829s] Level 1:colcon.colcon_core.package_identification:_identify(bag_records/debug_record/20260513_162041_19194) by extension 'python'
[1.829s] Level 1:colcon.colcon_core.package_identification:_identify(bag_records/debug_record/20260513_162041_19194) by extensions ['python_setup_py']
[1.830s] Level 1:colcon.colcon_core.package_identification:_identify(bag_records/debug_record/20260513_162041_19194) by extension 'python_setup_py'
[1.830s] Level 1:colcon.colcon_core.package_identification:_identify(bag_records/debug_record/20260513_162135_19900) by extensions ['ignore', 'ignore_ament_install']
[1.831s] Level 1:colcon.colcon_core.package_identification:_identify(bag_records/debug_record/20260513_162135_19900) by extension 'ignore'
[1.831s] Level 1:colcon.colcon_core.package_identification:_identify(bag_records/debug_record/20260513_162135_19900) by extension 'ignore_ament_install'
[1.831s] Level 1:colcon.colcon_core.package_identification:_identify(bag_records/debug_record/20260513_162135_19900) by extensions ['colcon_pkg']
[1.831s] Level 1:colcon.colcon_core.package_identification:_identify(bag_records/debug_record/20260513_162135_19900) by extension 'colcon_pkg'
[1.832s] Level 1:colcon.colcon_core.package_identification:_identify(bag_records/debug_record/20260513_162135_19900) by extensions ['colcon_meta']
[1.832s] Level 1:colcon.colcon_core.package_identification:_identify(bag_records/debug_record/20260513_162135_19900) by extension 'colcon_meta'
[1.832s] Level 1:colcon.colcon_core.package_identification:_identify(bag_records/debug_record/20260513_162135_19900) by extensions ['ros']
[1.832s] Level 1:colcon.colcon_core.package_identification:_identify(bag_records/debug_record/20260513_162135_19900) by extension 'ros'
[1.833s] Level 1:colcon.colcon_core.package_identification:_identify(bag_records/debug_record/20260513_162135_19900) by extensions ['cmake', 'python']
[1.833s] Level 1:colcon.colcon_core.package_identification:_identify(bag_records/debug_record/20260513_162135_19900) by extension 'cmake'
[1.833s] Level 1:colcon.colcon_core.package_identification:_identify(bag_records/debug_record/20260513_162135_19900) by extension 'python'
[1.833s] Level 1:colcon.colcon_core.package_identification:_identify(bag_records/debug_record/20260513_162135_19900) by extensions ['python_setup_py']
[1.834s] Level 1:colcon.colcon_core.package_identification:_identify(bag_records/debug_record/20260513_162135_19900) by extension 'python_setup_py'
[1.834s] Level 1:colcon.colcon_core.package_identification:_identify(bag_records/debug_record/20260513_162206_20301) by extensions ['ignore', 'ignore_ament_install']
[1.835s] Level 1:colcon.colcon_core.package_identification:_identify(bag_records/debug_record/20260513_162206_20301) by extension 'ignore'
[1.835s] Level 1:colcon.colcon_core.package_identification:_identify(bag_records/debug_record/20260513_162206_20301) by extension 'ignore_ament_install'
[1.835s] Level 1:colcon.colcon_core.package_identification:_identify(bag_records/debug_record/20260513_162206_20301) by extensions ['colcon_pkg']
[1.835s] Level 1:colcon.colcon_core.package_identification:_identify(bag_records/debug_record/20260513_162206_20301) by extension 'colcon_pkg'
[1.836s] Level 1:colcon.colcon_core.package_identification:_identify(bag_records/debug_record/20260513_162206_20301) by extensions ['colcon_meta']
[1.836s] Level 1:colcon.colcon_core.package_identification:_identify(bag_records/debug_record/20260513_162206_20301) by extension 'colcon_meta'
[1.836s] Level 1:colcon.colcon_core.package_identification:_identify(bag_records/debug_record/20260513_162206_20301) by extensions ['ros']
[1.836s] Level 1:colcon.colcon_core.package_identification:_identify(bag_records/debug_record/20260513_162206_20301) by extension 'ros'
[1.837s] Level 1:colcon.colcon_core.package_identification:_identify(bag_records/debug_record/20260513_162206_20301) by extensions ['cmake', 'python']
[1.837s] Level 1:colcon.colcon_core.package_identification:_identify(bag_records/debug_record/20260513_162206_20301) by extension 'cmake'
[1.837s] Level 1:colcon.colcon_core.package_identification:_identify(bag_records/debug_record/20260513_162206_20301) by extension 'python'
[1.837s] Level 1:colcon.colcon_core.package_identification:_identify(bag_records/debug_record/20260513_162206_20301) by extensions ['python_setup_py']
[1.838s] Level 1:colcon.colcon_core.package_identification:_identify(bag_records/debug_record/20260513_162206_20301) by extension 'python_setup_py'
[1.838s] Level 1:colcon.colcon_core.package_identification:_identify(bag_records/debug_record/20260513_162227_20301) by extensions ['ignore', 'ignore_ament_install']
[1.839s] Level 1:colcon.colcon_core.package_identification:_identify(bag_records/debug_record/20260513_162227_20301) by extension 'ignore'
[1.839s] Level 1:colcon.colcon_core.package_identification:_identify(bag_records/debug_record/20260513_162227_20301) by extension 'ignore_ament_install'
[1.839s] Level 1:colcon.colcon_core.package_identification:_identify(bag_records/debug_record/20260513_162227_20301) by extensions ['colcon_pkg']
[1.839s] Level 1:colcon.colcon_core.package_identification:_identify(bag_records/debug_record/20260513_162227_20301) by extension 'colcon_pkg'
[1.840s] Level 1:colcon.colcon_core.package_identification:_identify(bag_records/debug_record/20260513_162227_20301) by extensions ['colcon_meta']
[1.840s] Level 1:colcon.colcon_core.package_identification:_identify(bag_records/debug_record/20260513_162227_20301) by extension 'colcon_meta'
[1.840s] Level 1:colcon.colcon_core.package_identification:_identify(bag_records/debug_record/20260513_162227_20301) by extensions ['ros']
[1.840s] Level 1:colcon.colcon_core.package_identification:_identify(bag_records/debug_record/20260513_162227_20301) by extension 'ros'
[1.841s] Level 1:colcon.colcon_core.package_identification:_identify(bag_records/debug_record/20260513_162227_20301) by extensions ['cmake', 'python']
[1.841s] Level 1:colcon.colcon_core.package_identification:_identify(bag_records/debug_record/20260513_162227_20301) by extension 'cmake'
[1.841s] Level 1:colcon.colcon_core.package_identification:_identify(bag_records/debug_record/20260513_162227_20301) by extension 'python'
[1.842s] Level 1:colcon.colcon_core.package_identification:_identify(bag_records/debug_record/20260513_162227_20301) by extensions ['python_setup_py']
[1.842s] Level 1:colcon.colcon_core.package_identification:_identify(bag_records/debug_record/20260513_162227_20301) by extension 'python_setup_py'
[1.842s] Level 1:colcon.colcon_core.package_identification:_identify(bag_records/debug_record/20260513_164008_23194) by extensions ['ignore', 'ignore_ament_install']
[1.843s] Level 1:colcon.colcon_core.package_identification:_identify(bag_records/debug_record/20260513_164008_23194) by extension 'ignore'
[1.843s] Level 1:colcon.colcon_core.package_identification:_identify(bag_records/debug_record/20260513_164008_23194) by extension 'ignore_ament_install'
[1.843s] Level 1:colcon.colcon_core.package_identification:_identify(bag_records/debug_record/20260513_164008_23194) by extensions ['colcon_pkg']
[1.844s] Level 1:colcon.colcon_core.package_identification:_identify(bag_records/debug_record/20260513_164008_23194) by extension 'colcon_pkg'
[1.844s] Level 1:colcon.colcon_core.package_identification:_identify(bag_records/debug_record/20260513_164008_23194) by extensions ['colcon_meta']
[1.844s] Level 1:colcon.colcon_core.package_identification:_identify(bag_records/debug_record/20260513_164008_23194) by extension 'colcon_meta'
[1.844s] Level 1:colcon.colcon_core.package_identification:_identify(bag_records/debug_record/20260513_164008_23194) by extensions ['ros']
[1.844s] Level 1:colcon.colcon_core.package_identification:_identify(bag_records/debug_record/20260513_164008_23194) by extension 'ros'
[1.845s] Level 1:colcon.colcon_core.package_identification:_identify(bag_records/debug_record/20260513_164008_23194) by extensions ['cmake', 'python']
[1.845s] Level 1:colcon.colcon_core.package_identification:_identify(bag_records/debug_record/20260513_164008_23194) by extension 'cmake'
[1.845s] Level 1:colcon.colcon_core.package_identification:_identify(bag_records/debug_record/20260513_164008_23194) by extension 'python'
[1.846s] Level 1:colcon.colcon_core.package_identification:_identify(bag_records/debug_record/20260513_164008_23194) by extensions ['python_setup_py']
[1.846s] Level 1:colcon.colcon_core.package_identification:_identify(bag_records/debug_record/20260513_164008_23194) by extension 'python_setup_py'
[1.846s] Level 1:colcon.colcon_core.package_identification:_identify(bag_records/debug_record/20260513_164421_24062) by extensions ['ignore', 'ignore_ament_install']
[1.847s] Level 1:colcon.colcon_core.package_identification:_identify(bag_records/debug_record/20260513_164421_24062) by extension 'ignore'
[1.847s] Level 1:colcon.colcon_core.package_identification:_identify(bag_records/debug_record/20260513_164421_24062) by extension 'ignore_ament_install'
[1.847s] Level 1:colcon.colcon_core.package_identification:_identify(bag_records/debug_record/20260513_164421_24062) by extensions ['colcon_pkg']
[1.848s] Level 1:colcon.colcon_core.package_identification:_identify(bag_records/debug_record/20260513_164421_24062) by extension 'colcon_pkg'
[1.848s] Level 1:colcon.colcon_core.package_identification:_identify(bag_records/debug_record/20260513_164421_24062) by extensions ['colcon_meta']
[1.848s] Level 1:colcon.colcon_core.package_identification:_identify(bag_records/debug_record/20260513_164421_24062) by extension 'colcon_meta'
[1.848s] Level 1:colcon.colcon_core.package_identification:_identify(bag_records/debug_record/20260513_164421_24062) by extensions ['ros']
[1.849s] Level 1:colcon.colcon_core.package_identification:_identify(bag_records/debug_record/20260513_164421_24062) by extension 'ros'
[1.849s] Level 1:colcon.colcon_core.package_identification:_identify(bag_records/debug_record/20260513_164421_24062) by extensions ['cmake', 'python']
[1.849s] Level 1:colcon.colcon_core.package_identification:_identify(bag_records/debug_record/20260513_164421_24062) by extension 'cmake'
[1.849s] Level 1:colcon.colcon_core.package_identification:_identify(bag_records/debug_record/20260513_164421_24062) by extension 'python'
[1.850s] Level 1:colcon.colcon_core.package_identification:_identify(bag_records/debug_record/20260513_164421_24062) by extensions ['python_setup_py']
[1.850s] Level 1:colcon.colcon_core.package_identification:_identify(bag_records/debug_record/20260513_164421_24062) by extension 'python_setup_py'
[1.850s] Level 1:colcon.colcon_core.package_identification:_identify(build) by extensions ['ignore', 'ignore_ament_install']
[1.851s] Level 1:colcon.colcon_core.package_identification:_identify(build) by extension 'ignore'
[1.851s] Level 1:colcon.colcon_core.package_identification:_identify(build) ignored
[1.852s] Level 1:colcon.colcon_core.package_identification:_identify(install) by extensions ['ignore', 'ignore_ament_install']
[1.852s] Level 1:colcon.colcon_core.package_identification:_identify(install) by extension 'ignore'
[1.852s] Level 1:colcon.colcon_core.package_identification:_identify(install) ignored
[1.853s] Level 1:colcon.colcon_core.package_identification:_identify(log) by extensions ['ignore', 'ignore_ament_install']
[1.853s] Level 1:colcon.colcon_core.package_identification:_identify(log) by extension 'ignore'
[1.853s] Level 1:colcon.colcon_core.package_identification:_identify(log) ignored
[1.854s] Level 1:colcon.colcon_core.package_identification:_identify(reqirements) by extensions ['ignore', 'ignore_ament_install']
[1.854s] Level 1:colcon.colcon_core.package_identification:_identify(reqirements) by extension 'ignore'
[1.855s] Level 1:colcon.colcon_core.package_identification:_identify(reqirements) by extension 'ignore_ament_install'
[1.855s] Level 1:colcon.colcon_core.package_identification:_identify(reqirements) by extensions ['colcon_pkg']
[1.855s] Level 1:colcon.colcon_core.package_identification:_identify(reqirements) by extension 'colcon_pkg'
[1.855s] Level 1:colcon.colcon_core.package_identification:_identify(reqirements) by extensions ['colcon_meta']
[1.855s] Level 1:colcon.colcon_core.package_identification:_identify(reqirements) by extension 'colcon_meta'
[1.856s] Level 1:colcon.colcon_core.package_identification:_identify(reqirements) by extensions ['ros']
[1.856s] Level 1:colcon.colcon_core.package_identification:_identify(reqirements) by extension 'ros'
[1.856s] Level 1:colcon.colcon_core.package_identification:_identify(reqirements) by extensions ['cmake', 'python']
[1.857s] Level 1:colcon.colcon_core.package_identification:_identify(reqirements) by extension 'cmake'
[1.857s] Level 1:colcon.colcon_core.package_identification:_identify(reqirements) by extension 'python'
[1.857s] Level 1:colcon.colcon_core.package_identification:_identify(reqirements) by extensions ['python_setup_py']
[1.857s] Level 1:colcon.colcon_core.package_identification:_identify(reqirements) by extension 'python_setup_py'
[1.858s] Level 1:colcon.colcon_core.package_identification:_identify(src) by extensions ['ignore', 'ignore_ament_install']
[1.858s] Level 1:colcon.colcon_core.package_identification:_identify(src) by extension 'ignore'
[1.858s] Level 1:colcon.colcon_core.package_identification:_identify(src) by extension 'ignore_ament_install'
[1.859s] Level 1:colcon.colcon_core.package_identification:_identify(src) by extensions ['colcon_pkg']
[1.859s] Level 1:colcon.colcon_core.package_identification:_identify(src) by extension 'colcon_pkg'
[1.859s] Level 1:colcon.colcon_core.package_identification:_identify(src) by extensions ['colcon_meta']
[1.859s] Level 1:colcon.colcon_core.package_identification:_identify(src) by extension 'colcon_meta'
[1.860s] Level 1:colcon.colcon_core.package_identification:_identify(src) by extensions ['ros']
[1.860s] Level 1:colcon.colcon_core.package_identification:_identify(src) by extension 'ros'
[1.860s] Level 1:colcon.colcon_core.package_identification:_identify(src) by extensions ['cmake', 'python']
[1.860s] Level 1:colcon.colcon_core.package_identification:_identify(src) by extension 'cmake'
[1.861s] Level 1:colcon.colcon_core.package_identification:_identify(src) by extension 'python'
[1.861s] Level 1:colcon.colcon_core.package_identification:_identify(src) by extensions ['python_setup_py']
[1.861s] Level 1:colcon.colcon_core.package_identification:_identify(src) by extension 'python_setup_py'
[1.862s] Level 1:colcon.colcon_core.package_identification:_identify(src/rm_start) by extensions ['ignore', 'ignore_ament_install']
[1.862s] Level 1:colcon.colcon_core.package_identification:_identify(src/rm_start) by extension 'ignore'
[1.862s] Level 1:colcon.colcon_core.package_identification:_identify(src/rm_start) by extension 'ignore_ament_install'
[1.863s] Level 1:colcon.colcon_core.package_identification:_identify(src/rm_start) by extensions ['colcon_pkg']
[1.863s] Level 1:colcon.colcon_core.package_identification:_identify(src/rm_start) by extension 'colcon_pkg'
[1.863s] Level 1:colcon.colcon_core.package_identification:_identify(src/rm_start) by extensions ['colcon_meta']
[1.863s] Level 1:colcon.colcon_core.package_identification:_identify(src/rm_start) by extension 'colcon_meta'
[1.863s] Level 1:colcon.colcon_core.package_identification:_identify(src/rm_start) by extensions ['ros']
[1.864s] Level 1:colcon.colcon_core.package_identification:_identify(src/rm_start) by extension 'ros'
[1.864s] Level 1:colcon.colcon_core.package_identification:_identify(src/rm_start) by extensions ['cmake', 'python']
[1.864s] Level 1:colcon.colcon_core.package_identification:_identify(src/rm_start) by extension 'cmake'
[1.865s] Level 1:colcon.colcon_core.package_identification:_identify(src/rm_start) by extension 'python'
[1.865s] Level 1:colcon.colcon_core.package_identification:_identify(src/rm_start) by extensions ['python_setup_py']
[1.865s] Level 1:colcon.colcon_core.package_identification:_identify(src/rm_start) by extension 'python_setup_py'
[1.865s] Level 1:colcon.colcon_core.package_identification:_identify(src/ros2_hik_camera) by extensions ['ignore', 'ignore_ament_install']
[1.866s] Level 1:colcon.colcon_core.package_identification:_identify(src/ros2_hik_camera) by extension 'ignore'
[1.866s] Level 1:colcon.colcon_core.package_identification:_identify(src/ros2_hik_camera) by extension 'ignore_ament_install'
[1.866s] Level 1:colcon.colcon_core.package_identification:_identify(src/ros2_hik_camera) by extensions ['colcon_pkg']
[1.867s] Level 1:colcon.colcon_core.package_identification:_identify(src/ros2_hik_camera) by extension 'colcon_pkg'
[1.867s] Level 1:colcon.colcon_core.package_identification:_identify(src/ros2_hik_camera) by extensions ['colcon_meta']
[1.867s] Level 1:colcon.colcon_core.package_identification:_identify(src/ros2_hik_camera) by extension 'colcon_meta'
[1.867s] Level 1:colcon.colcon_core.package_identification:_identify(src/ros2_hik_camera) by extensions ['ros']
[1.867s] Level 1:colcon.colcon_core.package_identification:_identify(src/ros2_hik_camera) by extension 'ros'
[1.882s] DEBUG:colcon.colcon_core.package_identification:Package 'src/ros2_hik_camera' with type 'ros.ament_cmake' and name 'hik_camera'
[1.883s] Level 1:colcon.colcon_core.package_identification:_identify(src/yq_dart_aim) by extensions ['ignore', 'ignore_ament_install']
[1.884s] Level 1:colcon.colcon_core.package_identification:_identify(src/yq_dart_aim) by extension 'ignore'
[1.884s] Level 1:colcon.colcon_core.package_identification:_identify(src/yq_dart_aim) by extension 'ignore_ament_install'
[1.884s] Level 1:colcon.colcon_core.package_identification:_identify(src/yq_dart_aim) by extensions ['colcon_pkg']
[1.885s] Level 1:colcon.colcon_core.package_identification:_identify(src/yq_dart_aim) by extension 'colcon_pkg'
[1.885s] Level 1:colcon.colcon_core.package_identification:_identify(src/yq_dart_aim) by extensions ['colcon_meta']
[1.885s] Level 1:colcon.colcon_core.package_identification:_identify(src/yq_dart_aim) by extension 'colcon_meta'
[1.885s] Level 1:colcon.colcon_core.package_identification:_identify(src/yq_dart_aim) by extensions ['ros']
[1.885s] Level 1:colcon.colcon_core.package_identification:_identify(src/yq_dart_aim) by extension 'ros'
[1.889s] DEBUG:colcon.colcon_core.package_identification:Package 'src/yq_dart_aim' with type 'ros.ament_cmake' and name 'yq_dart_aim'
[1.889s] Level 1:colcon.colcon_core.package_discovery:discover_packages(recursive) using defaults
[1.890s] Level 1:colcon.colcon_core.package_discovery:discover_packages(ignore) discover
[1.890s] Level 1:colcon.colcon_core.package_discovery:discover_packages(ignore) using defaults
[1.890s] Level 1:colcon.colcon_core.package_discovery:discover_packages(path) discover
[1.890s] Level 1:colcon.colcon_core.package_discovery:discover_packages(path) using defaults
[2.002s] INFO:colcon.colcon_core.package_selection:Skipping not selected package 'hik_camera' in 'src/ros2_hik_camera'
[2.005s] Level 1:colcon.colcon_core.package_discovery:discover_packages(prefix_path) check parameters
[2.006s] Level 1:colcon.colcon_core.package_discovery:discover_packages(prefix_path) discover
[2.016s] DEBUG:colcon.colcon_installed_package_information.package_discovery:Found 2 installed packages in /root/dart_ws/install
[2.024s] DEBUG:colcon.colcon_installed_package_information.package_discovery:Found 281 installed packages in /opt/ros/humble
[2.112s] Level 1:colcon.colcon_core.package_discovery:discover_packages(prefix_path) using defaults
[2.373s] Level 5:colcon.colcon_core.verb:set package 'yq_dart_aim' build argument 'cmake_args' from command line to 'None'
[2.373s] Level 5:colcon.colcon_core.verb:set package 'yq_dart_aim' build argument 'cmake_target' from command line to 'None'
[2.374s] Level 5:colcon.colcon_core.verb:set package 'yq_dart_aim' build argument 'cmake_target_skip_unavailable' from command line to 'False'
[2.374s] Level 5:colcon.colcon_core.verb:set package 'yq_dart_aim' build argument 'cmake_clean_cache' from command line to 'False'
[2.374s] Level 5:colcon.colcon_core.verb:set package 'yq_dart_aim' build argument 'cmake_clean_first' from command line to 'False'
[2.374s] Level 5:colcon.colcon_core.verb:set package 'yq_dart_aim' build argument 'cmake_force_configure' from command line to 'False'
[2.374s] Level 5:colcon.colcon_core.verb:set package 'yq_dart_aim' build argument 'ament_cmake_args' from command line to 'None'
[2.375s] Level 5:colcon.colcon_core.verb:set package 'yq_dart_aim' build argument 'catkin_cmake_args' from command line to 'None'
[2.375s] Level 5:colcon.colcon_core.verb:set package 'yq_dart_aim' build argument 'catkin_skip_building_tests' from command line to 'False'
[2.375s] DEBUG:colcon.colcon_core.verb:Building package 'yq_dart_aim' with the following arguments: {'ament_cmake_args': None, 'build_base': '/root/dart_ws/build/yq_dart_aim', 'catkin_cmake_args': None, 'catkin_skip_building_tests': False, 'cmake_args': None, 'cmake_clean_cache': False, 'cmake_clean_first': False, 'cmake_force_configure': False, 'cmake_target': None, 'cmake_target_skip_unavailable': False, 'install_base': '/root/dart_ws/install/yq_dart_aim', 'merge_install': False, 'path': '/root/dart_ws/src/yq_dart_aim', 'symlink_install': True, 'test_result_base': None}
[2.376s] INFO:colcon.colcon_core.executor:Executing jobs using 'parallel' executor
[2.381s] DEBUG:colcon.colcon_parallel_executor.executor.parallel:run_until_complete
[2.382s] INFO:colcon.colcon_ros.task.ament_cmake.build:Building ROS package in '/root/dart_ws/src/yq_dart_aim' with build type 'ament_cmake'
[2.383s] INFO:colcon.colcon_cmake.task.cmake.build:Building CMake package in '/root/dart_ws/src/yq_dart_aim'
[2.394s] INFO:colcon.colcon_core.plugin_system:Skipping extension 'colcon_core.shell.bat': Not used on non-Windows systems
[2.396s] INFO:colcon.colcon_core.shell:Skip shell extension 'powershell' for command environment: Not usable outside of PowerShell
[2.396s] DEBUG:colcon.colcon_core.shell:Skip shell extension 'dsv' for command environment
[2.433s] DEBUG:colcon.colcon_core.event_handler.log_command:Invoking command in '/root/dart_ws/build/yq_dart_aim': CMAKE_PREFIX_PATH=${CMAKE_PREFIX_PATH}:/opt/ros/humble /usr/bin/cmake --build /root/dart_ws/build/yq_dart_aim -- -j8 -l8
[98.191s] DEBUG:colcon.colcon_core.event_handler.log_command:Invoked command in '/root/dart_ws/build/yq_dart_aim' returned '0': CMAKE_PREFIX_PATH=${CMAKE_PREFIX_PATH}:/opt/ros/humble /usr/bin/cmake --build /root/dart_ws/build/yq_dart_aim -- -j8 -l8
[98.244s] DEBUG:colcon.colcon_core.event_handler.log_command:Invoking command in '/root/dart_ws/build/yq_dart_aim': CMAKE_PREFIX_PATH=${CMAKE_PREFIX_PATH}:/opt/ros/humble /usr/bin/cmake --install /root/dart_ws/build/yq_dart_aim
[98.362s] Level 1:colcon.colcon_core.environment:create_environment_scripts_only(yq_dart_aim)
[98.365s] DEBUG:colcon.colcon_core.event_handler.log_command:Invoked command in '/root/dart_ws/build/yq_dart_aim' returned '0': CMAKE_PREFIX_PATH=${CMAKE_PREFIX_PATH}:/opt/ros/humble /usr/bin/cmake --install /root/dart_ws/build/yq_dart_aim
[98.388s] Level 1:colcon.colcon_core.environment:checking '/root/dart_ws/install/yq_dart_aim' for CMake module files
[98.391s] Level 1:colcon.colcon_core.environment:checking '/root/dart_ws/install/yq_dart_aim' for CMake config files
[98.392s] Level 1:colcon.colcon_core.shell:create_environment_hook('yq_dart_aim', 'cmake_prefix_path')
[98.393s] INFO:colcon.colcon_core.shell:Creating environment hook '/root/dart_ws/install/yq_dart_aim/share/yq_dart_aim/hook/cmake_prefix_path.ps1'
[98.397s] INFO:colcon.colcon_core.shell:Creating environment descriptor '/root/dart_ws/install/yq_dart_aim/share/yq_dart_aim/hook/cmake_prefix_path.dsv'
[98.402s] INFO:colcon.colcon_core.shell:Creating environment hook '/root/dart_ws/install/yq_dart_aim/share/yq_dart_aim/hook/cmake_prefix_path.sh'
[98.410s] Level 1:colcon.colcon_core.environment:checking '/root/dart_ws/install/yq_dart_aim/lib'
[98.411s] Level 1:colcon.colcon_core.environment:checking '/root/dart_ws/install/yq_dart_aim/bin'
[98.412s] Level 1:colcon.colcon_core.environment:checking '/root/dart_ws/install/yq_dart_aim/lib/pkgconfig/yq_dart_aim.pc'
[98.414s] Level 1:colcon.colcon_core.environment:checking '/root/dart_ws/install/yq_dart_aim/lib/python3.10/site-packages'
[98.416s] Level 1:colcon.colcon_core.environment:checking '/root/dart_ws/install/yq_dart_aim/bin'
[98.418s] INFO:colcon.colcon_core.shell:Creating package script '/root/dart_ws/install/yq_dart_aim/share/yq_dart_aim/package.ps1'
[98.424s] INFO:colcon.colcon_core.shell:Creating package descriptor '/root/dart_ws/install/yq_dart_aim/share/yq_dart_aim/package.dsv'
[98.427s] INFO:colcon.colcon_core.shell:Creating package script '/root/dart_ws/install/yq_dart_aim/share/yq_dart_aim/package.sh'
[98.432s] INFO:colcon.colcon_core.shell:Creating package script '/root/dart_ws/install/yq_dart_aim/share/yq_dart_aim/package.bash'
[98.438s] INFO:colcon.colcon_core.shell:Creating package script '/root/dart_ws/install/yq_dart_aim/share/yq_dart_aim/package.zsh'
[98.442s] Level 1:colcon.colcon_core.environment:create_file_with_runtime_dependencies(/root/dart_ws/install/yq_dart_aim/share/colcon-core/packages/yq_dart_aim)
[98.445s] Level 1:colcon.colcon_core.environment:create_environment_scripts_only(yq_dart_aim)
[98.447s] Level 1:colcon.colcon_core.environment:checking '/root/dart_ws/install/yq_dart_aim' for CMake module files
[98.450s] Level 1:colcon.colcon_core.environment:checking '/root/dart_ws/install/yq_dart_aim' for CMake config files
[98.451s] Level 1:colcon.colcon_core.shell:create_environment_hook('yq_dart_aim', 'cmake_prefix_path')
[98.453s] INFO:colcon.colcon_core.shell:Creating environment hook '/root/dart_ws/install/yq_dart_aim/share/yq_dart_aim/hook/cmake_prefix_path.ps1'
[98.455s] INFO:colcon.colcon_core.shell:Creating environment descriptor '/root/dart_ws/install/yq_dart_aim/share/yq_dart_aim/hook/cmake_prefix_path.dsv'
[98.457s] INFO:colcon.colcon_core.shell:Creating environment hook '/root/dart_ws/install/yq_dart_aim/share/yq_dart_aim/hook/cmake_prefix_path.sh'
[98.461s] Level 1:colcon.colcon_core.environment:checking '/root/dart_ws/install/yq_dart_aim/lib'
[98.462s] Level 1:colcon.colcon_core.environment:checking '/root/dart_ws/install/yq_dart_aim/bin'
[98.462s] Level 1:colcon.colcon_core.environment:checking '/root/dart_ws/install/yq_dart_aim/lib/pkgconfig/yq_dart_aim.pc'
[98.464s] Level 1:colcon.colcon_core.environment:checking '/root/dart_ws/install/yq_dart_aim/lib/python3.10/site-packages'
[98.466s] Level 1:colcon.colcon_core.environment:checking '/root/dart_ws/install/yq_dart_aim/bin'
[98.469s] INFO:colcon.colcon_core.shell:Creating package script '/root/dart_ws/install/yq_dart_aim/share/yq_dart_aim/package.ps1'
[98.474s] INFO:colcon.colcon_core.shell:Creating package descriptor '/root/dart_ws/install/yq_dart_aim/share/yq_dart_aim/package.dsv'
[98.477s] INFO:colcon.colcon_core.shell:Creating package script '/root/dart_ws/install/yq_dart_aim/share/yq_dart_aim/package.sh'
[98.480s] INFO:colcon.colcon_core.shell:Creating package script '/root/dart_ws/install/yq_dart_aim/share/yq_dart_aim/package.bash'
[98.483s] INFO:colcon.colcon_core.shell:Creating package script '/root/dart_ws/install/yq_dart_aim/share/yq_dart_aim/package.zsh'
[98.485s] Level 1:colcon.colcon_core.environment:create_file_with_runtime_dependencies(/root/dart_ws/install/yq_dart_aim/share/colcon-core/packages/yq_dart_aim)
[98.486s] DEBUG:colcon.colcon_parallel_executor.executor.parallel:closing loop
[98.488s] DEBUG:colcon.colcon_parallel_executor.executor.parallel:loop closed
[98.488s] DEBUG:colcon.colcon_parallel_executor.executor.parallel:run_until_complete finished with '0'
[98.489s] DEBUG:colcon.colcon_core.event_reactor:joining thread
[98.516s] INFO:colcon.colcon_core.plugin_system:Skipping extension 'colcon_notification.desktop_notification.notify_send': Could not find 'notify-send'
[98.517s] INFO:colcon.colcon_core.plugin_system:Skipping extension 'colcon_notification.desktop_notification.terminal_notifier': Not used on non-Darwin systems
[98.517s] INFO:colcon.colcon_core.plugin_system:Skipping extension 'colcon_notification.desktop_notification.win32': Not used on non-Windows systems
[98.517s] INFO:colcon.colcon_notification.desktop_notification:Sending desktop notification using 'notify2'
[123.527s] DEBUG:colcon.colcon_notification.desktop_notification.notify2:Failed to initialize notify2: org.freedesktop.DBus.Error.NoReply: Did not receive a reply. Possible causes include: the remote application did not send a reply, the message bus security policy blocked the reply, the reply timeout expired, or the network connection was broken.
[123.527s] DEBUG:colcon.colcon_core.event_reactor:joined thread
[123.529s] INFO:colcon.colcon_core.shell:Creating prefix script '/root/dart_ws/install/local_setup.ps1'
[123.536s] INFO:colcon.colcon_core.shell:Creating prefix util module '/root/dart_ws/install/_local_setup_util_ps1.py'
[123.546s] INFO:colcon.colcon_core.shell:Creating prefix chain script '/root/dart_ws/install/setup.ps1'
[123.553s] INFO:colcon.colcon_core.shell:Creating prefix script '/root/dart_ws/install/local_setup.sh'
[123.556s] INFO:colcon.colcon_core.shell:Creating prefix util module '/root/dart_ws/install/_local_setup_util_sh.py'
[123.560s] INFO:colcon.colcon_core.shell:Creating prefix chain script '/root/dart_ws/install/setup.sh'
[123.567s] INFO:colcon.colcon_core.shell:Creating prefix script '/root/dart_ws/install/local_setup.bash'
[123.571s] INFO:colcon.colcon_core.shell:Creating prefix chain script '/root/dart_ws/install/setup.bash'
[123.577s] INFO:colcon.colcon_core.shell:Creating prefix script '/root/dart_ws/install/local_setup.zsh'
[123.581s] INFO:colcon.colcon_core.shell:Creating prefix chain script '/root/dart_ws/install/setup.zsh'
