[0.726s] DEBUG:colcon:Command line arguments: ['/usr/bin/colcon', 'build', '--packages-select', 'yq_dart_aim', '--symlink-install']
[0.727s] DEBUG:colcon:Parsed command line arguments: Namespace(log_base=None, log_level=None, verb_name='build', build_base='build', install_base='install', merge_install=False, symlink_install=True, test_result_base=None, continue_on_error=False, executor='parallel', parallel_workers=8, event_handlers=None, ignore_user_meta=False, metas=['./colcon.meta'], base_paths=['.'], packages_ignore=None, packages_ignore_regex=None, paths=None, packages_up_to=None, packages_up_to_regex=None, packages_above=None, packages_above_and_dependencies=None, packages_above_depth=None, packages_select_by_dep=None, packages_skip_by_dep=None, packages_skip_up_to=None, packages_select_build_failed=False, packages_skip_build_finished=False, packages_select_test_failures=False, packages_skip_test_passed=False, packages_select=['yq_dart_aim'], packages_skip=None, packages_select_regex=None, packages_skip_regex=None, packages_start=None, packages_end=None, allow_overriding=[], cmake_args=None, cmake_target=None, cmake_target_skip_unavailable=False, cmake_clean_cache=False, cmake_clean_first=False, cmake_force_configure=False, ament_cmake_args=None, catkin_cmake_args=None, catkin_skip_building_tests=False, verb_parser=<colcon_defaults.argument_parser.defaults.DefaultArgumentsDecorator object at 0xffffad633a90>, verb_extension=<colcon_core.verb.build.BuildVerb object at 0xffffad6331f0>, main=<bound method BuildVerb.main of <colcon_core.verb.build.BuildVerb object at 0xffffad6331f0>>)
[1.988s] Level 1:colcon.colcon_core.package_discovery:discover_packages(colcon_meta) check parameters
[1.989s] Level 1:colcon.colcon_core.package_discovery:discover_packages(recursive) check parameters
[1.989s] Level 1:colcon.colcon_core.package_discovery:discover_packages(ignore) check parameters
[1.989s] Level 1:colcon.colcon_core.package_discovery:discover_packages(path) check parameters
[1.989s] Level 1:colcon.colcon_core.package_discovery:discover_packages(colcon_meta) discover
[1.990s] Level 1:colcon.colcon_core.package_discovery:discover_packages(recursive) discover
[1.990s] INFO:colcon.colcon_core.package_discovery:Crawling recursively for packages in '/root/dart_ws'
[1.990s] Level 1:colcon.colcon_core.package_identification:_identify(.) by extensions ['ignore', 'ignore_ament_install']
[1.991s] Level 1:colcon.colcon_core.package_identification:_identify(.) by extension 'ignore'
[1.991s] Level 1:colcon.colcon_core.package_identification:_identify(.) by extension 'ignore_ament_install'
[1.992s] Level 1:colcon.colcon_core.package_identification:_identify(.) by extensions ['colcon_pkg']
[1.992s] Level 1:colcon.colcon_core.package_identification:_identify(.) by extension 'colcon_pkg'
[1.992s] Level 1:colcon.colcon_core.package_identification:_identify(.) by extensions ['colcon_meta']
[1.992s] Level 1:colcon.colcon_core.package_identification:_identify(.) by extension 'colcon_meta'
[1.992s] Level 1:colcon.colcon_core.package_identification:_identify(.) by extensions ['ros']
[1.993s] Level 1:colcon.colcon_core.package_identification:_identify(.) by extension 'ros'
[2.069s] Level 1:colcon.colcon_core.package_identification:_identify(.) by extensions ['cmake', 'python']
[2.070s] Level 1:colcon.colcon_core.package_identification:_identify(.) by extension 'cmake'
[2.070s] Level 1:colcon.colcon_core.package_identification:_identify(.) by extension 'python'
[2.070s] Level 1:colcon.colcon_core.package_identification:_identify(.) by extensions ['python_setup_py']
[2.071s] Level 1:colcon.colcon_core.package_identification:_identify(.) by extension 'python_setup_py'
[2.071s] Level 1:colcon.colcon_core.package_identification:_identify(MvSdkLog) by extensions ['ignore', 'ignore_ament_install']
[2.072s] Level 1:colcon.colcon_core.package_identification:_identify(MvSdkLog) by extension 'ignore'
[2.072s] Level 1:colcon.colcon_core.package_identification:_identify(MvSdkLog) by extension 'ignore_ament_install'
[2.072s] Level 1:colcon.colcon_core.package_identification:_identify(MvSdkLog) by extensions ['colcon_pkg']
[2.072s] Level 1:colcon.colcon_core.package_identification:_identify(MvSdkLog) by extension 'colcon_pkg'
[2.073s] Level 1:colcon.colcon_core.package_identification:_identify(MvSdkLog) by extensions ['colcon_meta']
[2.073s] Level 1:colcon.colcon_core.package_identification:_identify(MvSdkLog) by extension 'colcon_meta'
[2.073s] Level 1:colcon.colcon_core.package_identification:_identify(MvSdkLog) by extensions ['ros']
[2.073s] Level 1:colcon.colcon_core.package_identification:_identify(MvSdkLog) by extension 'ros'
[2.074s] Level 1:colcon.colcon_core.package_identification:_identify(MvSdkLog) by extensions ['cmake', 'python']
[2.074s] Level 1:colcon.colcon_core.package_identification:_identify(MvSdkLog) by extension 'cmake'
[2.074s] Level 1:colcon.colcon_core.package_identification:_identify(MvSdkLog) by extension 'python'
[2.075s] Level 1:colcon.colcon_core.package_identification:_identify(MvSdkLog) by extensions ['python_setup_py']
[2.075s] Level 1:colcon.colcon_core.package_identification:_identify(MvSdkLog) by extension 'python_setup_py'
[2.075s] Level 1:colcon.colcon_core.package_identification:_identify(bag_records) by extensions ['ignore', 'ignore_ament_install']
[2.076s] Level 1:colcon.colcon_core.package_identification:_identify(bag_records) by extension 'ignore'
[2.076s] Level 1:colcon.colcon_core.package_identification:_identify(bag_records) by extension 'ignore_ament_install'
[2.076s] Level 1:colcon.colcon_core.package_identification:_identify(bag_records) by extensions ['colcon_pkg']
[2.076s] Level 1:colcon.colcon_core.package_identification:_identify(bag_records) by extension 'colcon_pkg'
[2.077s] Level 1:colcon.colcon_core.package_identification:_identify(bag_records) by extensions ['colcon_meta']
[2.077s] Level 1:colcon.colcon_core.package_identification:_identify(bag_records) by extension 'colcon_meta'
[2.077s] Level 1:colcon.colcon_core.package_identification:_identify(bag_records) by extensions ['ros']
[2.077s] Level 1:colcon.colcon_core.package_identification:_identify(bag_records) by extension 'ros'
[2.078s] Level 1:colcon.colcon_core.package_identification:_identify(bag_records) by extensions ['cmake', 'python']
[2.078s] Level 1:colcon.colcon_core.package_identification:_identify(bag_records) by extension 'cmake'
[2.078s] Level 1:colcon.colcon_core.package_identification:_identify(bag_records) by extension 'python'
[2.079s] Level 1:colcon.colcon_core.package_identification:_identify(bag_records) by extensions ['python_setup_py']
[2.079s] Level 1:colcon.colcon_core.package_identification:_identify(bag_records) by extension 'python_setup_py'
[2.079s] Level 1:colcon.colcon_core.package_identification:_identify(bag_records/debug_record) by extensions ['ignore', 'ignore_ament_install']
[2.081s] Level 1:colcon.colcon_core.package_identification:_identify(bag_records/debug_record) by extension 'ignore'
[2.081s] Level 1:colcon.colcon_core.package_identification:_identify(bag_records/debug_record) by extension 'ignore_ament_install'
[2.081s] Level 1:colcon.colcon_core.package_identification:_identify(bag_records/debug_record) by extensions ['colcon_pkg']
[2.082s] Level 1:colcon.colcon_core.package_identification:_identify(bag_records/debug_record) by extension 'colcon_pkg'
[2.082s] Level 1:colcon.colcon_core.package_identification:_identify(bag_records/debug_record) by extensions ['colcon_meta']
[2.082s] Level 1:colcon.colcon_core.package_identification:_identify(bag_records/debug_record) by extension 'colcon_meta'
[2.082s] Level 1:colcon.colcon_core.package_identification:_identify(bag_records/debug_record) by extensions ['ros']
[2.083s] Level 1:colcon.colcon_core.package_identification:_identify(bag_records/debug_record) by extension 'ros'
[2.083s] Level 1:colcon.colcon_core.package_identification:_identify(bag_records/debug_record) by extensions ['cmake', 'python']
[2.083s] Level 1:colcon.colcon_core.package_identification:_identify(bag_records/debug_record) by extension 'cmake'
[2.084s] Level 1:colcon.colcon_core.package_identification:_identify(bag_records/debug_record) by extension 'python'
[2.084s] Level 1:colcon.colcon_core.package_identification:_identify(bag_records/debug_record) by extensions ['python_setup_py']
[2.084s] Level 1:colcon.colcon_core.package_identification:_identify(bag_records/debug_record) by extension 'python_setup_py'
[2.085s] Level 1:colcon.colcon_core.package_identification:_identify(bag_records/debug_record/20000101_080025_915) by extensions ['ignore', 'ignore_ament_install']
[2.085s] Level 1:colcon.colcon_core.package_identification:_identify(bag_records/debug_record/20000101_080025_915) by extension 'ignore'
[2.086s] Level 1:colcon.colcon_core.package_identification:_identify(bag_records/debug_record/20000101_080025_915) by extension 'ignore_ament_install'
[2.086s] Level 1:colcon.colcon_core.package_identification:_identify(bag_records/debug_record/20000101_080025_915) by extensions ['colcon_pkg']
[2.086s] Level 1:colcon.colcon_core.package_identification:_identify(bag_records/debug_record/20000101_080025_915) by extension 'colcon_pkg'
[2.086s] Level 1:colcon.colcon_core.package_identification:_identify(bag_records/debug_record/20000101_080025_915) by extensions ['colcon_meta']
[2.086s] Level 1:colcon.colcon_core.package_identification:_identify(bag_records/debug_record/20000101_080025_915) by extension 'colcon_meta'
[2.087s] Level 1:colcon.colcon_core.package_identification:_identify(bag_records/debug_record/20000101_080025_915) by extensions ['ros']
[2.087s] Level 1:colcon.colcon_core.package_identification:_identify(bag_records/debug_record/20000101_080025_915) by extension 'ros'
[2.087s] Level 1:colcon.colcon_core.package_identification:_identify(bag_records/debug_record/20000101_080025_915) by extensions ['cmake', 'python']
[2.088s] Level 1:colcon.colcon_core.package_identification:_identify(bag_records/debug_record/20000101_080025_915) by extension 'cmake'
[2.088s] Level 1:colcon.colcon_core.package_identification:_identify(bag_records/debug_record/20000101_080025_915) by extension 'python'
[2.088s] Level 1:colcon.colcon_core.package_identification:_identify(bag_records/debug_record/20000101_080025_915) by extensions ['python_setup_py']
[2.088s] Level 1:colcon.colcon_core.package_identification:_identify(bag_records/debug_record/20000101_080025_915) by extension 'python_setup_py'
[2.089s] Level 1:colcon.colcon_core.package_identification:_identify(bag_records/debug_record/20000101_080025_920) by extensions ['ignore', 'ignore_ament_install']
[2.089s] Level 1:colcon.colcon_core.package_identification:_identify(bag_records/debug_record/20000101_080025_920) by extension 'ignore'
[2.090s] Level 1:colcon.colcon_core.package_identification:_identify(bag_records/debug_record/20000101_080025_920) by extension 'ignore_ament_install'
[2.090s] Level 1:colcon.colcon_core.package_identification:_identify(bag_records/debug_record/20000101_080025_920) by extensions ['colcon_pkg']
[2.090s] Level 1:colcon.colcon_core.package_identification:_identify(bag_records/debug_record/20000101_080025_920) by extension 'colcon_pkg'
[2.090s] Level 1:colcon.colcon_core.package_identification:_identify(bag_records/debug_record/20000101_080025_920) by extensions ['colcon_meta']
[2.091s] Level 1:colcon.colcon_core.package_identification:_identify(bag_records/debug_record/20000101_080025_920) by extension 'colcon_meta'
[2.091s] Level 1:colcon.colcon_core.package_identification:_identify(bag_records/debug_record/20000101_080025_920) by extensions ['ros']
[2.091s] Level 1:colcon.colcon_core.package_identification:_identify(bag_records/debug_record/20000101_080025_920) by extension 'ros'
[2.092s] Level 1:colcon.colcon_core.package_identification:_identify(bag_records/debug_record/20000101_080025_920) by extensions ['cmake', 'python']
[2.092s] Level 1:colcon.colcon_core.package_identification:_identify(bag_records/debug_record/20000101_080025_920) by extension 'cmake'
[2.092s] Level 1:colcon.colcon_core.package_identification:_identify(bag_records/debug_record/20000101_080025_920) by extension 'python'
[2.092s] Level 1:colcon.colcon_core.package_identification:_identify(bag_records/debug_record/20000101_080025_920) by extensions ['python_setup_py']
[2.092s] Level 1:colcon.colcon_core.package_identification:_identify(bag_records/debug_record/20000101_080025_920) by extension 'python_setup_py'
[2.093s] Level 1:colcon.colcon_core.package_identification:_identify(bag_records/debug_record/20000101_080101_915) by extensions ['ignore', 'ignore_ament_install']
[2.093s] Level 1:colcon.colcon_core.package_identification:_identify(bag_records/debug_record/20000101_080101_915) by extension 'ignore'
[2.094s] Level 1:colcon.colcon_core.package_identification:_identify(bag_records/debug_record/20000101_080101_915) by extension 'ignore_ament_install'
[2.094s] Level 1:colcon.colcon_core.package_identification:_identify(bag_records/debug_record/20000101_080101_915) by extensions ['colcon_pkg']
[2.094s] Level 1:colcon.colcon_core.package_identification:_identify(bag_records/debug_record/20000101_080101_915) by extension 'colcon_pkg'
[2.094s] Level 1:colcon.colcon_core.package_identification:_identify(bag_records/debug_record/20000101_080101_915) by extensions ['colcon_meta']
[2.095s] Level 1:colcon.colcon_core.package_identification:_identify(bag_records/debug_record/20000101_080101_915) by extension 'colcon_meta'
[2.095s] Level 1:colcon.colcon_core.package_identification:_identify(bag_records/debug_record/20000101_080101_915) by extensions ['ros']
[2.095s] Level 1:colcon.colcon_core.package_identification:_identify(bag_records/debug_record/20000101_080101_915) by extension 'ros'
[2.096s] Level 1:colcon.colcon_core.package_identification:_identify(bag_records/debug_record/20000101_080101_915) by extensions ['cmake', 'python']
[2.096s] Level 1:colcon.colcon_core.package_identification:_identify(bag_records/debug_record/20000101_080101_915) by extension 'cmake'
[2.096s] Level 1:colcon.colcon_core.package_identification:_identify(bag_records/debug_record/20000101_080101_915) by extension 'python'
[2.096s] Level 1:colcon.colcon_core.package_identification:_identify(bag_records/debug_record/20000101_080101_915) by extensions ['python_setup_py']
[2.097s] Level 1:colcon.colcon_core.package_identification:_identify(bag_records/debug_record/20000101_080101_915) by extension 'python_setup_py'
[2.097s] Level 1:colcon.colcon_core.package_identification:_identify(bag_records/debug_record/20000101_081126_915) by extensions ['ignore', 'ignore_ament_install']
[2.097s] Level 1:colcon.colcon_core.package_identification:_identify(bag_records/debug_record/20000101_081126_915) by extension 'ignore'
[2.098s] Level 1:colcon.colcon_core.package_identification:_identify(bag_records/debug_record/20000101_081126_915) by extension 'ignore_ament_install'
[2.098s] Level 1:colcon.colcon_core.package_identification:_identify(bag_records/debug_record/20000101_081126_915) by extensions ['colcon_pkg']
[2.098s] Level 1:colcon.colcon_core.package_identification:_identify(bag_records/debug_record/20000101_081126_915) by extension 'colcon_pkg'
[2.099s] Level 1:colcon.colcon_core.package_identification:_identify(bag_records/debug_record/20000101_081126_915) by extensions ['colcon_meta']
[2.099s] Level 1:colcon.colcon_core.package_identification:_identify(bag_records/debug_record/20000101_081126_915) by extension 'colcon_meta'
[2.099s] Level 1:colcon.colcon_core.package_identification:_identify(bag_records/debug_record/20000101_081126_915) by extensions ['ros']
[2.099s] Level 1:colcon.colcon_core.package_identification:_identify(bag_records/debug_record/20000101_081126_915) by extension 'ros'
[2.100s] Level 1:colcon.colcon_core.package_identification:_identify(bag_records/debug_record/20000101_081126_915) by extensions ['cmake', 'python']
[2.100s] Level 1:colcon.colcon_core.package_identification:_identify(bag_records/debug_record/20000101_081126_915) by extension 'cmake'
[2.100s] Level 1:colcon.colcon_core.package_identification:_identify(bag_records/debug_record/20000101_081126_915) by extension 'python'
[2.100s] Level 1:colcon.colcon_core.package_identification:_identify(bag_records/debug_record/20000101_081126_915) by extensions ['python_setup_py']
[2.101s] Level 1:colcon.colcon_core.package_identification:_identify(bag_records/debug_record/20000101_081126_915) by extension 'python_setup_py'
[2.101s] Level 1:colcon.colcon_core.package_identification:_identify(bag_records/debug_record/20260513_071333) by extensions ['ignore', 'ignore_ament_install']
[2.102s] Level 1:colcon.colcon_core.package_identification:_identify(bag_records/debug_record/20260513_071333) by extension 'ignore'
[2.102s] Level 1:colcon.colcon_core.package_identification:_identify(bag_records/debug_record/20260513_071333) by extension 'ignore_ament_install'
[2.102s] Level 1:colcon.colcon_core.package_identification:_identify(bag_records/debug_record/20260513_071333) by extensions ['colcon_pkg']
[2.102s] Level 1:colcon.colcon_core.package_identification:_identify(bag_records/debug_record/20260513_071333) by extension 'colcon_pkg'
[2.103s] Level 1:colcon.colcon_core.package_identification:_identify(bag_records/debug_record/20260513_071333) by extensions ['colcon_meta']
[2.103s] Level 1:colcon.colcon_core.package_identification:_identify(bag_records/debug_record/20260513_071333) by extension 'colcon_meta'
[2.103s] Level 1:colcon.colcon_core.package_identification:_identify(bag_records/debug_record/20260513_071333) by extensions ['ros']
[2.103s] Level 1:colcon.colcon_core.package_identification:_identify(bag_records/debug_record/20260513_071333) by extension 'ros'
[2.104s] Level 1:colcon.colcon_core.package_identification:_identify(bag_records/debug_record/20260513_071333) by extensions ['cmake', 'python']
[2.104s] Level 1:colcon.colcon_core.package_identification:_identify(bag_records/debug_record/20260513_071333) by extension 'cmake'
[2.104s] Level 1:colcon.colcon_core.package_identification:_identify(bag_records/debug_record/20260513_071333) by extension 'python'
[2.104s] Level 1:colcon.colcon_core.package_identification:_identify(bag_records/debug_record/20260513_071333) by extensions ['python_setup_py']
[2.105s] Level 1:colcon.colcon_core.package_identification:_identify(bag_records/debug_record/20260513_071333) by extension 'python_setup_py'
[2.105s] Level 1:colcon.colcon_core.package_identification:_identify(bag_records/debug_record/20260513_071406) by extensions ['ignore', 'ignore_ament_install']
[2.106s] Level 1:colcon.colcon_core.package_identification:_identify(bag_records/debug_record/20260513_071406) by extension 'ignore'
[2.106s] Level 1:colcon.colcon_core.package_identification:_identify(bag_records/debug_record/20260513_071406) by extension 'ignore_ament_install'
[2.106s] Level 1:colcon.colcon_core.package_identification:_identify(bag_records/debug_record/20260513_071406) by extensions ['colcon_pkg']
[2.106s] Level 1:colcon.colcon_core.package_identification:_identify(bag_records/debug_record/20260513_071406) by extension 'colcon_pkg'
[2.107s] Level 1:colcon.colcon_core.package_identification:_identify(bag_records/debug_record/20260513_071406) by extensions ['colcon_meta']
[2.107s] Level 1:colcon.colcon_core.package_identification:_identify(bag_records/debug_record/20260513_071406) by extension 'colcon_meta'
[2.107s] Level 1:colcon.colcon_core.package_identification:_identify(bag_records/debug_record/20260513_071406) by extensions ['ros']
[2.107s] Level 1:colcon.colcon_core.package_identification:_identify(bag_records/debug_record/20260513_071406) by extension 'ros'
[2.108s] Level 1:colcon.colcon_core.package_identification:_identify(bag_records/debug_record/20260513_071406) by extensions ['cmake', 'python']
[2.108s] Level 1:colcon.colcon_core.package_identification:_identify(bag_records/debug_record/20260513_071406) by extension 'cmake'
[2.108s] Level 1:colcon.colcon_core.package_identification:_identify(bag_records/debug_record/20260513_071406) by extension 'python'
[2.108s] Level 1:colcon.colcon_core.package_identification:_identify(bag_records/debug_record/20260513_071406) by extensions ['python_setup_py']
[2.109s] Level 1:colcon.colcon_core.package_identification:_identify(bag_records/debug_record/20260513_071406) by extension 'python_setup_py'
[2.109s] Level 1:colcon.colcon_core.package_identification:_identify(bag_records/debug_record/20260513_090321) by extensions ['ignore', 'ignore_ament_install']
[2.110s] Level 1:colcon.colcon_core.package_identification:_identify(bag_records/debug_record/20260513_090321) by extension 'ignore'
[2.110s] Level 1:colcon.colcon_core.package_identification:_identify(bag_records/debug_record/20260513_090321) by extension 'ignore_ament_install'
[2.110s] Level 1:colcon.colcon_core.package_identification:_identify(bag_records/debug_record/20260513_090321) by extensions ['colcon_pkg']
[2.110s] Level 1:colcon.colcon_core.package_identification:_identify(bag_records/debug_record/20260513_090321) by extension 'colcon_pkg'
[2.111s] Level 1:colcon.colcon_core.package_identification:_identify(bag_records/debug_record/20260513_090321) by extensions ['colcon_meta']
[2.111s] Level 1:colcon.colcon_core.package_identification:_identify(bag_records/debug_record/20260513_090321) by extension 'colcon_meta'
[2.111s] Level 1:colcon.colcon_core.package_identification:_identify(bag_records/debug_record/20260513_090321) by extensions ['ros']
[2.111s] Level 1:colcon.colcon_core.package_identification:_identify(bag_records/debug_record/20260513_090321) by extension 'ros'
[2.112s] Level 1:colcon.colcon_core.package_identification:_identify(bag_records/debug_record/20260513_090321) by extensions ['cmake', 'python']
[2.112s] Level 1:colcon.colcon_core.package_identification:_identify(bag_records/debug_record/20260513_090321) by extension 'cmake'
[2.112s] Level 1:colcon.colcon_core.package_identification:_identify(bag_records/debug_record/20260513_090321) by extension 'python'
[2.112s] Level 1:colcon.colcon_core.package_identification:_identify(bag_records/debug_record/20260513_090321) by extensions ['python_setup_py']
[2.113s] Level 1:colcon.colcon_core.package_identification:_identify(bag_records/debug_record/20260513_090321) by extension 'python_setup_py'
[2.113s] Level 1:colcon.colcon_core.package_identification:_identify(bag_records/debug_record/20260513_090603) by extensions ['ignore', 'ignore_ament_install']
[2.114s] Level 1:colcon.colcon_core.package_identification:_identify(bag_records/debug_record/20260513_090603) by extension 'ignore'
[2.114s] Level 1:colcon.colcon_core.package_identification:_identify(bag_records/debug_record/20260513_090603) by extension 'ignore_ament_install'
[2.114s] Level 1:colcon.colcon_core.package_identification:_identify(bag_records/debug_record/20260513_090603) by extensions ['colcon_pkg']
[2.114s] Level 1:colcon.colcon_core.package_identification:_identify(bag_records/debug_record/20260513_090603) by extension 'colcon_pkg'
[2.115s] Level 1:colcon.colcon_core.package_identification:_identify(bag_records/debug_record/20260513_090603) by extensions ['colcon_meta']
[2.115s] Level 1:colcon.colcon_core.package_identification:_identify(bag_records/debug_record/20260513_090603) by extension 'colcon_meta'
[2.115s] Level 1:colcon.colcon_core.package_identification:_identify(bag_records/debug_record/20260513_090603) by extensions ['ros']
[2.115s] Level 1:colcon.colcon_core.package_identification:_identify(bag_records/debug_record/20260513_090603) by extension 'ros'
[2.116s] Level 1:colcon.colcon_core.package_identification:_identify(bag_records/debug_record/20260513_090603) by extensions ['cmake', 'python']
[2.116s] Level 1:colcon.colcon_core.package_identification:_identify(bag_records/debug_record/20260513_090603) by extension 'cmake'
[2.116s] Level 1:colcon.colcon_core.package_identification:_identify(bag_records/debug_record/20260513_090603) by extension 'python'
[2.117s] Level 1:colcon.colcon_core.package_identification:_identify(bag_records/debug_record/20260513_090603) by extensions ['python_setup_py']
[2.117s] Level 1:colcon.colcon_core.package_identification:_identify(bag_records/debug_record/20260513_090603) by extension 'python_setup_py'
[2.117s] Level 1:colcon.colcon_core.package_identification:_identify(bag_records/debug_record/20260513_121910) by extensions ['ignore', 'ignore_ament_install']
[2.118s] Level 1:colcon.colcon_core.package_identification:_identify(bag_records/debug_record/20260513_121910) by extension 'ignore'
[2.118s] Level 1:colcon.colcon_core.package_identification:_identify(bag_records/debug_record/20260513_121910) by extension 'ignore_ament_install'
[2.118s] Level 1:colcon.colcon_core.package_identification:_identify(bag_records/debug_record/20260513_121910) by extensions ['colcon_pkg']
[2.118s] Level 1:colcon.colcon_core.package_identification:_identify(bag_records/debug_record/20260513_121910) by extension 'colcon_pkg'
[2.119s] Level 1:colcon.colcon_core.package_identification:_identify(bag_records/debug_record/20260513_121910) by extensions ['colcon_meta']
[2.119s] Level 1:colcon.colcon_core.package_identification:_identify(bag_records/debug_record/20260513_121910) by extension 'colcon_meta'
[2.119s] Level 1:colcon.colcon_core.package_identification:_identify(bag_records/debug_record/20260513_121910) by extensions ['ros']
[2.119s] Level 1:colcon.colcon_core.package_identification:_identify(bag_records/debug_record/20260513_121910) by extension 'ros'
[2.120s] Level 1:colcon.colcon_core.package_identification:_identify(bag_records/debug_record/20260513_121910) by extensions ['cmake', 'python']
[2.120s] Level 1:colcon.colcon_core.package_identification:_identify(bag_records/debug_record/20260513_121910) by extension 'cmake'
[2.120s] Level 1:colcon.colcon_core.package_identification:_identify(bag_records/debug_record/20260513_121910) by extension 'python'
[2.121s] Level 1:colcon.colcon_core.package_identification:_identify(bag_records/debug_record/20260513_121910) by extensions ['python_setup_py']
[2.121s] Level 1:colcon.colcon_core.package_identification:_identify(bag_records/debug_record/20260513_121910) by extension 'python_setup_py'
[2.121s] Level 1:colcon.colcon_core.package_identification:_identify(bag_records/debug_record/20260513_122422) by extensions ['ignore', 'ignore_ament_install']
[2.122s] Level 1:colcon.colcon_core.package_identification:_identify(bag_records/debug_record/20260513_122422) by extension 'ignore'
[2.122s] Level 1:colcon.colcon_core.package_identification:_identify(bag_records/debug_record/20260513_122422) by extension 'ignore_ament_install'
[2.122s] Level 1:colcon.colcon_core.package_identification:_identify(bag_records/debug_record/20260513_122422) by extensions ['colcon_pkg']
[2.122s] Level 1:colcon.colcon_core.package_identification:_identify(bag_records/debug_record/20260513_122422) by extension 'colcon_pkg'
[2.123s] Level 1:colcon.colcon_core.package_identification:_identify(bag_records/debug_record/20260513_122422) by extensions ['colcon_meta']
[2.123s] Level 1:colcon.colcon_core.package_identification:_identify(bag_records/debug_record/20260513_122422) by extension 'colcon_meta'
[2.123s] Level 1:colcon.colcon_core.package_identification:_identify(bag_records/debug_record/20260513_122422) by extensions ['ros']
[2.123s] Level 1:colcon.colcon_core.package_identification:_identify(bag_records/debug_record/20260513_122422) by extension 'ros'
[2.124s] Level 1:colcon.colcon_core.package_identification:_identify(bag_records/debug_record/20260513_122422) by extensions ['cmake', 'python']
[2.124s] Level 1:colcon.colcon_core.package_identification:_identify(bag_records/debug_record/20260513_122422) by extension 'cmake'
[2.124s] Level 1:colcon.colcon_core.package_identification:_identify(bag_records/debug_record/20260513_122422) by extension 'python'
[2.125s] Level 1:colcon.colcon_core.package_identification:_identify(bag_records/debug_record/20260513_122422) by extensions ['python_setup_py']
[2.125s] Level 1:colcon.colcon_core.package_identification:_identify(bag_records/debug_record/20260513_122422) by extension 'python_setup_py'
[2.125s] Level 1:colcon.colcon_core.package_identification:_identify(bag_records/debug_record/20260513_124123) by extensions ['ignore', 'ignore_ament_install']
[2.126s] Level 1:colcon.colcon_core.package_identification:_identify(bag_records/debug_record/20260513_124123) by extension 'ignore'
[2.126s] Level 1:colcon.colcon_core.package_identification:_identify(bag_records/debug_record/20260513_124123) by extension 'ignore_ament_install'
[2.126s] Level 1:colcon.colcon_core.package_identification:_identify(bag_records/debug_record/20260513_124123) by extensions ['colcon_pkg']
[2.127s] Level 1:colcon.colcon_core.package_identification:_identify(bag_records/debug_record/20260513_124123) by extension 'colcon_pkg'
[2.127s] Level 1:colcon.colcon_core.package_identification:_identify(bag_records/debug_record/20260513_124123) by extensions ['colcon_meta']
[2.127s] Level 1:colcon.colcon_core.package_identification:_identify(bag_records/debug_record/20260513_124123) by extension 'colcon_meta'
[2.127s] Level 1:colcon.colcon_core.package_identification:_identify(bag_records/debug_record/20260513_124123) by extensions ['ros']
[2.128s] Level 1:colcon.colcon_core.package_identification:_identify(bag_records/debug_record/20260513_124123) by extension 'ros'
[2.128s] Level 1:colcon.colcon_core.package_identification:_identify(bag_records/debug_record/20260513_124123) by extensions ['cmake', 'python']
[2.128s] Level 1:colcon.colcon_core.package_identification:_identify(bag_records/debug_record/20260513_124123) by extension 'cmake'
[2.128s] Level 1:colcon.colcon_core.package_identification:_identify(bag_records/debug_record/20260513_124123) by extension 'python'
[2.129s] Level 1:colcon.colcon_core.package_identification:_identify(bag_records/debug_record/20260513_124123) by extensions ['python_setup_py']
[2.129s] Level 1:colcon.colcon_core.package_identification:_identify(bag_records/debug_record/20260513_124123) by extension 'python_setup_py'
[2.129s] Level 1:colcon.colcon_core.package_identification:_identify(bag_records/debug_record/20260513_124514_9276) by extensions ['ignore', 'ignore_ament_install']
[2.130s] Level 1:colcon.colcon_core.package_identification:_identify(bag_records/debug_record/20260513_124514_9276) by extension 'ignore'
[2.130s] Level 1:colcon.colcon_core.package_identification:_identify(bag_records/debug_record/20260513_124514_9276) by extension 'ignore_ament_install'
[2.130s] Level 1:colcon.colcon_core.package_identification:_identify(bag_records/debug_record/20260513_124514_9276) by extensions ['colcon_pkg']
[2.131s] Level 1:colcon.colcon_core.package_identification:_identify(bag_records/debug_record/20260513_124514_9276) by extension 'colcon_pkg'
[2.131s] Level 1:colcon.colcon_core.package_identification:_identify(bag_records/debug_record/20260513_124514_9276) by extensions ['colcon_meta']
[2.131s] Level 1:colcon.colcon_core.package_identification:_identify(bag_records/debug_record/20260513_124514_9276) by extension 'colcon_meta'
[2.131s] Level 1:colcon.colcon_core.package_identification:_identify(bag_records/debug_record/20260513_124514_9276) by extensions ['ros']
[2.132s] Level 1:colcon.colcon_core.package_identification:_identify(bag_records/debug_record/20260513_124514_9276) by extension 'ros'
[2.132s] Level 1:colcon.colcon_core.package_identification:_identify(bag_records/debug_record/20260513_124514_9276) by extensions ['cmake', 'python']
[2.132s] Level 1:colcon.colcon_core.package_identification:_identify(bag_records/debug_record/20260513_124514_9276) by extension 'cmake'
[2.132s] Level 1:colcon.colcon_core.package_identification:_identify(bag_records/debug_record/20260513_124514_9276) by extension 'python'
[2.133s] Level 1:colcon.colcon_core.package_identification:_identify(bag_records/debug_record/20260513_124514_9276) by extensions ['python_setup_py']
[2.133s] Level 1:colcon.colcon_core.package_identification:_identify(bag_records/debug_record/20260513_124514_9276) by extension 'python_setup_py'
[2.133s] Level 1:colcon.colcon_core.package_identification:_identify(bag_records/debug_record/20260513_124825_9276) by extensions ['ignore', 'ignore_ament_install']
[2.134s] Level 1:colcon.colcon_core.package_identification:_identify(bag_records/debug_record/20260513_124825_9276) by extension 'ignore'
[2.134s] Level 1:colcon.colcon_core.package_identification:_identify(bag_records/debug_record/20260513_124825_9276) by extension 'ignore_ament_install'
[2.134s] Level 1:colcon.colcon_core.package_identification:_identify(bag_records/debug_record/20260513_124825_9276) by extensions ['colcon_pkg']
[2.135s] Level 1:colcon.colcon_core.package_identification:_identify(bag_records/debug_record/20260513_124825_9276) by extension 'colcon_pkg'
[2.135s] Level 1:colcon.colcon_core.package_identification:_identify(bag_records/debug_record/20260513_124825_9276) by extensions ['colcon_meta']
[2.135s] Level 1:colcon.colcon_core.package_identification:_identify(bag_records/debug_record/20260513_124825_9276) by extension 'colcon_meta'
[2.135s] Level 1:colcon.colcon_core.package_identification:_identify(bag_records/debug_record/20260513_124825_9276) by extensions ['ros']
[2.136s] Level 1:colcon.colcon_core.package_identification:_identify(bag_records/debug_record/20260513_124825_9276) by extension 'ros'
[2.136s] Level 1:colcon.colcon_core.package_identification:_identify(bag_records/debug_record/20260513_124825_9276) by extensions ['cmake', 'python']
[2.136s] Level 1:colcon.colcon_core.package_identification:_identify(bag_records/debug_record/20260513_124825_9276) by extension 'cmake'
[2.137s] Level 1:colcon.colcon_core.package_identification:_identify(bag_records/debug_record/20260513_124825_9276) by extension 'python'
[2.137s] Level 1:colcon.colcon_core.package_identification:_identify(bag_records/debug_record/20260513_124825_9276) by extensions ['python_setup_py']
[2.137s] Level 1:colcon.colcon_core.package_identification:_identify(bag_records/debug_record/20260513_124825_9276) by extension 'python_setup_py'
[2.137s] Level 1:colcon.colcon_core.package_identification:_identify(bag_records/debug_record/20260513_125020_10535) by extensions ['ignore', 'ignore_ament_install']
[2.138s] Level 1:colcon.colcon_core.package_identification:_identify(bag_records/debug_record/20260513_125020_10535) by extension 'ignore'
[2.138s] Level 1:colcon.colcon_core.package_identification:_identify(bag_records/debug_record/20260513_125020_10535) by extension 'ignore_ament_install'
[2.139s] Level 1:colcon.colcon_core.package_identification:_identify(bag_records/debug_record/20260513_125020_10535) by extensions ['colcon_pkg']
[2.139s] Level 1:colcon.colcon_core.package_identification:_identify(bag_records/debug_record/20260513_125020_10535) by extension 'colcon_pkg'
[2.139s] Level 1:colcon.colcon_core.package_identification:_identify(bag_records/debug_record/20260513_125020_10535) by extensions ['colcon_meta']
[2.139s] Level 1:colcon.colcon_core.package_identification:_identify(bag_records/debug_record/20260513_125020_10535) by extension 'colcon_meta'
[2.139s] Level 1:colcon.colcon_core.package_identification:_identify(bag_records/debug_record/20260513_125020_10535) by extensions ['ros']
[2.140s] Level 1:colcon.colcon_core.package_identification:_identify(bag_records/debug_record/20260513_125020_10535) by extension 'ros'
[2.140s] Level 1:colcon.colcon_core.package_identification:_identify(bag_records/debug_record/20260513_125020_10535) by extensions ['cmake', 'python']
[2.140s] Level 1:colcon.colcon_core.package_identification:_identify(bag_records/debug_record/20260513_125020_10535) by extension 'cmake'
[2.141s] Level 1:colcon.colcon_core.package_identification:_identify(bag_records/debug_record/20260513_125020_10535) by extension 'python'
[2.141s] Level 1:colcon.colcon_core.package_identification:_identify(bag_records/debug_record/20260513_125020_10535) by extensions ['python_setup_py']
[2.141s] Level 1:colcon.colcon_core.package_identification:_identify(bag_records/debug_record/20260513_125020_10535) by extension 'python_setup_py'
[2.141s] Level 1:colcon.colcon_core.package_identification:_identify(bag_records/debug_record/20260513_125041_10535) by extensions ['ignore', 'ignore_ament_install']
[2.142s] Level 1:colcon.colcon_core.package_identification:_identify(bag_records/debug_record/20260513_125041_10535) by extension 'ignore'
[2.142s] Level 1:colcon.colcon_core.package_identification:_identify(bag_records/debug_record/20260513_125041_10535) by extension 'ignore_ament_install'
[2.143s] Level 1:colcon.colcon_core.package_identification:_identify(bag_records/debug_record/20260513_125041_10535) by extensions ['colcon_pkg']
[2.143s] Level 1:colcon.colcon_core.package_identification:_identify(bag_records/debug_record/20260513_125041_10535) by extension 'colcon_pkg'
[2.143s] Level 1:colcon.colcon_core.package_identification:_identify(bag_records/debug_record/20260513_125041_10535) by extensions ['colcon_meta']
[2.143s] Level 1:colcon.colcon_core.package_identification:_identify(bag_records/debug_record/20260513_125041_10535) by extension 'colcon_meta'
[2.143s] Level 1:colcon.colcon_core.package_identification:_identify(bag_records/debug_record/20260513_125041_10535) by extensions ['ros']
[2.144s] Level 1:colcon.colcon_core.package_identification:_identify(bag_records/debug_record/20260513_125041_10535) by extension 'ros'
[2.144s] Level 1:colcon.colcon_core.package_identification:_identify(bag_records/debug_record/20260513_125041_10535) by extensions ['cmake', 'python']
[2.144s] Level 1:colcon.colcon_core.package_identification:_identify(bag_records/debug_record/20260513_125041_10535) by extension 'cmake'
[2.145s] Level 1:colcon.colcon_core.package_identification:_identify(bag_records/debug_record/20260513_125041_10535) by extension 'python'
[2.145s] Level 1:colcon.colcon_core.package_identification:_identify(bag_records/debug_record/20260513_125041_10535) by extensions ['python_setup_py']
[2.145s] Level 1:colcon.colcon_core.package_identification:_identify(bag_records/debug_record/20260513_125041_10535) by extension 'python_setup_py'
[2.146s] Level 1:colcon.colcon_core.package_identification:_identify(bag_records/debug_record/20260513_130302_920) by extensions ['ignore', 'ignore_ament_install']
[2.146s] Level 1:colcon.colcon_core.package_identification:_identify(bag_records/debug_record/20260513_130302_920) by extension 'ignore'
[2.146s] Level 1:colcon.colcon_core.package_identification:_identify(bag_records/debug_record/20260513_130302_920) by extension 'ignore_ament_install'
[2.147s] Level 1:colcon.colcon_core.package_identification:_identify(bag_records/debug_record/20260513_130302_920) by extensions ['colcon_pkg']
[2.147s] Level 1:colcon.colcon_core.package_identification:_identify(bag_records/debug_record/20260513_130302_920) by extension 'colcon_pkg'
[2.147s] Level 1:colcon.colcon_core.package_identification:_identify(bag_records/debug_record/20260513_130302_920) by extensions ['colcon_meta']
[2.147s] Level 1:colcon.colcon_core.package_identification:_identify(bag_records/debug_record/20260513_130302_920) by extension 'colcon_meta'
[2.147s] Level 1:colcon.colcon_core.package_identification:_identify(bag_records/debug_record/20260513_130302_920) by extensions ['ros']
[2.148s] Level 1:colcon.colcon_core.package_identification:_identify(bag_records/debug_record/20260513_130302_920) by extension 'ros'
[2.148s] Level 1:colcon.colcon_core.package_identification:_identify(bag_records/debug_record/20260513_130302_920) by extensions ['cmake', 'python']
[2.148s] Level 1:colcon.colcon_core.package_identification:_identify(bag_records/debug_record/20260513_130302_920) by extension 'cmake'
[2.149s] Level 1:colcon.colcon_core.package_identification:_identify(bag_records/debug_record/20260513_130302_920) by extension 'python'
[2.149s] Level 1:colcon.colcon_core.package_identification:_identify(bag_records/debug_record/20260513_130302_920) by extensions ['python_setup_py']
[2.149s] Level 1:colcon.colcon_core.package_identification:_identify(bag_records/debug_record/20260513_130302_920) by extension 'python_setup_py'
[2.150s] Level 1:colcon.colcon_core.package_identification:_identify(bag_records/debug_record/20260513_161433_16749) by extensions ['ignore', 'ignore_ament_install']
[2.150s] Level 1:colcon.colcon_core.package_identification:_identify(bag_records/debug_record/20260513_161433_16749) by extension 'ignore'
[2.150s] Level 1:colcon.colcon_core.package_identification:_identify(bag_records/debug_record/20260513_161433_16749) by extension 'ignore_ament_install'
[2.151s] Level 1:colcon.colcon_core.package_identification:_identify(bag_records/debug_record/20260513_161433_16749) by extensions ['colcon_pkg']
[2.151s] Level 1:colcon.colcon_core.package_identification:_identify(bag_records/debug_record/20260513_161433_16749) by extension 'colcon_pkg'
[2.151s] Level 1:colcon.colcon_core.package_identification:_identify(bag_records/debug_record/20260513_161433_16749) by extensions ['colcon_meta']
[2.151s] Level 1:colcon.colcon_core.package_identification:_identify(bag_records/debug_record/20260513_161433_16749) by extension 'colcon_meta'
[2.152s] Level 1:colcon.colcon_core.package_identification:_identify(bag_records/debug_record/20260513_161433_16749) by extensions ['ros']
[2.152s] Level 1:colcon.colcon_core.package_identification:_identify(bag_records/debug_record/20260513_161433_16749) by extension 'ros'
[2.152s] Level 1:colcon.colcon_core.package_identification:_identify(bag_records/debug_record/20260513_161433_16749) by extensions ['cmake', 'python']
[2.152s] Level 1:colcon.colcon_core.package_identification:_identify(bag_records/debug_record/20260513_161433_16749) by extension 'cmake'
[2.153s] Level 1:colcon.colcon_core.package_identification:_identify(bag_records/debug_record/20260513_161433_16749) by extension 'python'
[2.153s] Level 1:colcon.colcon_core.package_identification:_identify(bag_records/debug_record/20260513_161433_16749) by extensions ['python_setup_py']
[2.153s] Level 1:colcon.colcon_core.package_identification:_identify(bag_records/debug_record/20260513_161433_16749) by extension 'python_setup_py'
[2.154s] Level 1:colcon.colcon_core.package_identification:_identify(bag_records/debug_record/20260513_161454_16749) by extensions ['ignore', 'ignore_ament_install']
[2.154s] Level 1:colcon.colcon_core.package_identification:_identify(bag_records/debug_record/20260513_161454_16749) by extension 'ignore'
[2.154s] Level 1:colcon.colcon_core.package_identification:_identify(bag_records/debug_record/20260513_161454_16749) by extension 'ignore_ament_install'
[2.155s] Level 1:colcon.colcon_core.package_identification:_identify(bag_records/debug_record/20260513_161454_16749) by extensions ['colcon_pkg']
[2.155s] Level 1:colcon.colcon_core.package_identification:_identify(bag_records/debug_record/20260513_161454_16749) by extension 'colcon_pkg'
[2.155s] Level 1:colcon.colcon_core.package_identification:_identify(bag_records/debug_record/20260513_161454_16749) by extensions ['colcon_meta']
[2.155s] Level 1:colcon.colcon_core.package_identification:_identify(bag_records/debug_record/20260513_161454_16749) by extension 'colcon_meta'
[2.156s] Level 1:colcon.colcon_core.package_identification:_identify(bag_records/debug_record/20260513_161454_16749) by extensions ['ros']
[2.156s] Level 1:colcon.colcon_core.package_identification:_identify(bag_records/debug_record/20260513_161454_16749) by extension 'ros'
[2.156s] Level 1:colcon.colcon_core.package_identification:_identify(bag_records/debug_record/20260513_161454_16749) by extensions ['cmake', 'python']
[2.156s] Level 1:colcon.colcon_core.package_identification:_identify(bag_records/debug_record/20260513_161454_16749) by extension 'cmake'
[2.157s] Level 1:colcon.colcon_core.package_identification:_identify(bag_records/debug_record/20260513_161454_16749) by extension 'python'
[2.157s] Level 1:colcon.colcon_core.package_identification:_identify(bag_records/debug_record/20260513_161454_16749) by extensions ['python_setup_py']
[2.157s] Level 1:colcon.colcon_core.package_identification:_identify(bag_records/debug_record/20260513_161454_16749) by extension 'python_setup_py'
[2.158s] Level 1:colcon.colcon_core.package_identification:_identify(bag_records/debug_record/20260513_161928_18600) by extensions ['ignore', 'ignore_ament_install']
[2.158s] Level 1:colcon.colcon_core.package_identification:_identify(bag_records/debug_record/20260513_161928_18600) by extension 'ignore'
[2.158s] Level 1:colcon.colcon_core.package_identification:_identify(bag_records/debug_record/20260513_161928_18600) by extension 'ignore_ament_install'
[2.159s] Level 1:colcon.colcon_core.package_identification:_identify(bag_records/debug_record/20260513_161928_18600) by extensions ['colcon_pkg']
[2.159s] Level 1:colcon.colcon_core.package_identification:_identify(bag_records/debug_record/20260513_161928_18600) by extension 'colcon_pkg'
[2.159s] Level 1:colcon.colcon_core.package_identification:_identify(bag_records/debug_record/20260513_161928_18600) by extensions ['colcon_meta']
[2.159s] Level 1:colcon.colcon_core.package_identification:_identify(bag_records/debug_record/20260513_161928_18600) by extension 'colcon_meta'
[2.160s] Level 1:colcon.colcon_core.package_identification:_identify(bag_records/debug_record/20260513_161928_18600) by extensions ['ros']
[2.160s] Level 1:colcon.colcon_core.package_identification:_identify(bag_records/debug_record/20260513_161928_18600) by extension 'ros'
[2.160s] Level 1:colcon.colcon_core.package_identification:_identify(bag_records/debug_record/20260513_161928_18600) by extensions ['cmake', 'python']
[2.160s] Level 1:colcon.colcon_core.package_identification:_identify(bag_records/debug_record/20260513_161928_18600) by extension 'cmake'
[2.161s] Level 1:colcon.colcon_core.package_identification:_identify(bag_records/debug_record/20260513_161928_18600) by extension 'python'
[2.161s] Level 1:colcon.colcon_core.package_identification:_identify(bag_records/debug_record/20260513_161928_18600) by extensions ['python_setup_py']
[2.161s] Level 1:colcon.colcon_core.package_identification:_identify(bag_records/debug_record/20260513_161928_18600) by extension 'python_setup_py'
[2.162s] Level 1:colcon.colcon_core.package_identification:_identify(bag_records/debug_record/20260513_161949_18600) by extensions ['ignore', 'ignore_ament_install']
[2.162s] Level 1:colcon.colcon_core.package_identification:_identify(bag_records/debug_record/20260513_161949_18600) by extension 'ignore'
[2.162s] Level 1:colcon.colcon_core.package_identification:_identify(bag_records/debug_record/20260513_161949_18600) by extension 'ignore_ament_install'
[2.163s] Level 1:colcon.colcon_core.package_identification:_identify(bag_records/debug_record/20260513_161949_18600) by extensions ['colcon_pkg']
[2.163s] Level 1:colcon.colcon_core.package_identification:_identify(bag_records/debug_record/20260513_161949_18600) by extension 'colcon_pkg'
[2.163s] Level 1:colcon.colcon_core.package_identification:_identify(bag_records/debug_record/20260513_161949_18600) by extensions ['colcon_meta']
[2.163s] Level 1:colcon.colcon_core.package_identification:_identify(bag_records/debug_record/20260513_161949_18600) by extension 'colcon_meta'
[2.164s] Level 1:colcon.colcon_core.package_identification:_identify(bag_records/debug_record/20260513_161949_18600) by extensions ['ros']
[2.164s] Level 1:colcon.colcon_core.package_identification:_identify(bag_records/debug_record/20260513_161949_18600) by extension 'ros'
[2.164s] Level 1:colcon.colcon_core.package_identification:_identify(bag_records/debug_record/20260513_161949_18600) by extensions ['cmake', 'python']
[2.165s] Level 1:colcon.colcon_core.package_identification:_identify(bag_records/debug_record/20260513_161949_18600) by extension 'cmake'
[2.165s] Level 1:colcon.colcon_core.package_identification:_identify(bag_records/debug_record/20260513_161949_18600) by extension 'python'
[2.165s] Level 1:colcon.colcon_core.package_identification:_identify(bag_records/debug_record/20260513_161949_18600) by extensions ['python_setup_py']
[2.165s] Level 1:colcon.colcon_core.package_identification:_identify(bag_records/debug_record/20260513_161949_18600) by extension 'python_setup_py'
[2.166s] Level 1:colcon.colcon_core.package_identification:_identify(bag_records/debug_record/20260513_162017_19194) by extensions ['ignore', 'ignore_ament_install']
[2.166s] Level 1:colcon.colcon_core.package_identification:_identify(bag_records/debug_record/20260513_162017_19194) by extension 'ignore'
[2.166s] Level 1:colcon.colcon_core.package_identification:_identify(bag_records/debug_record/20260513_162017_19194) by extension 'ignore_ament_install'
[2.167s] Level 1:colcon.colcon_core.package_identification:_identify(bag_records/debug_record/20260513_162017_19194) by extensions ['colcon_pkg']
[2.167s] Level 1:colcon.colcon_core.package_identification:_identify(bag_records/debug_record/20260513_162017_19194) by extension 'colcon_pkg'
[2.167s] Level 1:colcon.colcon_core.package_identification:_identify(bag_records/debug_record/20260513_162017_19194) by extensions ['colcon_meta']
[2.167s] Level 1:colcon.colcon_core.package_identification:_identify(bag_records/debug_record/20260513_162017_19194) by extension 'colcon_meta'
[2.168s] Level 1:colcon.colcon_core.package_identification:_identify(bag_records/debug_record/20260513_162017_19194) by extensions ['ros']
[2.168s] Level 1:colcon.colcon_core.package_identification:_identify(bag_records/debug_record/20260513_162017_19194) by extension 'ros'
[2.168s] Level 1:colcon.colcon_core.package_identification:_identify(bag_records/debug_record/20260513_162017_19194) by extensions ['cmake', 'python']
[2.169s] Level 1:colcon.colcon_core.package_identification:_identify(bag_records/debug_record/20260513_162017_19194) by extension 'cmake'
[2.169s] Level 1:colcon.colcon_core.package_identification:_identify(bag_records/debug_record/20260513_162017_19194) by extension 'python'
[2.169s] Level 1:colcon.colcon_core.package_identification:_identify(bag_records/debug_record/20260513_162017_19194) by extensions ['python_setup_py']
[2.169s] Level 1:colcon.colcon_core.package_identification:_identify(bag_records/debug_record/20260513_162017_19194) by extension 'python_setup_py'
[2.170s] Level 1:colcon.colcon_core.package_identification:_identify(bag_records/debug_record/20260513_162041_19194) by extensions ['ignore', 'ignore_ament_install']
[2.170s] Level 1:colcon.colcon_core.package_identification:_identify(bag_records/debug_record/20260513_162041_19194) by extension 'ignore'
[2.171s] Level 1:colcon.colcon_core.package_identification:_identify(bag_records/debug_record/20260513_162041_19194) by extension 'ignore_ament_install'
[2.171s] Level 1:colcon.colcon_core.package_identification:_identify(bag_records/debug_record/20260513_162041_19194) by extensions ['colcon_pkg']
[2.171s] Level 1:colcon.colcon_core.package_identification:_identify(bag_records/debug_record/20260513_162041_19194) by extension 'colcon_pkg'
[2.171s] Level 1:colcon.colcon_core.package_identification:_identify(bag_records/debug_record/20260513_162041_19194) by extensions ['colcon_meta']
[2.172s] Level 1:colcon.colcon_core.package_identification:_identify(bag_records/debug_record/20260513_162041_19194) by extension 'colcon_meta'
[2.172s] Level 1:colcon.colcon_core.package_identification:_identify(bag_records/debug_record/20260513_162041_19194) by extensions ['ros']
[2.172s] Level 1:colcon.colcon_core.package_identification:_identify(bag_records/debug_record/20260513_162041_19194) by extension 'ros'
[2.173s] Level 1:colcon.colcon_core.package_identification:_identify(bag_records/debug_record/20260513_162041_19194) by extensions ['cmake', 'python']
[2.173s] Level 1:colcon.colcon_core.package_identification:_identify(bag_records/debug_record/20260513_162041_19194) by extension 'cmake'
[2.173s] Level 1:colcon.colcon_core.package_identification:_identify(bag_records/debug_record/20260513_162041_19194) by extension 'python'
[2.173s] Level 1:colcon.colcon_core.package_identification:_identify(bag_records/debug_record/20260513_162041_19194) by extensions ['python_setup_py']
[2.173s] Level 1:colcon.colcon_core.package_identification:_identify(bag_records/debug_record/20260513_162041_19194) by extension 'python_setup_py'
[2.174s] Level 1:colcon.colcon_core.package_identification:_identify(bag_records/debug_record/20260513_162135_19900) by extensions ['ignore', 'ignore_ament_install']
[2.174s] Level 1:colcon.colcon_core.package_identification:_identify(bag_records/debug_record/20260513_162135_19900) by extension 'ignore'
[2.175s] Level 1:colcon.colcon_core.package_identification:_identify(bag_records/debug_record/20260513_162135_19900) by extension 'ignore_ament_install'
[2.175s] Level 1:colcon.colcon_core.package_identification:_identify(bag_records/debug_record/20260513_162135_19900) by extensions ['colcon_pkg']
[2.175s] Level 1:colcon.colcon_core.package_identification:_identify(bag_records/debug_record/20260513_162135_19900) by extension 'colcon_pkg'
[2.176s] Level 1:colcon.colcon_core.package_identification:_identify(bag_records/debug_record/20260513_162135_19900) by extensions ['colcon_meta']
[2.176s] Level 1:colcon.colcon_core.package_identification:_identify(bag_records/debug_record/20260513_162135_19900) by extension 'colcon_meta'
[2.176s] Level 1:colcon.colcon_core.package_identification:_identify(bag_records/debug_record/20260513_162135_19900) by extensions ['ros']
[2.176s] Level 1:colcon.colcon_core.package_identification:_identify(bag_records/debug_record/20260513_162135_19900) by extension 'ros'
[2.177s] Level 1:colcon.colcon_core.package_identification:_identify(bag_records/debug_record/20260513_162135_19900) by extensions ['cmake', 'python']
[2.177s] Level 1:colcon.colcon_core.package_identification:_identify(bag_records/debug_record/20260513_162135_19900) by extension 'cmake'
[2.177s] Level 1:colcon.colcon_core.package_identification:_identify(bag_records/debug_record/20260513_162135_19900) by extension 'python'
[2.177s] Level 1:colcon.colcon_core.package_identification:_identify(bag_records/debug_record/20260513_162135_19900) by extensions ['python_setup_py']
[2.178s] Level 1:colcon.colcon_core.package_identification:_identify(bag_records/debug_record/20260513_162135_19900) by extension 'python_setup_py'
[2.178s] Level 1:colcon.colcon_core.package_identification:_identify(bag_records/debug_record/20260513_162206_20301) by extensions ['ignore', 'ignore_ament_install']
[2.179s] Level 1:colcon.colcon_core.package_identification:_identify(bag_records/debug_record/20260513_162206_20301) by extension 'ignore'
[2.179s] Level 1:colcon.colcon_core.package_identification:_identify(bag_records/debug_record/20260513_162206_20301) by extension 'ignore_ament_install'
[2.179s] Level 1:colcon.colcon_core.package_identification:_identify(bag_records/debug_record/20260513_162206_20301) by extensions ['colcon_pkg']
[2.179s] Level 1:colcon.colcon_core.package_identification:_identify(bag_records/debug_record/20260513_162206_20301) by extension 'colcon_pkg'
[2.180s] Level 1:colcon.colcon_core.package_identification:_identify(bag_records/debug_record/20260513_162206_20301) by extensions ['colcon_meta']
[2.180s] Level 1:colcon.colcon_core.package_identification:_identify(bag_records/debug_record/20260513_162206_20301) by extension 'colcon_meta'
[2.180s] Level 1:colcon.colcon_core.package_identification:_identify(bag_records/debug_record/20260513_162206_20301) by extensions ['ros']
[2.180s] Level 1:colcon.colcon_core.package_identification:_identify(bag_records/debug_record/20260513_162206_20301) by extension 'ros'
[2.181s] Level 1:colcon.colcon_core.package_identification:_identify(bag_records/debug_record/20260513_162206_20301) by extensions ['cmake', 'python']
[2.181s] Level 1:colcon.colcon_core.package_identification:_identify(bag_records/debug_record/20260513_162206_20301) by extension 'cmake'
[2.181s] Level 1:colcon.colcon_core.package_identification:_identify(bag_records/debug_record/20260513_162206_20301) by extension 'python'
[2.181s] Level 1:colcon.colcon_core.package_identification:_identify(bag_records/debug_record/20260513_162206_20301) by extensions ['python_setup_py']
[2.182s] Level 1:colcon.colcon_core.package_identification:_identify(bag_records/debug_record/20260513_162206_20301) by extension 'python_setup_py'
[2.182s] Level 1:colcon.colcon_core.package_identification:_identify(bag_records/debug_record/20260513_162227_20301) by extensions ['ignore', 'ignore_ament_install']
[2.183s] Level 1:colcon.colcon_core.package_identification:_identify(bag_records/debug_record/20260513_162227_20301) by extension 'ignore'
[2.183s] Level 1:colcon.colcon_core.package_identification:_identify(bag_records/debug_record/20260513_162227_20301) by extension 'ignore_ament_install'
[2.183s] Level 1:colcon.colcon_core.package_identification:_identify(bag_records/debug_record/20260513_162227_20301) by extensions ['colcon_pkg']
[2.183s] Level 1:colcon.colcon_core.package_identification:_identify(bag_records/debug_record/20260513_162227_20301) by extension 'colcon_pkg'
[2.184s] Level 1:colcon.colcon_core.package_identification:_identify(bag_records/debug_record/20260513_162227_20301) by extensions ['colcon_meta']
[2.184s] Level 1:colcon.colcon_core.package_identification:_identify(bag_records/debug_record/20260513_162227_20301) by extension 'colcon_meta'
[2.184s] Level 1:colcon.colcon_core.package_identification:_identify(bag_records/debug_record/20260513_162227_20301) by extensions ['ros']
[2.184s] Level 1:colcon.colcon_core.package_identification:_identify(bag_records/debug_record/20260513_162227_20301) by extension 'ros'
[2.185s] Level 1:colcon.colcon_core.package_identification:_identify(bag_records/debug_record/20260513_162227_20301) by extensions ['cmake', 'python']
[2.185s] Level 1:colcon.colcon_core.package_identification:_identify(bag_records/debug_record/20260513_162227_20301) by extension 'cmake'
[2.185s] Level 1:colcon.colcon_core.package_identification:_identify(bag_records/debug_record/20260513_162227_20301) by extension 'python'
[2.186s] Level 1:colcon.colcon_core.package_identification:_identify(bag_records/debug_record/20260513_162227_20301) by extensions ['python_setup_py']
[2.186s] Level 1:colcon.colcon_core.package_identification:_identify(bag_records/debug_record/20260513_162227_20301) by extension 'python_setup_py'
[2.186s] Level 1:colcon.colcon_core.package_identification:_identify(bag_records/debug_record/20260513_164008_23194) by extensions ['ignore', 'ignore_ament_install']
[2.187s] Level 1:colcon.colcon_core.package_identification:_identify(bag_records/debug_record/20260513_164008_23194) by extension 'ignore'
[2.187s] Level 1:colcon.colcon_core.package_identification:_identify(bag_records/debug_record/20260513_164008_23194) by extension 'ignore_ament_install'
[2.187s] Level 1:colcon.colcon_core.package_identification:_identify(bag_records/debug_record/20260513_164008_23194) by extensions ['colcon_pkg']
[2.187s] Level 1:colcon.colcon_core.package_identification:_identify(bag_records/debug_record/20260513_164008_23194) by extension 'colcon_pkg'
[2.188s] Level 1:colcon.colcon_core.package_identification:_identify(bag_records/debug_record/20260513_164008_23194) by extensions ['colcon_meta']
[2.188s] Level 1:colcon.colcon_core.package_identification:_identify(bag_records/debug_record/20260513_164008_23194) by extension 'colcon_meta'
[2.188s] Level 1:colcon.colcon_core.package_identification:_identify(bag_records/debug_record/20260513_164008_23194) by extensions ['ros']
[2.188s] Level 1:colcon.colcon_core.package_identification:_identify(bag_records/debug_record/20260513_164008_23194) by extension 'ros'
[2.189s] Level 1:colcon.colcon_core.package_identification:_identify(bag_records/debug_record/20260513_164008_23194) by extensions ['cmake', 'python']
[2.189s] Level 1:colcon.colcon_core.package_identification:_identify(bag_records/debug_record/20260513_164008_23194) by extension 'cmake'
[2.189s] Level 1:colcon.colcon_core.package_identification:_identify(bag_records/debug_record/20260513_164008_23194) by extension 'python'
[2.190s] Level 1:colcon.colcon_core.package_identification:_identify(bag_records/debug_record/20260513_164008_23194) by extensions ['python_setup_py']
[2.190s] Level 1:colcon.colcon_core.package_identification:_identify(bag_records/debug_record/20260513_164008_23194) by extension 'python_setup_py'
[2.190s] Level 1:colcon.colcon_core.package_identification:_identify(bag_records/debug_record/20260513_164421_24062) by extensions ['ignore', 'ignore_ament_install']
[2.191s] Level 1:colcon.colcon_core.package_identification:_identify(bag_records/debug_record/20260513_164421_24062) by extension 'ignore'
[2.191s] Level 1:colcon.colcon_core.package_identification:_identify(bag_records/debug_record/20260513_164421_24062) by extension 'ignore_ament_install'
[2.191s] Level 1:colcon.colcon_core.package_identification:_identify(bag_records/debug_record/20260513_164421_24062) by extensions ['colcon_pkg']
[2.191s] Level 1:colcon.colcon_core.package_identification:_identify(bag_records/debug_record/20260513_164421_24062) by extension 'colcon_pkg'
[2.192s] Level 1:colcon.colcon_core.package_identification:_identify(bag_records/debug_record/20260513_164421_24062) by extensions ['colcon_meta']
[2.192s] Level 1:colcon.colcon_core.package_identification:_identify(bag_records/debug_record/20260513_164421_24062) by extension 'colcon_meta'
[2.192s] Level 1:colcon.colcon_core.package_identification:_identify(bag_records/debug_record/20260513_164421_24062) by extensions ['ros']
[2.192s] Level 1:colcon.colcon_core.package_identification:_identify(bag_records/debug_record/20260513_164421_24062) by extension 'ros'
[2.193s] Level 1:colcon.colcon_core.package_identification:_identify(bag_records/debug_record/20260513_164421_24062) by extensions ['cmake', 'python']
[2.193s] Level 1:colcon.colcon_core.package_identification:_identify(bag_records/debug_record/20260513_164421_24062) by extension 'cmake'
[2.193s] Level 1:colcon.colcon_core.package_identification:_identify(bag_records/debug_record/20260513_164421_24062) by extension 'python'
[2.194s] Level 1:colcon.colcon_core.package_identification:_identify(bag_records/debug_record/20260513_164421_24062) by extensions ['python_setup_py']
[2.194s] Level 1:colcon.colcon_core.package_identification:_identify(bag_records/debug_record/20260513_164421_24062) by extension 'python_setup_py'
[2.194s] Level 1:colcon.colcon_core.package_identification:_identify(build) by extensions ['ignore', 'ignore_ament_install']
[2.195s] Level 1:colcon.colcon_core.package_identification:_identify(build) by extension 'ignore'
[2.195s] Level 1:colcon.colcon_core.package_identification:_identify(build) ignored
[2.196s] Level 1:colcon.colcon_core.package_identification:_identify(install) by extensions ['ignore', 'ignore_ament_install']
[2.196s] Level 1:colcon.colcon_core.package_identification:_identify(install) by extension 'ignore'
[2.196s] Level 1:colcon.colcon_core.package_identification:_identify(install) ignored
[2.197s] Level 1:colcon.colcon_core.package_identification:_identify(log) by extensions ['ignore', 'ignore_ament_install']
[2.197s] Level 1:colcon.colcon_core.package_identification:_identify(log) by extension 'ignore'
[2.197s] Level 1:colcon.colcon_core.package_identification:_identify(log) ignored
[2.198s] Level 1:colcon.colcon_core.package_identification:_identify(reqirements) by extensions ['ignore', 'ignore_ament_install']
[2.198s] Level 1:colcon.colcon_core.package_identification:_identify(reqirements) by extension 'ignore'
[2.198s] Level 1:colcon.colcon_core.package_identification:_identify(reqirements) by extension 'ignore_ament_install'
[2.199s] Level 1:colcon.colcon_core.package_identification:_identify(reqirements) by extensions ['colcon_pkg']
[2.199s] Level 1:colcon.colcon_core.package_identification:_identify(reqirements) by extension 'colcon_pkg'
[2.199s] Level 1:colcon.colcon_core.package_identification:_identify(reqirements) by extensions ['colcon_meta']
[2.199s] Level 1:colcon.colcon_core.package_identification:_identify(reqirements) by extension 'colcon_meta'
[2.200s] Level 1:colcon.colcon_core.package_identification:_identify(reqirements) by extensions ['ros']
[2.200s] Level 1:colcon.colcon_core.package_identification:_identify(reqirements) by extension 'ros'
[2.200s] Level 1:colcon.colcon_core.package_identification:_identify(reqirements) by extensions ['cmake', 'python']
[2.201s] Level 1:colcon.colcon_core.package_identification:_identify(reqirements) by extension 'cmake'
[2.201s] Level 1:colcon.colcon_core.package_identification:_identify(reqirements) by extension 'python'
[2.201s] Level 1:colcon.colcon_core.package_identification:_identify(reqirements) by extensions ['python_setup_py']
[2.201s] Level 1:colcon.colcon_core.package_identification:_identify(reqirements) by extension 'python_setup_py'
[2.202s] Level 1:colcon.colcon_core.package_identification:_identify(src) by extensions ['ignore', 'ignore_ament_install']
[2.202s] Level 1:colcon.colcon_core.package_identification:_identify(src) by extension 'ignore'
[2.202s] Level 1:colcon.colcon_core.package_identification:_identify(src) by extension 'ignore_ament_install'
[2.203s] Level 1:colcon.colcon_core.package_identification:_identify(src) by extensions ['colcon_pkg']
[2.203s] Level 1:colcon.colcon_core.package_identification:_identify(src) by extension 'colcon_pkg'
[2.203s] Level 1:colcon.colcon_core.package_identification:_identify(src) by extensions ['colcon_meta']
[2.203s] Level 1:colcon.colcon_core.package_identification:_identify(src) by extension 'colcon_meta'
[2.204s] Level 1:colcon.colcon_core.package_identification:_identify(src) by extensions ['ros']
[2.204s] Level 1:colcon.colcon_core.package_identification:_identify(src) by extension 'ros'
[2.204s] Level 1:colcon.colcon_core.package_identification:_identify(src) by extensions ['cmake', 'python']
[2.205s] Level 1:colcon.colcon_core.package_identification:_identify(src) by extension 'cmake'
[2.205s] Level 1:colcon.colcon_core.package_identification:_identify(src) by extension 'python'
[2.205s] Level 1:colcon.colcon_core.package_identification:_identify(src) by extensions ['python_setup_py']
[2.205s] Level 1:colcon.colcon_core.package_identification:_identify(src) by extension 'python_setup_py'
[2.206s] Level 1:colcon.colcon_core.package_identification:_identify(src/rm_start) by extensions ['ignore', 'ignore_ament_install']
[2.206s] Level 1:colcon.colcon_core.package_identification:_identify(src/rm_start) by extension 'ignore'
[2.206s] Level 1:colcon.colcon_core.package_identification:_identify(src/rm_start) by extension 'ignore_ament_install'
[2.207s] Level 1:colcon.colcon_core.package_identification:_identify(src/rm_start) by extensions ['colcon_pkg']
[2.207s] Level 1:colcon.colcon_core.package_identification:_identify(src/rm_start) by extension 'colcon_pkg'
[2.207s] Level 1:colcon.colcon_core.package_identification:_identify(src/rm_start) by extensions ['colcon_meta']
[2.207s] Level 1:colcon.colcon_core.package_identification:_identify(src/rm_start) by extension 'colcon_meta'
[2.208s] Level 1:colcon.colcon_core.package_identification:_identify(src/rm_start) by extensions ['ros']
[2.208s] Level 1:colcon.colcon_core.package_identification:_identify(src/rm_start) by extension 'ros'
[2.208s] Level 1:colcon.colcon_core.package_identification:_identify(src/rm_start) by extensions ['cmake', 'python']
[2.208s] Level 1:colcon.colcon_core.package_identification:_identify(src/rm_start) by extension 'cmake'
[2.209s] Level 1:colcon.colcon_core.package_identification:_identify(src/rm_start) by extension 'python'
[2.209s] Level 1:colcon.colcon_core.package_identification:_identify(src/rm_start) by extensions ['python_setup_py']
[2.209s] Level 1:colcon.colcon_core.package_identification:_identify(src/rm_start) by extension 'python_setup_py'
[2.210s] Level 1:colcon.colcon_core.package_identification:_identify(src/ros2_hik_camera) by extensions ['ignore', 'ignore_ament_install']
[2.210s] Level 1:colcon.colcon_core.package_identification:_identify(src/ros2_hik_camera) by extension 'ignore'
[2.210s] Level 1:colcon.colcon_core.package_identification:_identify(src/ros2_hik_camera) by extension 'ignore_ament_install'
[2.211s] Level 1:colcon.colcon_core.package_identification:_identify(src/ros2_hik_camera) by extensions ['colcon_pkg']
[2.211s] Level 1:colcon.colcon_core.package_identification:_identify(src/ros2_hik_camera) by extension 'colcon_pkg'
[2.211s] Level 1:colcon.colcon_core.package_identification:_identify(src/ros2_hik_camera) by extensions ['colcon_meta']
[2.211s] Level 1:colcon.colcon_core.package_identification:_identify(src/ros2_hik_camera) by extension 'colcon_meta'
[2.212s] Level 1:colcon.colcon_core.package_identification:_identify(src/ros2_hik_camera) by extensions ['ros']
[2.212s] Level 1:colcon.colcon_core.package_identification:_identify(src/ros2_hik_camera) by extension 'ros'
[2.230s] DEBUG:colcon.colcon_core.package_identification:Package 'src/ros2_hik_camera' with type 'ros.ament_cmake' and name 'hik_camera'
[2.231s] Level 1:colcon.colcon_core.package_identification:_identify(src/yq_dart_aim) by extensions ['ignore', 'ignore_ament_install']
[2.231s] Level 1:colcon.colcon_core.package_identification:_identify(src/yq_dart_aim) by extension 'ignore'
[2.232s] Level 1:colcon.colcon_core.package_identification:_identify(src/yq_dart_aim) by extension 'ignore_ament_install'
[2.232s] Level 1:colcon.colcon_core.package_identification:_identify(src/yq_dart_aim) by extensions ['colcon_pkg']
[2.232s] Level 1:colcon.colcon_core.package_identification:_identify(src/yq_dart_aim) by extension 'colcon_pkg'
[2.232s] Level 1:colcon.colcon_core.package_identification:_identify(src/yq_dart_aim) by extensions ['colcon_meta']
[2.233s] Level 1:colcon.colcon_core.package_identification:_identify(src/yq_dart_aim) by extension 'colcon_meta'
[2.233s] Level 1:colcon.colcon_core.package_identification:_identify(src/yq_dart_aim) by extensions ['ros']
[2.233s] Level 1:colcon.colcon_core.package_identification:_identify(src/yq_dart_aim) by extension 'ros'
[2.237s] DEBUG:colcon.colcon_core.package_identification:Package 'src/yq_dart_aim' with type 'ros.ament_cmake' and name 'yq_dart_aim'
[2.238s] Level 1:colcon.colcon_core.package_discovery:discover_packages(recursive) using defaults
[2.238s] Level 1:colcon.colcon_core.package_discovery:discover_packages(ignore) discover
[2.238s] Level 1:colcon.colcon_core.package_discovery:discover_packages(ignore) using defaults
[2.239s] Level 1:colcon.colcon_core.package_discovery:discover_packages(path) discover
[2.239s] Level 1:colcon.colcon_core.package_discovery:discover_packages(path) using defaults
[2.367s] INFO:colcon.colcon_core.package_selection:Skipping not selected package 'hik_camera' in 'src/ros2_hik_camera'
[2.370s] Level 1:colcon.colcon_core.package_discovery:discover_packages(prefix_path) check parameters
[2.370s] Level 1:colcon.colcon_core.package_discovery:discover_packages(prefix_path) discover
[2.382s] DEBUG:colcon.colcon_installed_package_information.package_discovery:Found 2 installed packages in /root/dart_ws/install
[2.390s] DEBUG:colcon.colcon_installed_package_information.package_discovery:Found 281 installed packages in /opt/ros/humble
[2.476s] Level 1:colcon.colcon_core.package_discovery:discover_packages(prefix_path) using defaults
[2.741s] Level 5:colcon.colcon_core.verb:set package 'yq_dart_aim' build argument 'cmake_args' from command line to 'None'
[2.741s] Level 5:colcon.colcon_core.verb:set package 'yq_dart_aim' build argument 'cmake_target' from command line to 'None'
[2.741s] Level 5:colcon.colcon_core.verb:set package 'yq_dart_aim' build argument 'cmake_target_skip_unavailable' from command line to 'False'
[2.742s] Level 5:colcon.colcon_core.verb:set package 'yq_dart_aim' build argument 'cmake_clean_cache' from command line to 'False'
[2.742s] Level 5:colcon.colcon_core.verb:set package 'yq_dart_aim' build argument 'cmake_clean_first' from command line to 'False'
[2.742s] Level 5:colcon.colcon_core.verb:set package 'yq_dart_aim' build argument 'cmake_force_configure' from command line to 'False'
[2.742s] Level 5:colcon.colcon_core.verb:set package 'yq_dart_aim' build argument 'ament_cmake_args' from command line to 'None'
[2.742s] Level 5:colcon.colcon_core.verb:set package 'yq_dart_aim' build argument 'catkin_cmake_args' from command line to 'None'
[2.743s] Level 5:colcon.colcon_core.verb:set package 'yq_dart_aim' build argument 'catkin_skip_building_tests' from command line to 'False'
[2.743s] DEBUG:colcon.colcon_core.verb:Building package 'yq_dart_aim' with the following arguments: {'ament_cmake_args': None, 'build_base': '/root/dart_ws/build/yq_dart_aim', 'catkin_cmake_args': None, 'catkin_skip_building_tests': False, 'cmake_args': None, 'cmake_clean_cache': False, 'cmake_clean_first': False, 'cmake_force_configure': False, 'cmake_target': None, 'cmake_target_skip_unavailable': False, 'install_base': '/root/dart_ws/install/yq_dart_aim', 'merge_install': False, 'path': '/root/dart_ws/src/yq_dart_aim', 'symlink_install': True, 'test_result_base': None}
[2.744s] INFO:colcon.colcon_core.executor:Executing jobs using 'parallel' executor
[2.748s] DEBUG:colcon.colcon_parallel_executor.executor.parallel:run_until_complete
[2.750s] INFO:colcon.colcon_ros.task.ament_cmake.build:Building ROS package in '/root/dart_ws/src/yq_dart_aim' with build type 'ament_cmake'
[2.750s] INFO:colcon.colcon_cmake.task.cmake.build:Building CMake package in '/root/dart_ws/src/yq_dart_aim'
[2.768s] INFO:colcon.colcon_core.plugin_system:Skipping extension 'colcon_core.shell.bat': Not used on non-Windows systems
[2.769s] INFO:colcon.colcon_core.shell:Skip shell extension 'powershell' for command environment: Not usable outside of PowerShell
[2.770s] DEBUG:colcon.colcon_core.shell:Skip shell extension 'dsv' for command environment
[2.812s] DEBUG:colcon.colcon_core.event_handler.log_command:Invoking command in '/root/dart_ws/build/yq_dart_aim': CMAKE_PREFIX_PATH=${CMAKE_PREFIX_PATH}:/opt/ros/humble /usr/bin/cmake --build /root/dart_ws/build/yq_dart_aim -- -j8 -l8
[16.881s] DEBUG:colcon.colcon_parallel_executor.executor.parallel:run_until_complete was interrupted
[16.882s] DEBUG:colcon.colcon_parallel_executor.executor.parallel:run_until_complete again
[16.982s] DEBUG:colcon.colcon_core.event_handler.log_command:Invoked command in '/root/dart_ws/build/yq_dart_aim' returned '-2': CMAKE_PREFIX_PATH=${CMAKE_PREFIX_PATH}:/opt/ros/humble /usr/bin/cmake --build /root/dart_ws/build/yq_dart_aim -- -j8 -l8
[16.987s] Level 1:colcon.colcon_core.environment:create_environment_scripts_only(yq_dart_aim)
[17.026s] Level 1:colcon.colcon_core.environment:checking '/root/dart_ws/install/yq_dart_aim' for CMake module files
[17.031s] Level 1:colcon.colcon_core.environment:checking '/root/dart_ws/install/yq_dart_aim' for CMake config files
[17.033s] Level 1:colcon.colcon_core.shell:create_environment_hook('yq_dart_aim', 'cmake_prefix_path')
[17.035s] INFO:colcon.colcon_core.shell:Creating environment hook '/root/dart_ws/install/yq_dart_aim/share/yq_dart_aim/hook/cmake_prefix_path.ps1'
[17.041s] INFO:colcon.colcon_core.shell:Creating environment descriptor '/root/dart_ws/install/yq_dart_aim/share/yq_dart_aim/hook/cmake_prefix_path.dsv'
[17.045s] INFO:colcon.colcon_core.shell:Creating environment hook '/root/dart_ws/install/yq_dart_aim/share/yq_dart_aim/hook/cmake_prefix_path.sh'
[17.053s] Level 1:colcon.colcon_core.environment:checking '/root/dart_ws/install/yq_dart_aim/lib'
[17.054s] Level 1:colcon.colcon_core.environment:checking '/root/dart_ws/install/yq_dart_aim/bin'
[17.055s] Level 1:colcon.colcon_core.environment:checking '/root/dart_ws/install/yq_dart_aim/lib/pkgconfig/yq_dart_aim.pc'
[17.056s] Level 1:colcon.colcon_core.environment:checking '/root/dart_ws/install/yq_dart_aim/lib/python3.10/site-packages'
[17.059s] Level 1:colcon.colcon_core.environment:checking '/root/dart_ws/install/yq_dart_aim/bin'
[17.061s] INFO:colcon.colcon_core.shell:Creating package script '/root/dart_ws/install/yq_dart_aim/share/yq_dart_aim/package.ps1'
[17.068s] INFO:colcon.colcon_core.shell:Creating package descriptor '/root/dart_ws/install/yq_dart_aim/share/yq_dart_aim/package.dsv'
[17.073s] INFO:colcon.colcon_core.shell:Creating package script '/root/dart_ws/install/yq_dart_aim/share/yq_dart_aim/package.sh'
[17.080s] INFO:colcon.colcon_core.shell:Creating package script '/root/dart_ws/install/yq_dart_aim/share/yq_dart_aim/package.bash'
[17.087s] INFO:colcon.colcon_core.shell:Creating package script '/root/dart_ws/install/yq_dart_aim/share/yq_dart_aim/package.zsh'
[17.094s] Level 1:colcon.colcon_core.environment:create_file_with_runtime_dependencies(/root/dart_ws/install/yq_dart_aim/share/colcon-core/packages/yq_dart_aim)
[17.106s] DEBUG:colcon.colcon_parallel_executor.executor.parallel:run_until_complete finished
[17.106s] DEBUG:colcon.colcon_parallel_executor.executor.parallel:closing loop
[17.107s] DEBUG:colcon.colcon_parallel_executor.executor.parallel:loop closed
[17.107s] DEBUG:colcon.colcon_core.event_reactor:joining thread
[17.152s] INFO:colcon.colcon_core.plugin_system:Skipping extension 'colcon_notification.desktop_notification.notify_send': Could not find 'notify-send'
[17.153s] INFO:colcon.colcon_core.plugin_system:Skipping extension 'colcon_notification.desktop_notification.terminal_notifier': Not used on non-Darwin systems
[17.153s] INFO:colcon.colcon_core.plugin_system:Skipping extension 'colcon_notification.desktop_notification.win32': Not used on non-Windows systems
[17.153s] INFO:colcon.colcon_notification.desktop_notification:Sending desktop notification using 'notify2'
[42.319s] DEBUG:colcon.colcon_notification.desktop_notification.notify2:Failed to initialize notify2: org.freedesktop.DBus.Error.NoReply: Did not receive a reply. Possible causes include: the remote application did not send a reply, the message bus security policy blocked the reply, the reply timeout expired, or the network connection was broken.
[42.321s] DEBUG:colcon.colcon_core.event_reactor:joined thread
[42.324s] INFO:colcon.colcon_core.shell:Creating prefix script '/root/dart_ws/install/local_setup.ps1'
[42.331s] INFO:colcon.colcon_core.shell:Creating prefix util module '/root/dart_ws/install/_local_setup_util_ps1.py'
[42.342s] INFO:colcon.colcon_core.shell:Creating prefix chain script '/root/dart_ws/install/setup.ps1'
[42.353s] INFO:colcon.colcon_core.shell:Creating prefix script '/root/dart_ws/install/local_setup.sh'
[42.360s] INFO:colcon.colcon_core.shell:Creating prefix util module '/root/dart_ws/install/_local_setup_util_sh.py'
[42.364s] INFO:colcon.colcon_core.shell:Creating prefix chain script '/root/dart_ws/install/setup.sh'
[42.372s] INFO:colcon.colcon_core.shell:Creating prefix script '/root/dart_ws/install/local_setup.bash'
[42.376s] INFO:colcon.colcon_core.shell:Creating prefix chain script '/root/dart_ws/install/setup.bash'
[42.384s] INFO:colcon.colcon_core.shell:Creating prefix script '/root/dart_ws/install/local_setup.zsh'
[42.389s] INFO:colcon.colcon_core.shell:Creating prefix chain script '/root/dart_ws/install/setup.zsh'
