[0.704s] DEBUG:colcon:Command line arguments: ['/usr/bin/colcon', 'build', '--symlink-install']
[0.705s] DEBUG:colcon:Parsed command line arguments: Namespace(log_base=None, log_level=None, verb_name='build', build_base='build', install_base='install', merge_install=False, symlink_install=True, test_result_base=None, continue_on_error=False, executor='parallel', parallel_workers=8, event_handlers=None, ignore_user_meta=False, metas=['./colcon.meta'], base_paths=['.'], packages_ignore=None, packages_ignore_regex=None, paths=None, packages_up_to=None, packages_up_to_regex=None, packages_above=None, packages_above_and_dependencies=None, packages_above_depth=None, packages_select_by_dep=None, packages_skip_by_dep=None, packages_skip_up_to=None, packages_select_build_failed=False, packages_skip_build_finished=False, packages_select_test_failures=False, packages_skip_test_passed=False, packages_select=None, packages_skip=None, packages_select_regex=None, packages_skip_regex=None, packages_start=None, packages_end=None, allow_overriding=[], cmake_args=None, cmake_target=None, cmake_target_skip_unavailable=False, cmake_clean_cache=False, cmake_clean_first=False, cmake_force_configure=False, ament_cmake_args=None, catkin_cmake_args=None, catkin_skip_building_tests=False, verb_parser=<colcon_defaults.argument_parser.defaults.DefaultArgumentsDecorator object at 0xffffa87c3c10>, verb_extension=<colcon_core.verb.build.BuildVerb object at 0xffffa87c3370>, main=<bound method BuildVerb.main of <colcon_core.verb.build.BuildVerb object at 0xffffa87c3370>>)
[1.941s] Level 1:colcon.colcon_core.package_discovery:discover_packages(colcon_meta) check parameters
[1.942s] Level 1:colcon.colcon_core.package_discovery:discover_packages(recursive) check parameters
[1.942s] Level 1:colcon.colcon_core.package_discovery:discover_packages(ignore) check parameters
[1.942s] Level 1:colcon.colcon_core.package_discovery:discover_packages(path) check parameters
[1.942s] Level 1:colcon.colcon_core.package_discovery:discover_packages(colcon_meta) discover
[1.942s] Level 1:colcon.colcon_core.package_discovery:discover_packages(recursive) discover
[1.943s] INFO:colcon.colcon_core.package_discovery:Crawling recursively for packages in '/root/dart_ws'
[1.943s] Level 1:colcon.colcon_core.package_identification:_identify(.) by extensions ['ignore', 'ignore_ament_install']
[1.944s] Level 1:colcon.colcon_core.package_identification:_identify(.) by extension 'ignore'
[1.944s] Level 1:colcon.colcon_core.package_identification:_identify(.) by extension 'ignore_ament_install'
[1.944s] Level 1:colcon.colcon_core.package_identification:_identify(.) by extensions ['colcon_pkg']
[1.944s] Level 1:colcon.colcon_core.package_identification:_identify(.) by extension 'colcon_pkg'
[1.945s] Level 1:colcon.colcon_core.package_identification:_identify(.) by extensions ['colcon_meta']
[1.945s] Level 1:colcon.colcon_core.package_identification:_identify(.) by extension 'colcon_meta'
[1.945s] Level 1:colcon.colcon_core.package_identification:_identify(.) by extensions ['ros']
[1.945s] Level 1:colcon.colcon_core.package_identification:_identify(.) by extension 'ros'
[2.022s] Level 1:colcon.colcon_core.package_identification:_identify(.) by extensions ['cmake', 'python']
[2.022s] Level 1:colcon.colcon_core.package_identification:_identify(.) by extension 'cmake'
[2.022s] Level 1:colcon.colcon_core.package_identification:_identify(.) by extension 'python'
[2.023s] Level 1:colcon.colcon_core.package_identification:_identify(.) by extensions ['python_setup_py']
[2.023s] Level 1:colcon.colcon_core.package_identification:_identify(.) by extension 'python_setup_py'
[2.024s] Level 1:colcon.colcon_core.package_identification:_identify(MvSdkLog) by extensions ['ignore', 'ignore_ament_install']
[2.024s] Level 1:colcon.colcon_core.package_identification:_identify(MvSdkLog) by extension 'ignore'
[2.024s] Level 1:colcon.colcon_core.package_identification:_identify(MvSdkLog) by extension 'ignore_ament_install'
[2.025s] Level 1:colcon.colcon_core.package_identification:_identify(MvSdkLog) by extensions ['colcon_pkg']
[2.025s] Level 1:colcon.colcon_core.package_identification:_identify(MvSdkLog) by extension 'colcon_pkg'
[2.025s] Level 1:colcon.colcon_core.package_identification:_identify(MvSdkLog) by extensions ['colcon_meta']
[2.025s] Level 1:colcon.colcon_core.package_identification:_identify(MvSdkLog) by extension 'colcon_meta'
[2.026s] Level 1:colcon.colcon_core.package_identification:_identify(MvSdkLog) by extensions ['ros']
[2.026s] Level 1:colcon.colcon_core.package_identification:_identify(MvSdkLog) by extension 'ros'
[2.026s] Level 1:colcon.colcon_core.package_identification:_identify(MvSdkLog) by extensions ['cmake', 'python']
[2.026s] Level 1:colcon.colcon_core.package_identification:_identify(MvSdkLog) by extension 'cmake'
[2.027s] Level 1:colcon.colcon_core.package_identification:_identify(MvSdkLog) by extension 'python'
[2.027s] Level 1:colcon.colcon_core.package_identification:_identify(MvSdkLog) by extensions ['python_setup_py']
[2.027s] Level 1:colcon.colcon_core.package_identification:_identify(MvSdkLog) by extension 'python_setup_py'
[2.028s] Level 1:colcon.colcon_core.package_identification:_identify(bag_records) by extensions ['ignore', 'ignore_ament_install']
[2.028s] Level 1:colcon.colcon_core.package_identification:_identify(bag_records) by extension 'ignore'
[2.028s] Level 1:colcon.colcon_core.package_identification:_identify(bag_records) by extension 'ignore_ament_install'
[2.029s] Level 1:colcon.colcon_core.package_identification:_identify(bag_records) by extensions ['colcon_pkg']
[2.029s] Level 1:colcon.colcon_core.package_identification:_identify(bag_records) by extension 'colcon_pkg'
[2.029s] Level 1:colcon.colcon_core.package_identification:_identify(bag_records) by extensions ['colcon_meta']
[2.029s] Level 1:colcon.colcon_core.package_identification:_identify(bag_records) by extension 'colcon_meta'
[2.030s] Level 1:colcon.colcon_core.package_identification:_identify(bag_records) by extensions ['ros']
[2.030s] Level 1:colcon.colcon_core.package_identification:_identify(bag_records) by extension 'ros'
[2.030s] Level 1:colcon.colcon_core.package_identification:_identify(bag_records) by extensions ['cmake', 'python']
[2.030s] Level 1:colcon.colcon_core.package_identification:_identify(bag_records) by extension 'cmake'
[2.031s] Level 1:colcon.colcon_core.package_identification:_identify(bag_records) by extension 'python'
[2.031s] Level 1:colcon.colcon_core.package_identification:_identify(bag_records) by extensions ['python_setup_py']
[2.031s] Level 1:colcon.colcon_core.package_identification:_identify(bag_records) by extension 'python_setup_py'
[2.032s] Level 1:colcon.colcon_core.package_identification:_identify(bag_records/debug_record) by extensions ['ignore', 'ignore_ament_install']
[2.033s] Level 1:colcon.colcon_core.package_identification:_identify(bag_records/debug_record) by extension 'ignore'
[2.033s] Level 1:colcon.colcon_core.package_identification:_identify(bag_records/debug_record) by extension 'ignore_ament_install'
[2.033s] Level 1:colcon.colcon_core.package_identification:_identify(bag_records/debug_record) by extensions ['colcon_pkg']
[2.034s] Level 1:colcon.colcon_core.package_identification:_identify(bag_records/debug_record) by extension 'colcon_pkg'
[2.034s] Level 1:colcon.colcon_core.package_identification:_identify(bag_records/debug_record) by extensions ['colcon_meta']
[2.034s] Level 1:colcon.colcon_core.package_identification:_identify(bag_records/debug_record) by extension 'colcon_meta'
[2.034s] Level 1:colcon.colcon_core.package_identification:_identify(bag_records/debug_record) by extensions ['ros']
[2.035s] Level 1:colcon.colcon_core.package_identification:_identify(bag_records/debug_record) by extension 'ros'
[2.035s] Level 1:colcon.colcon_core.package_identification:_identify(bag_records/debug_record) by extensions ['cmake', 'python']
[2.035s] Level 1:colcon.colcon_core.package_identification:_identify(bag_records/debug_record) by extension 'cmake'
[2.036s] Level 1:colcon.colcon_core.package_identification:_identify(bag_records/debug_record) by extension 'python'
[2.036s] Level 1:colcon.colcon_core.package_identification:_identify(bag_records/debug_record) by extensions ['python_setup_py']
[2.036s] Level 1:colcon.colcon_core.package_identification:_identify(bag_records/debug_record) by extension 'python_setup_py'
[2.037s] Level 1:colcon.colcon_core.package_identification:_identify(bag_records/debug_record/20000101_080025) by extensions ['ignore', 'ignore_ament_install']
[2.037s] Level 1:colcon.colcon_core.package_identification:_identify(bag_records/debug_record/20000101_080025) by extension 'ignore'
[2.037s] Level 1:colcon.colcon_core.package_identification:_identify(bag_records/debug_record/20000101_080025) by extension 'ignore_ament_install'
[2.038s] Level 1:colcon.colcon_core.package_identification:_identify(bag_records/debug_record/20000101_080025) by extensions ['colcon_pkg']
[2.038s] Level 1:colcon.colcon_core.package_identification:_identify(bag_records/debug_record/20000101_080025) by extension 'colcon_pkg'
[2.038s] Level 1:colcon.colcon_core.package_identification:_identify(bag_records/debug_record/20000101_080025) by extensions ['colcon_meta']
[2.038s] Level 1:colcon.colcon_core.package_identification:_identify(bag_records/debug_record/20000101_080025) by extension 'colcon_meta'
[2.039s] Level 1:colcon.colcon_core.package_identification:_identify(bag_records/debug_record/20000101_080025) by extensions ['ros']
[2.039s] Level 1:colcon.colcon_core.package_identification:_identify(bag_records/debug_record/20000101_080025) by extension 'ros'
[2.039s] Level 1:colcon.colcon_core.package_identification:_identify(bag_records/debug_record/20000101_080025) by extensions ['cmake', 'python']
[2.039s] Level 1:colcon.colcon_core.package_identification:_identify(bag_records/debug_record/20000101_080025) by extension 'cmake'
[2.040s] Level 1:colcon.colcon_core.package_identification:_identify(bag_records/debug_record/20000101_080025) by extension 'python'
[2.040s] Level 1:colcon.colcon_core.package_identification:_identify(bag_records/debug_record/20000101_080025) by extensions ['python_setup_py']
[2.040s] Level 1:colcon.colcon_core.package_identification:_identify(bag_records/debug_record/20000101_080025) by extension 'python_setup_py'
[2.041s] Level 1:colcon.colcon_core.package_identification:_identify(bag_records/debug_record/20000101_080038) by extensions ['ignore', 'ignore_ament_install']
[2.041s] Level 1:colcon.colcon_core.package_identification:_identify(bag_records/debug_record/20000101_080038) by extension 'ignore'
[2.041s] Level 1:colcon.colcon_core.package_identification:_identify(bag_records/debug_record/20000101_080038) by extension 'ignore_ament_install'
[2.042s] Level 1:colcon.colcon_core.package_identification:_identify(bag_records/debug_record/20000101_080038) by extensions ['colcon_pkg']
[2.042s] Level 1:colcon.colcon_core.package_identification:_identify(bag_records/debug_record/20000101_080038) by extension 'colcon_pkg'
[2.042s] Level 1:colcon.colcon_core.package_identification:_identify(bag_records/debug_record/20000101_080038) by extensions ['colcon_meta']
[2.042s] Level 1:colcon.colcon_core.package_identification:_identify(bag_records/debug_record/20000101_080038) by extension 'colcon_meta'
[2.043s] Level 1:colcon.colcon_core.package_identification:_identify(bag_records/debug_record/20000101_080038) by extensions ['ros']
[2.043s] Level 1:colcon.colcon_core.package_identification:_identify(bag_records/debug_record/20000101_080038) by extension 'ros'
[2.043s] Level 1:colcon.colcon_core.package_identification:_identify(bag_records/debug_record/20000101_080038) by extensions ['cmake', 'python']
[2.043s] Level 1:colcon.colcon_core.package_identification:_identify(bag_records/debug_record/20000101_080038) by extension 'cmake'
[2.044s] Level 1:colcon.colcon_core.package_identification:_identify(bag_records/debug_record/20000101_080038) by extension 'python'
[2.044s] Level 1:colcon.colcon_core.package_identification:_identify(bag_records/debug_record/20000101_080038) by extensions ['python_setup_py']
[2.044s] Level 1:colcon.colcon_core.package_identification:_identify(bag_records/debug_record/20000101_080038) by extension 'python_setup_py'
[2.045s] Level 1:colcon.colcon_core.package_identification:_identify(bag_records/debug_record/20260512_004042) by extensions ['ignore', 'ignore_ament_install']
[2.045s] Level 1:colcon.colcon_core.package_identification:_identify(bag_records/debug_record/20260512_004042) by extension 'ignore'
[2.045s] Level 1:colcon.colcon_core.package_identification:_identify(bag_records/debug_record/20260512_004042) by extension 'ignore_ament_install'
[2.046s] Level 1:colcon.colcon_core.package_identification:_identify(bag_records/debug_record/20260512_004042) by extensions ['colcon_pkg']
[2.046s] Level 1:colcon.colcon_core.package_identification:_identify(bag_records/debug_record/20260512_004042) by extension 'colcon_pkg'
[2.046s] Level 1:colcon.colcon_core.package_identification:_identify(bag_records/debug_record/20260512_004042) by extensions ['colcon_meta']
[2.046s] Level 1:colcon.colcon_core.package_identification:_identify(bag_records/debug_record/20260512_004042) by extension 'colcon_meta'
[2.047s] Level 1:colcon.colcon_core.package_identification:_identify(bag_records/debug_record/20260512_004042) by extensions ['ros']
[2.047s] Level 1:colcon.colcon_core.package_identification:_identify(bag_records/debug_record/20260512_004042) by extension 'ros'
[2.047s] Level 1:colcon.colcon_core.package_identification:_identify(bag_records/debug_record/20260512_004042) by extensions ['cmake', 'python']
[2.048s] Level 1:colcon.colcon_core.package_identification:_identify(bag_records/debug_record/20260512_004042) by extension 'cmake'
[2.048s] Level 1:colcon.colcon_core.package_identification:_identify(bag_records/debug_record/20260512_004042) by extension 'python'
[2.048s] Level 1:colcon.colcon_core.package_identification:_identify(bag_records/debug_record/20260512_004042) by extensions ['python_setup_py']
[2.048s] Level 1:colcon.colcon_core.package_identification:_identify(bag_records/debug_record/20260512_004042) by extension 'python_setup_py'
[2.049s] Level 1:colcon.colcon_core.package_identification:_identify(bag_records/debug_record/20260512_004430) by extensions ['ignore', 'ignore_ament_install']
[2.049s] Level 1:colcon.colcon_core.package_identification:_identify(bag_records/debug_record/20260512_004430) by extension 'ignore'
[2.049s] Level 1:colcon.colcon_core.package_identification:_identify(bag_records/debug_record/20260512_004430) by extension 'ignore_ament_install'
[2.050s] Level 1:colcon.colcon_core.package_identification:_identify(bag_records/debug_record/20260512_004430) by extensions ['colcon_pkg']
[2.050s] Level 1:colcon.colcon_core.package_identification:_identify(bag_records/debug_record/20260512_004430) by extension 'colcon_pkg'
[2.050s] Level 1:colcon.colcon_core.package_identification:_identify(bag_records/debug_record/20260512_004430) by extensions ['colcon_meta']
[2.050s] Level 1:colcon.colcon_core.package_identification:_identify(bag_records/debug_record/20260512_004430) by extension 'colcon_meta'
[2.051s] Level 1:colcon.colcon_core.package_identification:_identify(bag_records/debug_record/20260512_004430) by extensions ['ros']
[2.051s] Level 1:colcon.colcon_core.package_identification:_identify(bag_records/debug_record/20260512_004430) by extension 'ros'
[2.051s] Level 1:colcon.colcon_core.package_identification:_identify(bag_records/debug_record/20260512_004430) by extensions ['cmake', 'python']
[2.052s] Level 1:colcon.colcon_core.package_identification:_identify(bag_records/debug_record/20260512_004430) by extension 'cmake'
[2.052s] Level 1:colcon.colcon_core.package_identification:_identify(bag_records/debug_record/20260512_004430) by extension 'python'
[2.052s] Level 1:colcon.colcon_core.package_identification:_identify(bag_records/debug_record/20260512_004430) by extensions ['python_setup_py']
[2.052s] Level 1:colcon.colcon_core.package_identification:_identify(bag_records/debug_record/20260512_004430) by extension 'python_setup_py'
[2.053s] Level 1:colcon.colcon_core.package_identification:_identify(bag_records/debug_record/20260512_005123) by extensions ['ignore', 'ignore_ament_install']
[2.053s] Level 1:colcon.colcon_core.package_identification:_identify(bag_records/debug_record/20260512_005123) by extension 'ignore'
[2.054s] Level 1:colcon.colcon_core.package_identification:_identify(bag_records/debug_record/20260512_005123) by extension 'ignore_ament_install'
[2.054s] Level 1:colcon.colcon_core.package_identification:_identify(bag_records/debug_record/20260512_005123) by extensions ['colcon_pkg']
[2.054s] Level 1:colcon.colcon_core.package_identification:_identify(bag_records/debug_record/20260512_005123) by extension 'colcon_pkg'
[2.054s] Level 1:colcon.colcon_core.package_identification:_identify(bag_records/debug_record/20260512_005123) by extensions ['colcon_meta']
[2.055s] Level 1:colcon.colcon_core.package_identification:_identify(bag_records/debug_record/20260512_005123) by extension 'colcon_meta'
[2.055s] Level 1:colcon.colcon_core.package_identification:_identify(bag_records/debug_record/20260512_005123) by extensions ['ros']
[2.055s] Level 1:colcon.colcon_core.package_identification:_identify(bag_records/debug_record/20260512_005123) by extension 'ros'
[2.056s] Level 1:colcon.colcon_core.package_identification:_identify(bag_records/debug_record/20260512_005123) by extensions ['cmake', 'python']
[2.056s] Level 1:colcon.colcon_core.package_identification:_identify(bag_records/debug_record/20260512_005123) by extension 'cmake'
[2.056s] Level 1:colcon.colcon_core.package_identification:_identify(bag_records/debug_record/20260512_005123) by extension 'python'
[2.056s] Level 1:colcon.colcon_core.package_identification:_identify(bag_records/debug_record/20260512_005123) by extensions ['python_setup_py']
[2.056s] Level 1:colcon.colcon_core.package_identification:_identify(bag_records/debug_record/20260512_005123) by extension 'python_setup_py'
[2.057s] Level 1:colcon.colcon_core.package_identification:_identify(bag_records/debug_record/20260512_005329) by extensions ['ignore', 'ignore_ament_install']
[2.057s] Level 1:colcon.colcon_core.package_identification:_identify(bag_records/debug_record/20260512_005329) by extension 'ignore'
[2.058s] Level 1:colcon.colcon_core.package_identification:_identify(bag_records/debug_record/20260512_005329) by extension 'ignore_ament_install'
[2.058s] Level 1:colcon.colcon_core.package_identification:_identify(bag_records/debug_record/20260512_005329) by extensions ['colcon_pkg']
[2.058s] Level 1:colcon.colcon_core.package_identification:_identify(bag_records/debug_record/20260512_005329) by extension 'colcon_pkg'
[2.058s] Level 1:colcon.colcon_core.package_identification:_identify(bag_records/debug_record/20260512_005329) by extensions ['colcon_meta']
[2.059s] Level 1:colcon.colcon_core.package_identification:_identify(bag_records/debug_record/20260512_005329) by extension 'colcon_meta'
[2.059s] Level 1:colcon.colcon_core.package_identification:_identify(bag_records/debug_record/20260512_005329) by extensions ['ros']
[2.059s] Level 1:colcon.colcon_core.package_identification:_identify(bag_records/debug_record/20260512_005329) by extension 'ros'
[2.060s] Level 1:colcon.colcon_core.package_identification:_identify(bag_records/debug_record/20260512_005329) by extensions ['cmake', 'python']
[2.060s] Level 1:colcon.colcon_core.package_identification:_identify(bag_records/debug_record/20260512_005329) by extension 'cmake'
[2.060s] Level 1:colcon.colcon_core.package_identification:_identify(bag_records/debug_record/20260512_005329) by extension 'python'
[2.060s] Level 1:colcon.colcon_core.package_identification:_identify(bag_records/debug_record/20260512_005329) by extensions ['python_setup_py']
[2.060s] Level 1:colcon.colcon_core.package_identification:_identify(bag_records/debug_record/20260512_005329) by extension 'python_setup_py'
[2.061s] Level 1:colcon.colcon_core.package_identification:_identify(build) by extensions ['ignore', 'ignore_ament_install']
[2.061s] Level 1:colcon.colcon_core.package_identification:_identify(build) by extension 'ignore'
[2.062s] Level 1:colcon.colcon_core.package_identification:_identify(build) ignored
[2.062s] Level 1:colcon.colcon_core.package_identification:_identify(install) by extensions ['ignore', 'ignore_ament_install']
[2.063s] Level 1:colcon.colcon_core.package_identification:_identify(install) by extension 'ignore'
[2.063s] Level 1:colcon.colcon_core.package_identification:_identify(install) ignored
[2.063s] Level 1:colcon.colcon_core.package_identification:_identify(log) by extensions ['ignore', 'ignore_ament_install']
[2.064s] Level 1:colcon.colcon_core.package_identification:_identify(log) by extension 'ignore'
[2.064s] Level 1:colcon.colcon_core.package_identification:_identify(log) ignored
[2.064s] Level 1:colcon.colcon_core.package_identification:_identify(reqirements) by extensions ['ignore', 'ignore_ament_install']
[2.065s] Level 1:colcon.colcon_core.package_identification:_identify(reqirements) by extension 'ignore'
[2.065s] Level 1:colcon.colcon_core.package_identification:_identify(reqirements) by extension 'ignore_ament_install'
[2.066s] Level 1:colcon.colcon_core.package_identification:_identify(reqirements) by extensions ['colcon_pkg']
[2.066s] Level 1:colcon.colcon_core.package_identification:_identify(reqirements) by extension 'colcon_pkg'
[2.066s] Level 1:colcon.colcon_core.package_identification:_identify(reqirements) by extensions ['colcon_meta']
[2.066s] Level 1:colcon.colcon_core.package_identification:_identify(reqirements) by extension 'colcon_meta'
[2.066s] Level 1:colcon.colcon_core.package_identification:_identify(reqirements) by extensions ['ros']
[2.067s] Level 1:colcon.colcon_core.package_identification:_identify(reqirements) by extension 'ros'
[2.067s] Level 1:colcon.colcon_core.package_identification:_identify(reqirements) by extensions ['cmake', 'python']
[2.067s] Level 1:colcon.colcon_core.package_identification:_identify(reqirements) by extension 'cmake'
[2.068s] Level 1:colcon.colcon_core.package_identification:_identify(reqirements) by extension 'python'
[2.068s] Level 1:colcon.colcon_core.package_identification:_identify(reqirements) by extensions ['python_setup_py']
[2.068s] Level 1:colcon.colcon_core.package_identification:_identify(reqirements) by extension 'python_setup_py'
[2.068s] Level 1:colcon.colcon_core.package_identification:_identify(src) by extensions ['ignore', 'ignore_ament_install']
[2.069s] Level 1:colcon.colcon_core.package_identification:_identify(src) by extension 'ignore'
[2.069s] Level 1:colcon.colcon_core.package_identification:_identify(src) by extension 'ignore_ament_install'
[2.069s] Level 1:colcon.colcon_core.package_identification:_identify(src) by extensions ['colcon_pkg']
[2.070s] Level 1:colcon.colcon_core.package_identification:_identify(src) by extension 'colcon_pkg'
[2.070s] Level 1:colcon.colcon_core.package_identification:_identify(src) by extensions ['colcon_meta']
[2.070s] Level 1:colcon.colcon_core.package_identification:_identify(src) by extension 'colcon_meta'
[2.070s] Level 1:colcon.colcon_core.package_identification:_identify(src) by extensions ['ros']
[2.070s] Level 1:colcon.colcon_core.package_identification:_identify(src) by extension 'ros'
[2.071s] Level 1:colcon.colcon_core.package_identification:_identify(src) by extensions ['cmake', 'python']
[2.071s] Level 1:colcon.colcon_core.package_identification:_identify(src) by extension 'cmake'
[2.071s] Level 1:colcon.colcon_core.package_identification:_identify(src) by extension 'python'
[2.072s] Level 1:colcon.colcon_core.package_identification:_identify(src) by extensions ['python_setup_py']
[2.072s] Level 1:colcon.colcon_core.package_identification:_identify(src) by extension 'python_setup_py'
[2.072s] Level 1:colcon.colcon_core.package_identification:_identify(src/rm_start) by extensions ['ignore', 'ignore_ament_install']
[2.073s] Level 1:colcon.colcon_core.package_identification:_identify(src/rm_start) by extension 'ignore'
[2.073s] Level 1:colcon.colcon_core.package_identification:_identify(src/rm_start) by extension 'ignore_ament_install'
[2.074s] Level 1:colcon.colcon_core.package_identification:_identify(src/rm_start) by extensions ['colcon_pkg']
[2.074s] Level 1:colcon.colcon_core.package_identification:_identify(src/rm_start) by extension 'colcon_pkg'
[2.074s] Level 1:colcon.colcon_core.package_identification:_identify(src/rm_start) by extensions ['colcon_meta']
[2.074s] Level 1:colcon.colcon_core.package_identification:_identify(src/rm_start) by extension 'colcon_meta'
[2.075s] Level 1:colcon.colcon_core.package_identification:_identify(src/rm_start) by extensions ['ros']
[2.075s] Level 1:colcon.colcon_core.package_identification:_identify(src/rm_start) by extension 'ros'
[2.075s] Level 1:colcon.colcon_core.package_identification:_identify(src/rm_start) by extensions ['cmake', 'python']
[2.075s] Level 1:colcon.colcon_core.package_identification:_identify(src/rm_start) by extension 'cmake'
[2.076s] Level 1:colcon.colcon_core.package_identification:_identify(src/rm_start) by extension 'python'
[2.076s] Level 1:colcon.colcon_core.package_identification:_identify(src/rm_start) by extensions ['python_setup_py']
[2.076s] Level 1:colcon.colcon_core.package_identification:_identify(src/rm_start) by extension 'python_setup_py'
[2.077s] Level 1:colcon.colcon_core.package_identification:_identify(src/ros2_hik_camera) by extensions ['ignore', 'ignore_ament_install']
[2.077s] Level 1:colcon.colcon_core.package_identification:_identify(src/ros2_hik_camera) by extension 'ignore'
[2.077s] Level 1:colcon.colcon_core.package_identification:_identify(src/ros2_hik_camera) by extension 'ignore_ament_install'
[2.078s] Level 1:colcon.colcon_core.package_identification:_identify(src/ros2_hik_camera) by extensions ['colcon_pkg']
[2.078s] Level 1:colcon.colcon_core.package_identification:_identify(src/ros2_hik_camera) by extension 'colcon_pkg'
[2.078s] Level 1:colcon.colcon_core.package_identification:_identify(src/ros2_hik_camera) by extensions ['colcon_meta']
[2.078s] Level 1:colcon.colcon_core.package_identification:_identify(src/ros2_hik_camera) by extension 'colcon_meta'
[2.079s] Level 1:colcon.colcon_core.package_identification:_identify(src/ros2_hik_camera) by extensions ['ros']
[2.079s] Level 1:colcon.colcon_core.package_identification:_identify(src/ros2_hik_camera) by extension 'ros'
[2.096s] DEBUG:colcon.colcon_core.package_identification:Package 'src/ros2_hik_camera' with type 'ros.ament_cmake' and name 'hik_camera'
[2.097s] Level 1:colcon.colcon_core.package_identification:_identify(src/yq_dart_aim) by extensions ['ignore', 'ignore_ament_install']
[2.097s] Level 1:colcon.colcon_core.package_identification:_identify(src/yq_dart_aim) by extension 'ignore'
[2.098s] Level 1:colcon.colcon_core.package_identification:_identify(src/yq_dart_aim) by extension 'ignore_ament_install'
[2.098s] Level 1:colcon.colcon_core.package_identification:_identify(src/yq_dart_aim) by extensions ['colcon_pkg']
[2.098s] Level 1:colcon.colcon_core.package_identification:_identify(src/yq_dart_aim) by extension 'colcon_pkg'
[2.099s] Level 1:colcon.colcon_core.package_identification:_identify(src/yq_dart_aim) by extensions ['colcon_meta']
[2.099s] Level 1:colcon.colcon_core.package_identification:_identify(src/yq_dart_aim) by extension 'colcon_meta'
[2.099s] Level 1:colcon.colcon_core.package_identification:_identify(src/yq_dart_aim) by extensions ['ros']
[2.099s] Level 1:colcon.colcon_core.package_identification:_identify(src/yq_dart_aim) by extension 'ros'
[2.102s] DEBUG:colcon.colcon_core.package_identification:Package 'src/yq_dart_aim' with type 'ros.ament_cmake' and name 'yq_dart_aim'
[2.103s] Level 1:colcon.colcon_core.package_discovery:discover_packages(recursive) using defaults
[2.103s] Level 1:colcon.colcon_core.package_discovery:discover_packages(ignore) discover
[2.103s] Level 1:colcon.colcon_core.package_discovery:discover_packages(ignore) using defaults
[2.103s] Level 1:colcon.colcon_core.package_discovery:discover_packages(path) discover
[2.103s] Level 1:colcon.colcon_core.package_discovery:discover_packages(path) using defaults
[2.223s] Level 1:colcon.colcon_core.package_discovery:discover_packages(prefix_path) check parameters
[2.223s] Level 1:colcon.colcon_core.package_discovery:discover_packages(prefix_path) discover
[2.237s] DEBUG:colcon.colcon_installed_package_information.package_discovery:Found 2 installed packages in /root/dart_ws/install
[2.245s] DEBUG:colcon.colcon_installed_package_information.package_discovery:Found 281 installed packages in /opt/ros/humble
[2.262s] Level 1:colcon.colcon_core.package_discovery:discover_packages(prefix_path) using defaults
[2.601s] Level 5:colcon.colcon_core.verb:set package 'hik_camera' build argument 'cmake_args' from command line to 'None'
[2.602s] Level 5:colcon.colcon_core.verb:set package 'hik_camera' build argument 'cmake_target' from command line to 'None'
[2.602s] Level 5:colcon.colcon_core.verb:set package 'hik_camera' build argument 'cmake_target_skip_unavailable' from command line to 'False'
[2.602s] Level 5:colcon.colcon_core.verb:set package 'hik_camera' build argument 'cmake_clean_cache' from command line to 'False'
[2.602s] Level 5:colcon.colcon_core.verb:set package 'hik_camera' build argument 'cmake_clean_first' from command line to 'False'
[2.602s] Level 5:colcon.colcon_core.verb:set package 'hik_camera' build argument 'cmake_force_configure' from command line to 'False'
[2.603s] Level 5:colcon.colcon_core.verb:set package 'hik_camera' build argument 'ament_cmake_args' from command line to 'None'
[2.603s] Level 5:colcon.colcon_core.verb:set package 'hik_camera' build argument 'catkin_cmake_args' from command line to 'None'
[2.603s] Level 5:colcon.colcon_core.verb:set package 'hik_camera' build argument 'catkin_skip_building_tests' from command line to 'False'
[2.603s] DEBUG:colcon.colcon_core.verb:Building package 'hik_camera' with the following arguments: {'ament_cmake_args': None, 'build_base': '/root/dart_ws/build/hik_camera', 'catkin_cmake_args': None, 'catkin_skip_building_tests': False, 'cmake_args': None, 'cmake_clean_cache': False, 'cmake_clean_first': False, 'cmake_force_configure': False, 'cmake_target': None, 'cmake_target_skip_unavailable': False, 'install_base': '/root/dart_ws/install/hik_camera', 'merge_install': False, 'path': '/root/dart_ws/src/ros2_hik_camera', 'symlink_install': True, 'test_result_base': None}
[2.606s] Level 5:colcon.colcon_core.verb:set package 'yq_dart_aim' build argument 'cmake_args' from command line to 'None'
[2.606s] Level 5:colcon.colcon_core.verb:set package 'yq_dart_aim' build argument 'cmake_target' from command line to 'None'
[2.606s] Level 5:colcon.colcon_core.verb:set package 'yq_dart_aim' build argument 'cmake_target_skip_unavailable' from command line to 'False'
[2.606s] Level 5:colcon.colcon_core.verb:set package 'yq_dart_aim' build argument 'cmake_clean_cache' from command line to 'False'
[2.606s] Level 5:colcon.colcon_core.verb:set package 'yq_dart_aim' build argument 'cmake_clean_first' from command line to 'False'
[2.607s] Level 5:colcon.colcon_core.verb:set package 'yq_dart_aim' build argument 'cmake_force_configure' from command line to 'False'
[2.607s] Level 5:colcon.colcon_core.verb:set package 'yq_dart_aim' build argument 'ament_cmake_args' from command line to 'None'
[2.607s] Level 5:colcon.colcon_core.verb:set package 'yq_dart_aim' build argument 'catkin_cmake_args' from command line to 'None'
[2.607s] Level 5:colcon.colcon_core.verb:set package 'yq_dart_aim' build argument 'catkin_skip_building_tests' from command line to 'False'
[2.607s] DEBUG:colcon.colcon_core.verb:Building package 'yq_dart_aim' with the following arguments: {'ament_cmake_args': None, 'build_base': '/root/dart_ws/build/yq_dart_aim', 'catkin_cmake_args': None, 'catkin_skip_building_tests': False, 'cmake_args': None, 'cmake_clean_cache': False, 'cmake_clean_first': False, 'cmake_force_configure': False, 'cmake_target': None, 'cmake_target_skip_unavailable': False, 'install_base': '/root/dart_ws/install/yq_dart_aim', 'merge_install': False, 'path': '/root/dart_ws/src/yq_dart_aim', 'symlink_install': True, 'test_result_base': None}
[2.608s] INFO:colcon.colcon_core.executor:Executing jobs using 'parallel' executor
[2.613s] DEBUG:colcon.colcon_parallel_executor.executor.parallel:run_until_complete
[2.614s] INFO:colcon.colcon_ros.task.ament_cmake.build:Building ROS package in '/root/dart_ws/src/ros2_hik_camera' with build type 'ament_cmake'
[2.615s] INFO:colcon.colcon_cmake.task.cmake.build:Building CMake package in '/root/dart_ws/src/ros2_hik_camera'
[2.630s] INFO:colcon.colcon_core.plugin_system:Skipping extension 'colcon_core.shell.bat': Not used on non-Windows systems
[2.632s] INFO:colcon.colcon_core.shell:Skip shell extension 'powershell' for command environment: Not usable outside of PowerShell
[2.632s] DEBUG:colcon.colcon_core.shell:Skip shell extension 'dsv' for command environment
[2.650s] INFO:colcon.colcon_ros.task.ament_cmake.build:Building ROS package in '/root/dart_ws/src/yq_dart_aim' with build type 'ament_cmake'
[2.651s] INFO:colcon.colcon_cmake.task.cmake.build:Building CMake package in '/root/dart_ws/src/yq_dart_aim'
[2.652s] INFO:colcon.colcon_core.shell:Skip shell extension 'powershell' for command environment: Not usable outside of PowerShell
[2.653s] DEBUG:colcon.colcon_core.shell:Skip shell extension 'dsv' for command environment
[2.690s] DEBUG:colcon.colcon_core.event_handler.log_command:Invoking command in '/root/dart_ws/build/hik_camera': CMAKE_PREFIX_PATH=${CMAKE_PREFIX_PATH}:/opt/ros/humble /usr/bin/cmake --build /root/dart_ws/build/hik_camera -- -j8 -l8
[2.702s] DEBUG:colcon.colcon_core.event_handler.log_command:Invoking command in '/root/dart_ws/build/yq_dart_aim': CMAKE_PREFIX_PATH=${CMAKE_PREFIX_PATH}:/opt/ros/humble /usr/bin/cmake --build /root/dart_ws/build/yq_dart_aim -- -j8 -l8
[3.185s] DEBUG:colcon.colcon_core.event_handler.log_command:Invoked command in '/root/dart_ws/build/hik_camera' returned '0': CMAKE_PREFIX_PATH=${CMAKE_PREFIX_PATH}:/opt/ros/humble /usr/bin/cmake --build /root/dart_ws/build/hik_camera -- -j8 -l8
[3.231s] DEBUG:colcon.colcon_core.event_handler.log_command:Invoking command in '/root/dart_ws/build/hik_camera': CMAKE_PREFIX_PATH=${CMAKE_PREFIX_PATH}:/opt/ros/humble /usr/bin/cmake --install /root/dart_ws/build/hik_camera
[3.238s] DEBUG:colcon.colcon_core.event_handler.log_command:Invoked command in '/root/dart_ws/build/yq_dart_aim' returned '0': CMAKE_PREFIX_PATH=${CMAKE_PREFIX_PATH}:/opt/ros/humble /usr/bin/cmake --build /root/dart_ws/build/yq_dart_aim -- -j8 -l8
[3.245s] DEBUG:colcon.colcon_core.event_handler.log_command:Invoking command in '/root/dart_ws/build/yq_dart_aim': CMAKE_PREFIX_PATH=${CMAKE_PREFIX_PATH}:/opt/ros/humble /usr/bin/cmake --install /root/dart_ws/build/yq_dart_aim
[3.346s] Level 1:colcon.colcon_core.environment:create_environment_scripts_only(yq_dart_aim)
[3.349s] DEBUG:colcon.colcon_core.event_handler.log_command:Invoked command in '/root/dart_ws/build/yq_dart_aim' returned '0': CMAKE_PREFIX_PATH=${CMAKE_PREFIX_PATH}:/opt/ros/humble /usr/bin/cmake --install /root/dart_ws/build/yq_dart_aim
[3.370s] Level 1:colcon.colcon_core.environment:checking '/root/dart_ws/install/yq_dart_aim' for CMake module files
[3.374s] Level 1:colcon.colcon_core.environment:checking '/root/dart_ws/install/yq_dart_aim' for CMake config files
[3.375s] Level 1:colcon.colcon_core.shell:create_environment_hook('yq_dart_aim', 'cmake_prefix_path')
[3.376s] INFO:colcon.colcon_core.shell:Creating environment hook '/root/dart_ws/install/yq_dart_aim/share/yq_dart_aim/hook/cmake_prefix_path.ps1'
[3.381s] INFO:colcon.colcon_core.shell:Creating environment descriptor '/root/dart_ws/install/yq_dart_aim/share/yq_dart_aim/hook/cmake_prefix_path.dsv'
[3.385s] INFO:colcon.colcon_core.shell:Creating environment hook '/root/dart_ws/install/yq_dart_aim/share/yq_dart_aim/hook/cmake_prefix_path.sh'
[3.391s] Level 1:colcon.colcon_core.environment:checking '/root/dart_ws/install/yq_dart_aim/lib'
[3.392s] Level 1:colcon.colcon_core.environment:checking '/root/dart_ws/install/yq_dart_aim/bin'
[3.392s] Level 1:colcon.colcon_core.environment:checking '/root/dart_ws/install/yq_dart_aim/lib/pkgconfig/yq_dart_aim.pc'
[3.394s] Level 1:colcon.colcon_core.environment:checking '/root/dart_ws/install/yq_dart_aim/lib/python3.10/site-packages'
[3.397s] Level 1:colcon.colcon_core.environment:checking '/root/dart_ws/install/yq_dart_aim/bin'
[3.399s] INFO:colcon.colcon_core.shell:Creating package script '/root/dart_ws/install/yq_dart_aim/share/yq_dart_aim/package.ps1'
[3.405s] INFO:colcon.colcon_core.shell:Creating package descriptor '/root/dart_ws/install/yq_dart_aim/share/yq_dart_aim/package.dsv'
[3.409s] INFO:colcon.colcon_core.shell:Creating package script '/root/dart_ws/install/yq_dart_aim/share/yq_dart_aim/package.sh'
[3.415s] INFO:colcon.colcon_core.shell:Creating package script '/root/dart_ws/install/yq_dart_aim/share/yq_dart_aim/package.bash'
[3.421s] INFO:colcon.colcon_core.shell:Creating package script '/root/dart_ws/install/yq_dart_aim/share/yq_dart_aim/package.zsh'
[3.427s] Level 1:colcon.colcon_core.environment:create_file_with_runtime_dependencies(/root/dart_ws/install/yq_dart_aim/share/colcon-core/packages/yq_dart_aim)
[3.432s] Level 1:colcon.colcon_core.environment:create_environment_scripts_only(yq_dart_aim)
[3.433s] Level 1:colcon.colcon_core.environment:checking '/root/dart_ws/install/yq_dart_aim' for CMake module files
[3.437s] Level 1:colcon.colcon_core.environment:checking '/root/dart_ws/install/yq_dart_aim' for CMake config files
[3.438s] Level 1:colcon.colcon_core.shell:create_environment_hook('yq_dart_aim', 'cmake_prefix_path')
[3.445s] INFO:colcon.colcon_core.shell:Creating environment hook '/root/dart_ws/install/yq_dart_aim/share/yq_dart_aim/hook/cmake_prefix_path.ps1'
[3.447s] INFO:colcon.colcon_core.shell:Creating environment descriptor '/root/dart_ws/install/yq_dart_aim/share/yq_dart_aim/hook/cmake_prefix_path.dsv'
[3.449s] INFO:colcon.colcon_core.shell:Creating environment hook '/root/dart_ws/install/yq_dart_aim/share/yq_dart_aim/hook/cmake_prefix_path.sh'
[3.452s] Level 1:colcon.colcon_core.environment:checking '/root/dart_ws/install/yq_dart_aim/lib'
[3.453s] Level 1:colcon.colcon_core.environment:checking '/root/dart_ws/install/yq_dart_aim/bin'
[3.453s] Level 1:colcon.colcon_core.environment:checking '/root/dart_ws/install/yq_dart_aim/lib/pkgconfig/yq_dart_aim.pc'
[3.454s] Level 1:colcon.colcon_core.environment:checking '/root/dart_ws/install/yq_dart_aim/lib/python3.10/site-packages'
[3.457s] Level 1:colcon.colcon_core.environment:checking '/root/dart_ws/install/yq_dart_aim/bin'
[3.458s] INFO:colcon.colcon_core.shell:Creating package script '/root/dart_ws/install/yq_dart_aim/share/yq_dart_aim/package.ps1'
[3.461s] INFO:colcon.colcon_core.shell:Creating package descriptor '/root/dart_ws/install/yq_dart_aim/share/yq_dart_aim/package.dsv'
[3.464s] INFO:colcon.colcon_core.shell:Creating package script '/root/dart_ws/install/yq_dart_aim/share/yq_dart_aim/package.sh'
[3.468s] INFO:colcon.colcon_core.shell:Creating package script '/root/dart_ws/install/yq_dart_aim/share/yq_dart_aim/package.bash'
[3.470s] INFO:colcon.colcon_core.shell:Creating package script '/root/dart_ws/install/yq_dart_aim/share/yq_dart_aim/package.zsh'
[3.473s] Level 1:colcon.colcon_core.environment:create_file_with_runtime_dependencies(/root/dart_ws/install/yq_dart_aim/share/colcon-core/packages/yq_dart_aim)
[3.474s] Level 1:colcon.colcon_core.environment:create_environment_scripts_only(hik_camera)
[3.476s] Level 1:colcon.colcon_core.environment:checking '/root/dart_ws/install/hik_camera' for CMake module files
[3.481s] DEBUG:colcon.colcon_core.event_handler.log_command:Invoked command in '/root/dart_ws/build/hik_camera' returned '0': CMAKE_PREFIX_PATH=${CMAKE_PREFIX_PATH}:/opt/ros/humble /usr/bin/cmake --install /root/dart_ws/build/hik_camera
[3.482s] Level 1:colcon.colcon_core.environment:checking '/root/dart_ws/install/hik_camera' for CMake config files
[3.484s] Level 1:colcon.colcon_core.shell:create_environment_hook('hik_camera', 'cmake_prefix_path')
[3.485s] INFO:colcon.colcon_core.shell:Creating environment hook '/root/dart_ws/install/hik_camera/share/hik_camera/hook/cmake_prefix_path.ps1'
[3.488s] INFO:colcon.colcon_core.shell:Creating environment descriptor '/root/dart_ws/install/hik_camera/share/hik_camera/hook/cmake_prefix_path.dsv'
[3.490s] INFO:colcon.colcon_core.shell:Creating environment hook '/root/dart_ws/install/hik_camera/share/hik_camera/hook/cmake_prefix_path.sh'
[3.493s] Level 1:colcon.colcon_core.environment:checking '/root/dart_ws/install/hik_camera/lib'
[3.494s] Level 1:colcon.colcon_core.shell:create_environment_hook('hik_camera', 'ld_library_path_lib')
[3.496s] INFO:colcon.colcon_core.shell:Creating environment hook '/root/dart_ws/install/hik_camera/share/hik_camera/hook/ld_library_path_lib.ps1'
[3.499s] INFO:colcon.colcon_core.shell:Creating environment descriptor '/root/dart_ws/install/hik_camera/share/hik_camera/hook/ld_library_path_lib.dsv'
[3.501s] INFO:colcon.colcon_core.shell:Creating environment hook '/root/dart_ws/install/hik_camera/share/hik_camera/hook/ld_library_path_lib.sh'
[3.503s] Level 1:colcon.colcon_core.environment:checking '/root/dart_ws/install/hik_camera/bin'
[3.504s] Level 1:colcon.colcon_core.environment:checking '/root/dart_ws/install/hik_camera/lib/pkgconfig/hik_camera.pc'
[3.505s] Level 1:colcon.colcon_core.environment:checking '/root/dart_ws/install/hik_camera/lib/python3.10/site-packages'
[3.507s] Level 1:colcon.colcon_core.environment:checking '/root/dart_ws/install/hik_camera/bin'
[3.510s] INFO:colcon.colcon_core.shell:Creating package script '/root/dart_ws/install/hik_camera/share/hik_camera/package.ps1'
[3.513s] INFO:colcon.colcon_core.shell:Creating package descriptor '/root/dart_ws/install/hik_camera/share/hik_camera/package.dsv'
[3.516s] INFO:colcon.colcon_core.shell:Creating package script '/root/dart_ws/install/hik_camera/share/hik_camera/package.sh'
[3.519s] INFO:colcon.colcon_core.shell:Creating package script '/root/dart_ws/install/hik_camera/share/hik_camera/package.bash'
[3.521s] INFO:colcon.colcon_core.shell:Creating package script '/root/dart_ws/install/hik_camera/share/hik_camera/package.zsh'
[3.523s] Level 1:colcon.colcon_core.environment:create_file_with_runtime_dependencies(/root/dart_ws/install/hik_camera/share/colcon-core/packages/hik_camera)
[3.526s] Level 1:colcon.colcon_core.environment:create_environment_scripts_only(hik_camera)
[3.527s] Level 1:colcon.colcon_core.environment:checking '/root/dart_ws/install/hik_camera' for CMake module files
[3.530s] Level 1:colcon.colcon_core.environment:checking '/root/dart_ws/install/hik_camera' for CMake config files
[3.532s] Level 1:colcon.colcon_core.shell:create_environment_hook('hik_camera', 'cmake_prefix_path')
[3.533s] INFO:colcon.colcon_core.shell:Creating environment hook '/root/dart_ws/install/hik_camera/share/hik_camera/hook/cmake_prefix_path.ps1'
[3.535s] INFO:colcon.colcon_core.shell:Creating environment descriptor '/root/dart_ws/install/hik_camera/share/hik_camera/hook/cmake_prefix_path.dsv'
[3.537s] INFO:colcon.colcon_core.shell:Creating environment hook '/root/dart_ws/install/hik_camera/share/hik_camera/hook/cmake_prefix_path.sh'
[3.540s] Level 1:colcon.colcon_core.environment:checking '/root/dart_ws/install/hik_camera/lib'
[3.541s] Level 1:colcon.colcon_core.shell:create_environment_hook('hik_camera', 'ld_library_path_lib')
[3.542s] INFO:colcon.colcon_core.shell:Creating environment hook '/root/dart_ws/install/hik_camera/share/hik_camera/hook/ld_library_path_lib.ps1'
[3.544s] INFO:colcon.colcon_core.shell:Creating environment descriptor '/root/dart_ws/install/hik_camera/share/hik_camera/hook/ld_library_path_lib.dsv'
[3.546s] INFO:colcon.colcon_core.shell:Creating environment hook '/root/dart_ws/install/hik_camera/share/hik_camera/hook/ld_library_path_lib.sh'
[3.549s] Level 1:colcon.colcon_core.environment:checking '/root/dart_ws/install/hik_camera/bin'
[3.549s] Level 1:colcon.colcon_core.environment:checking '/root/dart_ws/install/hik_camera/lib/pkgconfig/hik_camera.pc'
[3.550s] Level 1:colcon.colcon_core.environment:checking '/root/dart_ws/install/hik_camera/lib/python3.10/site-packages'
[3.553s] Level 1:colcon.colcon_core.environment:checking '/root/dart_ws/install/hik_camera/bin'
[3.555s] INFO:colcon.colcon_core.shell:Creating package script '/root/dart_ws/install/hik_camera/share/hik_camera/package.ps1'
[3.558s] INFO:colcon.colcon_core.shell:Creating package descriptor '/root/dart_ws/install/hik_camera/share/hik_camera/package.dsv'
[3.561s] INFO:colcon.colcon_core.shell:Creating package script '/root/dart_ws/install/hik_camera/share/hik_camera/package.sh'
[3.564s] INFO:colcon.colcon_core.shell:Creating package script '/root/dart_ws/install/hik_camera/share/hik_camera/package.bash'
[3.566s] INFO:colcon.colcon_core.shell:Creating package script '/root/dart_ws/install/hik_camera/share/hik_camera/package.zsh'
[3.569s] Level 1:colcon.colcon_core.environment:create_file_with_runtime_dependencies(/root/dart_ws/install/hik_camera/share/colcon-core/packages/hik_camera)
[3.570s] DEBUG:colcon.colcon_parallel_executor.executor.parallel:closing loop
[3.571s] DEBUG:colcon.colcon_parallel_executor.executor.parallel:loop closed
[3.572s] DEBUG:colcon.colcon_parallel_executor.executor.parallel:run_until_complete finished with '0'
[3.572s] DEBUG:colcon.colcon_core.event_reactor:joining thread
[3.609s] INFO:colcon.colcon_core.plugin_system:Skipping extension 'colcon_notification.desktop_notification.notify_send': Could not find 'notify-send'
[3.610s] INFO:colcon.colcon_core.plugin_system:Skipping extension 'colcon_notification.desktop_notification.terminal_notifier': Not used on non-Darwin systems
[3.610s] INFO:colcon.colcon_core.plugin_system:Skipping extension 'colcon_notification.desktop_notification.win32': Not used on non-Windows systems
[3.610s] INFO:colcon.colcon_notification.desktop_notification:Sending desktop notification using 'notify2'
[28.701s] DEBUG:colcon.colcon_notification.desktop_notification.notify2:Failed to initialize notify2: org.freedesktop.DBus.Error.NoReply: Did not receive a reply. Possible causes include: the remote application did not send a reply, the message bus security policy blocked the reply, the reply timeout expired, or the network connection was broken.
[28.702s] DEBUG:colcon.colcon_core.event_reactor:joined thread
[28.705s] INFO:colcon.colcon_core.shell:Creating prefix script '/root/dart_ws/install/local_setup.ps1'
[28.715s] INFO:colcon.colcon_core.shell:Creating prefix util module '/root/dart_ws/install/_local_setup_util_ps1.py'
[28.724s] INFO:colcon.colcon_core.shell:Creating prefix chain script '/root/dart_ws/install/setup.ps1'
[28.732s] INFO:colcon.colcon_core.shell:Creating prefix script '/root/dart_ws/install/local_setup.sh'
[28.736s] INFO:colcon.colcon_core.shell:Creating prefix util module '/root/dart_ws/install/_local_setup_util_sh.py'
[28.740s] INFO:colcon.colcon_core.shell:Creating prefix chain script '/root/dart_ws/install/setup.sh'
[28.748s] INFO:colcon.colcon_core.shell:Creating prefix script '/root/dart_ws/install/local_setup.bash'
[28.752s] INFO:colcon.colcon_core.shell:Creating prefix chain script '/root/dart_ws/install/setup.bash'
[28.759s] INFO:colcon.colcon_core.shell:Creating prefix script '/root/dart_ws/install/local_setup.zsh'
[28.763s] INFO:colcon.colcon_core.shell:Creating prefix chain script '/root/dart_ws/install/setup.zsh'
