[0.046s] Invoking command in '/root/dart_ws/build/yq_dart_aim': CMAKE_PREFIX_PATH=${CMAKE_PREFIX_PATH}:/opt/ros/humble /usr/bin/cmake --build /root/dart_ws/build/yq_dart_aim -- -j8 -l8
[0.276s] Consolidate compiler generated dependencies of target dart_aim_node
[0.348s] [ 50%] Building CXX object CMakeFiles/dart_aim_node.dir/src/dart_aim_node.cpp.o
[67.822s] [100%] Linking CXX executable dart_aim_node
[73.863s] [100%] Built target dart_aim_node
[73.929s] Invoked command in '/root/dart_ws/build/yq_dart_aim' returned '0': CMAKE_PREFIX_PATH=${CMAKE_PREFIX_PATH}:/opt/ros/humble /usr/bin/cmake --build /root/dart_ws/build/yq_dart_aim -- -j8 -l8
[73.977s] Invoking command in '/root/dart_ws/build/yq_dart_aim': CMAKE_PREFIX_PATH=${CMAKE_PREFIX_PATH}:/opt/ros/humble /usr/bin/cmake --install /root/dart_ws/build/yq_dart_aim
[74.012s] -- Install configuration: ""
[74.013s] -- Execute custom install script
[74.015s] -- Up-to-date symlink: /root/dart_ws/install/yq_dart_aim/lib/yq_dart_aim/dart_aim_node
[74.017s] -- Up-to-date symlink: /root/dart_ws/install/yq_dart_aim/share/yq_dart_aim/launch/MvSdkLog/CamCtrl_00.log
[74.017s] -- Up-to-date symlink: /root/dart_ws/install/yq_dart_aim/share/yq_dart_aim/launch/MvSdkLog/USB3_00.log
[74.018s] -- Up-to-date symlink: /root/dart_ws/install/yq_dart_aim/share/yq_dart_aim/launch/MvSdkLog/USB3_01.log
[74.019s] -- Up-to-date symlink: /root/dart_ws/install/yq_dart_aim/share/yq_dart_aim/launch/start.launch.py
[74.021s] -- Up-to-date symlink: /root/dart_ws/install/yq_dart_aim/share/yq_dart_aim/config/params.yaml
[74.021s] -- Up-to-date symlink: /root/dart_ws/install/yq_dart_aim/share/ament_index/resource_index/package_run_dependencies/yq_dart_aim
[74.022s] -- Up-to-date symlink: /root/dart_ws/install/yq_dart_aim/share/ament_index/resource_index/parent_prefix_path/yq_dart_aim
[74.023s] -- Up-to-date symlink: /root/dart_ws/install/yq_dart_aim/share/yq_dart_aim/environment/ament_prefix_path.sh
[74.024s] -- Up-to-date symlink: /root/dart_ws/install/yq_dart_aim/share/yq_dart_aim/environment/ament_prefix_path.dsv
[74.024s] -- Up-to-date symlink: /root/dart_ws/install/yq_dart_aim/share/yq_dart_aim/environment/path.sh
[74.025s] -- Up-to-date symlink: /root/dart_ws/install/yq_dart_aim/share/yq_dart_aim/environment/path.dsv
[74.026s] -- Up-to-date symlink: /root/dart_ws/install/yq_dart_aim/share/yq_dart_aim/local_setup.bash
[74.027s] -- Up-to-date symlink: /root/dart_ws/install/yq_dart_aim/share/yq_dart_aim/local_setup.sh
[74.027s] -- Up-to-date symlink: /root/dart_ws/install/yq_dart_aim/share/yq_dart_aim/local_setup.zsh
[74.027s] -- Up-to-date symlink: /root/dart_ws/install/yq_dart_aim/share/yq_dart_aim/local_setup.dsv
[74.028s] -- Symlinking: /root/dart_ws/install/yq_dart_aim/share/yq_dart_aim/package.dsv
[74.066s] -- Up-to-date symlink: /root/dart_ws/install/yq_dart_aim/share/ament_index/resource_index/packages/yq_dart_aim
[74.067s] -- Up-to-date symlink: /root/dart_ws/install/yq_dart_aim/share/yq_dart_aim/cmake/yq_dart_aimConfig.cmake
[74.068s] -- Up-to-date symlink: /root/dart_ws/install/yq_dart_aim/share/yq_dart_aim/cmake/yq_dart_aimConfig-version.cmake
[74.068s] -- Up-to-date symlink: /root/dart_ws/install/yq_dart_aim/share/yq_dart_aim/package.xml
[74.076s] Invoked command in '/root/dart_ws/build/yq_dart_aim' returned '0': CMAKE_PREFIX_PATH=${CMAKE_PREFIX_PATH}:/opt/ros/humble /usr/bin/cmake --install /root/dart_ws/build/yq_dart_aim
