[ 16%] Building CXX object CMakeFiles/dart_aim_node.dir/src/serial_manager.cpp.o
[ 33%] Linking CXX executable dart_aim_node
[100%] Built target dart_aim_node
-- Install configuration: ""
-- Installing: /home/rich/mygithub/our_dart/dart_ws_on/install/yq_dart_aim/lib/yq_dart_aim/dart_aim_node
-- Set non-toolchain portion of runtime path of "/home/rich/mygithub/our_dart/dart_ws_on/install/yq_dart_aim/lib/yq_dart_aim/dart_aim_node" to ""
-- Up-to-date: /home/rich/mygithub/our_dart/dart_ws_on/install/yq_dart_aim/share/yq_dart_aim/launch
-- Up-to-date: /home/rich/mygithub/our_dart/dart_ws_on/install/yq_dart_aim/share/yq_dart_aim/launch/MvSdkLog
-- Up-to-date: /home/rich/mygithub/our_dart/dart_ws_on/install/yq_dart_aim/share/yq_dart_aim/launch/MvSdkLog/CamCtrl_00.log
-- Up-to-date: /home/rich/mygithub/our_dart/dart_ws_on/install/yq_dart_aim/share/yq_dart_aim/launch/MvSdkLog/USB3_00.log
-- Up-to-date: /home/rich/mygithub/our_dart/dart_ws_on/install/yq_dart_aim/share/yq_dart_aim/launch/MvSdkLog/USB3_01.log
-- Up-to-date: /home/rich/mygithub/our_dart/dart_ws_on/install/yq_dart_aim/share/yq_dart_aim/launch/start.launch.py
-- Up-to-date: /home/rich/mygithub/our_dart/dart_ws_on/install/yq_dart_aim/share/yq_dart_aim/config
-- Up-to-date: /home/rich/mygithub/our_dart/dart_ws_on/install/yq_dart_aim/share/yq_dart_aim/config/params.yaml
-- Up-to-date: /home/rich/mygithub/our_dart/dart_ws_on/install/yq_dart_aim/share/ament_index/resource_index/package_run_dependencies/yq_dart_aim
-- Up-to-date: /home/rich/mygithub/our_dart/dart_ws_on/install/yq_dart_aim/share/ament_index/resource_index/parent_prefix_path/yq_dart_aim
-- Up-to-date: /home/rich/mygithub/our_dart/dart_ws_on/install/yq_dart_aim/share/yq_dart_aim/environment/ament_prefix_path.sh
-- Up-to-date: /home/rich/mygithub/our_dart/dart_ws_on/install/yq_dart_aim/share/yq_dart_aim/environment/ament_prefix_path.dsv
-- Up-to-date: /home/rich/mygithub/our_dart/dart_ws_on/install/yq_dart_aim/share/yq_dart_aim/environment/path.sh
-- Up-to-date: /home/rich/mygithub/our_dart/dart_ws_on/install/yq_dart_aim/share/yq_dart_aim/environment/path.dsv
-- Up-to-date: /home/rich/mygithub/our_dart/dart_ws_on/install/yq_dart_aim/share/yq_dart_aim/local_setup.bash
-- Up-to-date: /home/rich/mygithub/our_dart/dart_ws_on/install/yq_dart_aim/share/yq_dart_aim/local_setup.sh
-- Up-to-date: /home/rich/mygithub/our_dart/dart_ws_on/install/yq_dart_aim/share/yq_dart_aim/local_setup.zsh
-- Up-to-date: /home/rich/mygithub/our_dart/dart_ws_on/install/yq_dart_aim/share/yq_dart_aim/local_setup.dsv
-- Installing: /home/rich/mygithub/our_dart/dart_ws_on/install/yq_dart_aim/share/yq_dart_aim/package.dsv
-- Up-to-date: /home/rich/mygithub/our_dart/dart_ws_on/install/yq_dart_aim/share/ament_index/resource_index/packages/yq_dart_aim
-- Up-to-date: /home/rich/mygithub/our_dart/dart_ws_on/install/yq_dart_aim/share/yq_dart_aim/cmake/yq_dart_aimConfig.cmake
-- Up-to-date: /home/rich/mygithub/our_dart/dart_ws_on/install/yq_dart_aim/share/yq_dart_aim/cmake/yq_dart_aimConfig-version.cmake
-- Up-to-date: /home/rich/mygithub/our_dart/dart_ws_on/install/yq_dart_aim/share/yq_dart_aim/package.xml
