[0.049s] Invoking command in '/root/dart_ws/build/yq_dart_aim': CMAKE_PREFIX_PATH=${CMAKE_PREFIX_PATH}:/opt/ros/humble /usr/bin/cmake --build /root/dart_ws/build/yq_dart_aim -- -j8 -l8
[0.320s] [ 50%] [32mBuilding CXX object CMakeFiles/dart_aim_node.dir/src/dart_aim_node.cpp.o[0m
[22.061s] [01m[K/root/dart_ws/src/yq_dart_aim/src/dart_aim_node.cpp:[m[K In member function ‘[01m[Kvoid DartAimNode::imageCallback(sensor_msgs::msg::Image_<std::allocator<void> >::SharedPtr)[m[K’:
[22.061s] [01m[K/root/dart_ws/src/yq_dart_aim/src/dart_aim_node.cpp:355:12:[m[K [01;35m[Kwarning: [m[Kunused variable ‘[01m[Kimg_area[m[K’ [[01;35m[K]8;;https://gcc.gnu.org/onlinedocs/gcc/Warning-Options.html#index-Wunused-variable-Wunused-variable]8;;[m[K]
[22.062s]   355 |     double [01;35m[Kimg_area[m[K = width * height;
[22.062s]       |            [01;35m[K^~~~~~~~[m[K
[66.209s] [100%] [32m[1mLinking CXX executable dart_aim_node[0m
[72.132s] [100%] Built target dart_aim_node
[72.182s] Invoked command in '/root/dart_ws/build/yq_dart_aim' returned '0': CMAKE_PREFIX_PATH=${CMAKE_PREFIX_PATH}:/opt/ros/humble /usr/bin/cmake --build /root/dart_ws/build/yq_dart_aim -- -j8 -l8
[72.228s] Invoking command in '/root/dart_ws/build/yq_dart_aim': CMAKE_PREFIX_PATH=${CMAKE_PREFIX_PATH}:/opt/ros/humble /usr/bin/cmake --install /root/dart_ws/build/yq_dart_aim
[72.262s] -- Install configuration: ""
[72.264s] -- Execute custom install script
[72.266s] -- Up-to-date symlink: /root/dart_ws/install/yq_dart_aim/lib/yq_dart_aim/dart_aim_node
[72.267s] -- Up-to-date symlink: /root/dart_ws/install/yq_dart_aim/share/yq_dart_aim/launch/MvSdkLog/CamCtrl_00.log
[72.268s] -- Up-to-date symlink: /root/dart_ws/install/yq_dart_aim/share/yq_dart_aim/launch/MvSdkLog/USB3_00.log
[72.269s] -- Up-to-date symlink: /root/dart_ws/install/yq_dart_aim/share/yq_dart_aim/launch/MvSdkLog/USB3_01.log
[72.270s] -- Up-to-date symlink: /root/dart_ws/install/yq_dart_aim/share/yq_dart_aim/launch/start.launch.py
[72.270s] -- Up-to-date symlink: /root/dart_ws/install/yq_dart_aim/share/yq_dart_aim/config/params.yaml
[72.271s] -- Up-to-date symlink: /root/dart_ws/install/yq_dart_aim/share/ament_index/resource_index/package_run_dependencies/yq_dart_aim
[72.272s] -- Up-to-date symlink: /root/dart_ws/install/yq_dart_aim/share/ament_index/resource_index/parent_prefix_path/yq_dart_aim
[72.273s] -- Up-to-date symlink: /root/dart_ws/install/yq_dart_aim/share/yq_dart_aim/environment/ament_prefix_path.sh
[72.274s] -- Up-to-date symlink: /root/dart_ws/install/yq_dart_aim/share/yq_dart_aim/environment/ament_prefix_path.dsv
[72.274s] -- Up-to-date symlink: /root/dart_ws/install/yq_dart_aim/share/yq_dart_aim/environment/path.sh
[72.275s] -- Up-to-date symlink: /root/dart_ws/install/yq_dart_aim/share/yq_dart_aim/environment/path.dsv
[72.276s] -- Up-to-date symlink: /root/dart_ws/install/yq_dart_aim/share/yq_dart_aim/local_setup.bash
[72.277s] -- Up-to-date symlink: /root/dart_ws/install/yq_dart_aim/share/yq_dart_aim/local_setup.sh
[72.277s] -- Up-to-date symlink: /root/dart_ws/install/yq_dart_aim/share/yq_dart_aim/local_setup.zsh
[72.278s] -- Up-to-date symlink: /root/dart_ws/install/yq_dart_aim/share/yq_dart_aim/local_setup.dsv
[72.280s] -- Symlinking: /root/dart_ws/install/yq_dart_aim/share/yq_dart_aim/package.dsv
[72.320s] -- Up-to-date symlink: /root/dart_ws/install/yq_dart_aim/share/ament_index/resource_index/packages/yq_dart_aim
[72.321s] -- Up-to-date symlink: /root/dart_ws/install/yq_dart_aim/share/yq_dart_aim/cmake/yq_dart_aimConfig.cmake
[72.322s] -- Up-to-date symlink: /root/dart_ws/install/yq_dart_aim/share/yq_dart_aim/cmake/yq_dart_aimConfig-version.cmake
[72.322s] -- Up-to-date symlink: /root/dart_ws/install/yq_dart_aim/share/yq_dart_aim/package.xml
[72.331s] Invoked command in '/root/dart_ws/build/yq_dart_aim' returned '0': CMAKE_PREFIX_PATH=${CMAKE_PREFIX_PATH}:/opt/ros/humble /usr/bin/cmake --install /root/dart_ws/build/yq_dart_aim
