Info    2000-01-01 08:07:09  DevID:MV-CU013-A0UC(DA6038615)  Source-Line:libMvCameraControl.so(CInterfaceManager.cpp-L0809)     Description:Current dynamic library path[/root/dart_ws/install/hik_camera/lib/libMvCameraControl.so]     Solution:
Info    2000-01-01 08:07:09  DevID:MV-CU013-A0UC(DA6038615)  Source-Line:libMvCameraControl.so(CInterfaceManager.cpp-L0812)     Description:CamCtl_Version: 3.2.0.3     Solution:
Info    2000-01-01 08:07:09  DevID:MV-CU013-A0UC(DA6038615)  Source-Line:libMvCameraControl.so(CInterfaceManager.cpp-L0813)     Description:CamCtl_Description: BaseLine Build 20210715     Solution:
Info    2000-01-01 08:07:09  DevID:MV-CU013-A0UC(DA6038615)  Source-Line:libMvCameraControl.so(CInterfaceManager.cpp-L0815)     Description:[MV_CC_CreateHandle] return[0x0]     Solution:
Info    2000-01-01 08:07:09  DevID:MV-CU013-A0UC(DA6038615)  Source-Line:libMvCameraControl.so(CInterfaceManager.cpp-L6655)     Description:CamCtrl[0x3020003], U3V SDKVersion[0x3020003], DriverVersion[0x0]     Solution:
Error   2000-01-01 08:07:09  DevID:MV-CU013-A0UC(DA6038615)  Source-Line:libMvCameraControl.so(CInterfaceManager.cpp-L4218)     Description:[MV_CC_InvalidateNodes] return[0x80000003]     Solution:
Info    2000-01-01 08:07:09  DevID:MV-CU013-A0UC(DA6038615)  Source-Line:libMvCameraControl.so(CInterfaceManager.cpp-L1086)     Description:[MV_CC_OpenDevice] nPrivilegeMode[1], nSwitchoverKey[0], return[0x80000203]     Solution:
Error   2000-01-01 08:07:09  DevID:MV-CU013-A0UC(DA6038615)  Source-Line:libMvCameraControl.so(CInterfaceManager.cpp-L3661)     Description:[MV_CC_GetImageInfo] return[0x80000003]     Solution:
Error   2000-01-01 08:07:09  DevID:MV-CU013-A0UC(DA6038615)  Source-Line:libMvCameraControl.so(CInterfaceManager.cpp-L4017)     Description:[MV_CC_GetFloatValue] Property[ExposureTime], return[0x80000003]     Solution:
Info    2000-01-01 08:07:26  DevID:MV-CU013-A0UC(DA6038615)  Source-Line:libMvCameraControl.so(CInterfaceManager.cpp-L0809)     Description:Current dynamic library path[/root/dart_ws/install/hik_camera/lib/libMvCameraControl.so]     Solution:
Info    2000-01-01 08:07:26  DevID:MV-CU013-A0UC(DA6038615)  Source-Line:libMvCameraControl.so(CInterfaceManager.cpp-L0812)     Description:CamCtl_Version: 3.2.0.3     Solution:
Info    2000-01-01 08:07:26  DevID:MV-CU013-A0UC(DA6038615)  Source-Line:libMvCameraControl.so(CInterfaceManager.cpp-L0813)     Description:CamCtl_Description: BaseLine Build 20210715     Solution:
Info    2000-01-01 08:07:26  DevID:MV-CU013-A0UC(DA6038615)  Source-Line:libMvCameraControl.so(CInterfaceManager.cpp-L0815)     Description:[MV_CC_CreateHandle] return[0x0]     Solution:
Info    2000-01-01 08:07:26  DevID:MV-CU013-A0UC(DA6038615)  Source-Line:libMvCameraControl.so(CInterfaceManager.cpp-L6655)     Description:CamCtrl[0x3020003], U3V SDKVersion[0x3020003], DriverVersion[0x0]     Solution:
Info    2000-01-01 08:07:27  DevID:MV-CU013-A0UC(DA6038615)  Source-Line:libMvCameraControl.so(CInterfaceManager.cpp-L4229)     Description:[MV_CC_InvalidateNodes] return[0x0]     Solution:
Info    2000-01-01 08:07:27  DevID:MV-CU013-A0UC(DA6038615)  Source-Line:libMvCameraControl.so(CInterfaceManager.cpp-L1086)     Description:[MV_CC_OpenDevice] nPrivilegeMode[1], nSwitchoverKey[0], return[0x0]     Solution:
Info    2000-01-01 08:07:27  DevID:MV-CU013-A0UC(DA6038615)  Source-Line:libMvCameraControl.so(CInterfaceManager.cpp-L3677)     Description:[MV_CC_GetImageInfo] return[0x0]     Solution:
Info    2000-01-01 08:07:27  DevID:MV-CU013-A0UC(DA6038615)  Source-Line:libMvCameraControl.so(CInterfaceManager.cpp-L1703)     Description:U3V, DeviceModelName[MV-CU013-A0UC], DeviceFirmwareVersion[V4.0.3 2501151470911 230925F1], DeviceMaxThroughput[375000]     Solution:
Info    2000-01-01 08:07:27  DevID:MV-CU013-A0UC(DA6038615)  Source-Line:libMvCameraControl.so(CInterfaceManager.cpp-L1708)     Description:U3V, Width[1280], Height[720], OffsetX[0], OffsetY[152], PixelFormat[0x108000a], AcquisitionMode[2]     Solution:
Info    2000-01-01 08:07:27  DevID:MV-CU013-A0UC(DA6038615)  Source-Line:libMvCameraControl.so(CInterfaceManager.cpp-L1713)     Description:U3V, TriggerMode[0], ResultingFrameRate[168.39], ExposureTime[1000.00], ExposureAuto[0], PayloadSize[921600]     Solution:
Info    2000-01-01 08:07:27  DevID:MV-CU013-A0UC(DA6038615)  Source-Line:libMvCameraControl.so(CInterfaceManager.cpp-L6260)     Description:CamCtrl RecvThread Start, ThreadId[1132390624]     Solution:
Info    2000-01-01 08:07:27  DevID:MV-CU013-A0UC(DA6038615)  Source-Line:libMvCameraControl.so(CInterfaceManager.cpp-L1792)     Description:There is no registration callback     Solution:
Info    2000-01-01 08:07:27  DevID:MV-CU013-A0UC(DA6038615)  Source-Line:libMvCameraControl.so(CInterfaceManager.cpp-L6028)     Description:CamCtrl Display Thread Start, ThreadId[1123936480]     Solution:
Info    2000-01-01 08:07:27  DevID:MV-CU013-A0UC(DA6038615)  Source-Line:libMvCameraControl.so(CInterfaceManager.cpp-L1797)     Description:[MV_CC_StartGrabbing] return[0x0]     Solution:
