Consolidate compiler generated dependencies of target dart_aim_node
[ 50%] Building CXX object CMakeFiles/dart_aim_node.dir/src/dart_aim_node.cpp.o
/root/dart_ws/src/yq_dart_aim/src/dart_aim_node.cpp:265:36: error: ‘UInt8MultiArray’ is not a member of ‘std_msgs::msg’; did you mean ‘Float32MultiArray’?
  265 |   rclcpp::Publisher<std_msgs::msg::UInt8MultiArray>::SharedPtr serial_debug_pub_;
      |                                    ^~~~~~~~~~~~~~~
      |                                    Float32MultiArray
/root/dart_ws/src/yq_dart_aim/src/dart_aim_node.cpp:265:51: error: template argument 1 is invalid
  265 |   rclcpp::Publisher<std_msgs::msg::UInt8MultiArray>::SharedPtr serial_debug_pub_;
      |                                                   ^
/root/dart_ws/src/yq_dart_aim/src/dart_aim_node.cpp:265:54: error: expected ‘;’ at end of member declaration
  265 |   rclcpp::Publisher<std_msgs::msg::UInt8MultiArray>::SharedPtr serial_debug_pub_;
      |                                                      ^~~~~~~~~
      |                                                               ;
/root/dart_ws/src/yq_dart_aim/src/dart_aim_node.cpp:265:64: error: ‘serial_debug_pub_’ does not name a type
  265 |   rclcpp::Publisher<std_msgs::msg::UInt8MultiArray>::SharedPtr serial_debug_pub_;
      |                                                                ^~~~~~~~~~~~~~~~~
/root/dart_ws/src/yq_dart_aim/src/dart_aim_node.cpp: In constructor ‘DartAimNode::DartAimNode(const rclcpp::NodeOptions&)’:
/root/dart_ws/src/yq_dart_aim/src/dart_aim_node.cpp:161:5: error: ‘serial_debug_pub_’ was not declared in this scope; did you mean ‘serial_pub_’?
  161 |     serial_debug_pub_ = this->create_publisher<std_msgs::msg::UInt8MultiArray>("/serial_debug", 10);
      |     ^~~~~~~~~~~~~~~~~
      |     serial_pub_
/root/dart_ws/src/yq_dart_aim/src/dart_aim_node.cpp:161:63: error: ‘UInt8MultiArray’ is not a member of ‘std_msgs::msg’; did you mean ‘Float32MultiArray’?
  161 |     serial_debug_pub_ = this->create_publisher<std_msgs::msg::UInt8MultiArray>("/serial_debug", 10);
      |                                                               ^~~~~~~~~~~~~~~
      |                                                               Float32MultiArray
/root/dart_ws/src/yq_dart_aim/src/dart_aim_node.cpp:161:79: error: no matching function for call to ‘DartAimNode::create_publisher<<expression error> >(const char [14], int)’
  161 |     serial_debug_pub_ = this->create_publisher<std_msgs::msg::UInt8MultiArray>("/serial_debug", 10);
      |                         ~~~~~~~~~~~~~~~~~~~~~~~~~~~~~~~~~~~~~~~~~~~~~~~~~~~~~~^~~~~~~~~~~~~~~~~~~~~
In file included from /opt/ros/humble/include/rclcpp/rclcpp/node.hpp:1321,
                 from /opt/ros/humble/include/rclcpp/rclcpp/executors/single_threaded_executor.hpp:28,
                 from /opt/ros/humble/include/rclcpp/rclcpp/executors.hpp:22,
                 from /opt/ros/humble/include/rclcpp/rclcpp/rclcpp.hpp:155,
                 from /root/dart_ws/src/yq_dart_aim/src/dart_aim_node.cpp:1:
/opt/ros/humble/include/rclcpp/rclcpp/node_impl.hpp:73:1: note: candidate: ‘template<class MessageT, class AllocatorT, class PublisherT> std::shared_ptr<PublisherT> rclcpp::Node::create_publisher(const string&, const rclcpp::QoS&, const rclcpp::PublisherOptionsWithAllocator<AllocatorT>&)’
   73 | Node::create_publisher(
      | ^~~~
/opt/ros/humble/include/rclcpp/rclcpp/node_impl.hpp:73:1: note:   template argument deduction/substitution failed:
/root/dart_ws/src/yq_dart_aim/src/dart_aim_node.cpp:161:79: error: template argument 1 is invalid
  161 |     serial_debug_pub_ = this->create_publisher<std_msgs::msg::UInt8MultiArray>("/serial_debug", 10);
      |                         ~~~~~~~~~~~~~~~~~~~~~~~~~~~~~~~~~~~~~~~~~~~~~~~~~~~~~~^~~~~~~~~~~~~~~~~~~~~
/root/dart_ws/src/yq_dart_aim/src/dart_aim_node.cpp: In lambda function:
/root/dart_ws/src/yq_dart_aim/src/dart_aim_node.cpp:222:28: error: ‘UInt8MultiArray’ is not a member of ‘std_msgs::msg’; did you mean ‘Float32MultiArray’?
  222 |             std_msgs::msg::UInt8MultiArray debug_msg;
      |                            ^~~~~~~~~~~~~~~
      |                            Float32MultiArray
/root/dart_ws/src/yq_dart_aim/src/dart_aim_node.cpp:223:13: error: ‘debug_msg’ was not declared in this scope
  223 |             debug_msg.data.assign(buf, buf + n);
      |             ^~~~~~~~~
/root/dart_ws/src/yq_dart_aim/src/dart_aim_node.cpp:224:13: error: ‘serial_debug_pub_’ is not captured
  224 |             serial_debug_pub_->publish(debug_msg);
      |             ^~~~~~~~~~~~~~~~~
/root/dart_ws/src/yq_dart_aim/src/dart_aim_node.cpp:215:44: note: the lambda has no capture-default
  215 |     serial_read_thread_ = std::thread([this]() {
      |                                            ^
/root/dart_ws/src/yq_dart_aim/src/dart_aim_node.cpp:161:5: note: ‘<typeprefixerror>serial_debug_pub_’ declared here
  161 |     serial_debug_pub_ = this->create_publisher<std_msgs::msg::UInt8MultiArray>("/serial_debug", 10);
      |     ^~~~~~~~~~~~~~~~~
gmake[2]: *** [CMakeFiles/dart_aim_node.dir/build.make:76: CMakeFiles/dart_aim_node.dir/src/dart_aim_node.cpp.o] Error 1
gmake[1]: *** [CMakeFiles/Makefile2:137: CMakeFiles/dart_aim_node.dir/all] Error 2
gmake: *** [Makefile:146: all] Error 2
