[0.048s] Invoking command in '/root/dart_ws/build/yq_dart_aim': CMAKE_PREFIX_PATH=${CMAKE_PREFIX_PATH}:/opt/ros/humble /usr/bin/cmake --build /root/dart_ws/build/yq_dart_aim -- -j8 -l8
[0.290s] Consolidate compiler generated dependencies of target dart_aim_node
[0.361s] [ 50%] Building CXX object CMakeFiles/dart_aim_node.dir/src/dart_aim_node.cpp.o
[21.407s] /root/dart_ws/src/yq_dart_aim/src/dart_aim_node.cpp:265:36: error: ‘UInt8MultiArray’ is not a member of ‘std_msgs::msg’; did you mean ‘Float32MultiArray’?
[21.408s]   265 |   rclcpp::Publisher<std_msgs::msg::UInt8MultiArray>::SharedPtr serial_debug_pub_;
[21.408s]       |                                    ^~~~~~~~~~~~~~~
[21.409s]       |                                    Float32MultiArray
[21.409s] /root/dart_ws/src/yq_dart_aim/src/dart_aim_node.cpp:265:51: error: template argument 1 is invalid
[21.410s]   265 |   rclcpp::Publisher<std_msgs::msg::UInt8MultiArray>::SharedPtr serial_debug_pub_;
[21.410s]       |                                                   ^
[21.411s] /root/dart_ws/src/yq_dart_aim/src/dart_aim_node.cpp:265:54: error: expected ‘;’ at end of member declaration
[21.411s]   265 |   rclcpp::Publisher<std_msgs::msg::UInt8MultiArray>::SharedPtr serial_debug_pub_;
[21.411s]       |                                                      ^~~~~~~~~
[21.412s]       |                                                               ;
[21.444s] /root/dart_ws/src/yq_dart_aim/src/dart_aim_node.cpp:265:64: error: ‘serial_debug_pub_’ does not name a type
[21.445s]   265 |   rclcpp::Publisher<std_msgs::msg::UInt8MultiArray>::SharedPtr serial_debug_pub_;
[21.445s]       |                                                                ^~~~~~~~~~~~~~~~~
[21.647s] /root/dart_ws/src/yq_dart_aim/src/dart_aim_node.cpp: In constructor ‘DartAimNode::DartAimNode(const rclcpp::NodeOptions&)’:
[21.647s] /root/dart_ws/src/yq_dart_aim/src/dart_aim_node.cpp:161:5: error: ‘serial_debug_pub_’ was not declared in this scope; did you mean ‘serial_pub_’?
[21.648s]   161 |     serial_debug_pub_ = this->create_publisher<std_msgs::msg::UInt8MultiArray>("/serial_debug", 10);
[21.648s]       |     ^~~~~~~~~~~~~~~~~
[21.649s]       |     serial_pub_
[21.649s] /root/dart_ws/src/yq_dart_aim/src/dart_aim_node.cpp:161:63: error: ‘UInt8MultiArray’ is not a member of ‘std_msgs::msg’; did you mean ‘Float32MultiArray’?
[21.650s]   161 |     serial_debug_pub_ = this->create_publisher<std_msgs::msg::UInt8MultiArray>("/serial_debug", 10);
[21.650s]       |                                                               ^~~~~~~~~~~~~~~
[21.650s]       |                                                               Float32MultiArray
[21.651s] /root/dart_ws/src/yq_dart_aim/src/dart_aim_node.cpp:161:79: error: no matching function for call to ‘DartAimNode::create_publisher<<expression error> >(const char [14], int)’
[21.651s]   161 |     serial_debug_pub_ = this->create_publisher<std_msgs::msg::UInt8MultiArray>("/serial_debug", 10);
[21.652s]       |                         ~~~~~~~~~~~~~~~~~~~~~~~~~~~~~~~~~~~~~~~~~~~~~~~~~~~~~~^~~~~~~~~~~~~~~~~~~~~
[21.652s] In file included from /opt/ros/humble/include/rclcpp/rclcpp/node.hpp:1321,
[21.653s]                  from /opt/ros/humble/include/rclcpp/rclcpp/executors/single_threaded_executor.hpp:28,
[21.653s]                  from /opt/ros/humble/include/rclcpp/rclcpp/executors.hpp:22,
[21.653s]                  from /opt/ros/humble/include/rclcpp/rclcpp/rclcpp.hpp:155,
[21.654s]                  from /root/dart_ws/src/yq_dart_aim/src/dart_aim_node.cpp:1:
[21.654s] /opt/ros/humble/include/rclcpp/rclcpp/node_impl.hpp:73:1: note: candidate: ‘template<class MessageT, class AllocatorT, class PublisherT> std::shared_ptr<PublisherT> rclcpp::Node::create_publisher(const string&, const rclcpp::QoS&, const rclcpp::PublisherOptionsWithAllocator<AllocatorT>&)’
[21.655s]    73 | Node::create_publisher(
[21.655s]       | ^~~~
[21.656s] /opt/ros/humble/include/rclcpp/rclcpp/node_impl.hpp:73:1: note:   template argument deduction/substitution failed:
[21.656s] /root/dart_ws/src/yq_dart_aim/src/dart_aim_node.cpp:161:79: error: template argument 1 is invalid
[21.657s]   161 |     serial_debug_pub_ = this->create_publisher<std_msgs::msg::UInt8MultiArray>("/serial_debug", 10);
[21.657s]       |                         ~~~~~~~~~~~~~~~~~~~~~~~~~~~~~~~~~~~~~~~~~~~~~~~~~~~~~~^~~~~~~~~~~~~~~~~~~~~
[21.712s] /root/dart_ws/src/yq_dart_aim/src/dart_aim_node.cpp: In lambda function:
[21.713s] /root/dart_ws/src/yq_dart_aim/src/dart_aim_node.cpp:222:28: error: ‘UInt8MultiArray’ is not a member of ‘std_msgs::msg’; did you mean ‘Float32MultiArray’?
[21.713s]   222 |             std_msgs::msg::UInt8MultiArray debug_msg;
[21.714s]       |                            ^~~~~~~~~~~~~~~
[21.714s]       |                            Float32MultiArray
[21.799s] /root/dart_ws/src/yq_dart_aim/src/dart_aim_node.cpp:223:13: error: ‘debug_msg’ was not declared in this scope
[21.800s]   223 |             debug_msg.data.assign(buf, buf + n);
[21.800s]       |             ^~~~~~~~~
[21.801s] /root/dart_ws/src/yq_dart_aim/src/dart_aim_node.cpp:224:13: error: ‘serial_debug_pub_’ is not captured
[21.801s]   224 |             serial_debug_pub_->publish(debug_msg);
[21.802s]       |             ^~~~~~~~~~~~~~~~~
[21.802s] /root/dart_ws/src/yq_dart_aim/src/dart_aim_node.cpp:215:44: note: the lambda has no capture-default
[21.803s]   215 |     serial_read_thread_ = std::thread([this]() {
[21.803s]       |                                            ^
[21.803s] /root/dart_ws/src/yq_dart_aim/src/dart_aim_node.cpp:161:5: note: ‘<typeprefixerror>serial_debug_pub_’ declared here
[21.804s]   161 |     serial_debug_pub_ = this->create_publisher<std_msgs::msg::UInt8MultiArray>("/serial_debug", 10);
[21.804s]       |     ^~~~~~~~~~~~~~~~~
[41.683s] gmake[2]: *** [CMakeFiles/dart_aim_node.dir/build.make:76: CMakeFiles/dart_aim_node.dir/src/dart_aim_node.cpp.o] Error 1
[41.688s] gmake[1]: *** [CMakeFiles/Makefile2:137: CMakeFiles/dart_aim_node.dir/all] Error 2
[41.689s] gmake: *** [Makefile:146: all] Error 2
[41.702s] Invoked command in '/root/dart_ws/build/yq_dart_aim' returned '2': CMAKE_PREFIX_PATH=${CMAKE_PREFIX_PATH}:/opt/ros/humble /usr/bin/cmake --build /root/dart_ws/build/yq_dart_aim -- -j8 -l8
