[0.072s] Invoking command in '/root/dart_ws/build/hik_camera': CMAKE_PREFIX_PATH=${CMAKE_PREFIX_PATH}:/opt/ros/humble /usr/bin/cmake --build /root/dart_ws/build/hik_camera -- -j8 -l8
[0.540s] [ 50%] Built target hik_camera_node
[0.545s] [100%] Built target hik_camera
[0.599s] Invoked command in '/root/dart_ws/build/hik_camera' returned '0': CMAKE_PREFIX_PATH=${CMAKE_PREFIX_PATH}:/opt/ros/humble /usr/bin/cmake --build /root/dart_ws/build/hik_camera -- -j8 -l8
[0.653s] Invoking command in '/root/dart_ws/build/hik_camera': CMAKE_PREFIX_PATH=${CMAKE_PREFIX_PATH}:/opt/ros/humble /usr/bin/cmake --install /root/dart_ws/build/hik_camera
[0.691s] -- Install configuration: ""
[0.697s] -- Execute custom install script
[0.702s] -- Up-to-date symlink: /root/dart_ws/install/hik_camera/lib/libFormatConversion.so
[0.702s] -- Up-to-date symlink: /root/dart_ws/install/hik_camera/lib/libMVRender.so
[0.703s] -- Up-to-date symlink: /root/dart_ws/install/hik_camera/lib/libMediaProcess.so
[0.704s] -- Up-to-date symlink: /root/dart_ws/install/hik_camera/lib/libMvCameraControl.so
[0.705s] -- Up-to-date symlink: /root/dart_ws/install/hik_camera/lib/libMvUsb3vTL.so
[0.707s] -- Up-to-date symlink: /root/dart_ws/install/hik_camera/lib/hik_camera/hik_camera_node
[0.708s] -- Up-to-date symlink: /root/dart_ws/install/hik_camera/share/hik_camera/environment/library_path.sh
[0.708s] -- Up-to-date symlink: /root/dart_ws/install/hik_camera/share/hik_camera/environment/library_path.dsv
[0.711s] -- Up-to-date symlink: /root/dart_ws/install/hik_camera/lib/libhik_camera.so
[0.714s] -- Up-to-date symlink: /root/dart_ws/install/hik_camera/share/hik_camera/config/camera_info.yaml
[0.715s] -- Up-to-date symlink: /root/dart_ws/install/hik_camera/share/hik_camera/config/camera_params.yaml
[0.716s] -- Up-to-date symlink: /root/dart_ws/install/hik_camera/share/hik_camera/launch/hik_camera.launch.py
[0.717s] -- Up-to-date symlink: /root/dart_ws/install/hik_camera/share/ament_index/resource_index/package_run_dependencies/hik_camera
[0.718s] -- Up-to-date symlink: /root/dart_ws/install/hik_camera/share/ament_index/resource_index/parent_prefix_path/hik_camera
[0.719s] -- Up-to-date symlink: /root/dart_ws/install/hik_camera/share/hik_camera/environment/ament_prefix_path.sh
[0.720s] -- Up-to-date symlink: /root/dart_ws/install/hik_camera/share/hik_camera/environment/ament_prefix_path.dsv
[0.720s] -- Up-to-date symlink: /root/dart_ws/install/hik_camera/share/hik_camera/environment/path.sh
[0.721s] -- Up-to-date symlink: /root/dart_ws/install/hik_camera/share/hik_camera/environment/path.dsv
[0.722s] -- Up-to-date symlink: /root/dart_ws/install/hik_camera/share/hik_camera/local_setup.bash
[0.723s] -- Up-to-date symlink: /root/dart_ws/install/hik_camera/share/hik_camera/local_setup.sh
[0.724s] -- Up-to-date symlink: /root/dart_ws/install/hik_camera/share/hik_camera/local_setup.zsh
[0.725s] -- Up-to-date symlink: /root/dart_ws/install/hik_camera/share/hik_camera/local_setup.dsv
[0.726s] -- Symlinking: /root/dart_ws/install/hik_camera/share/hik_camera/package.dsv
[0.768s] -- Up-to-date symlink: /root/dart_ws/install/hik_camera/share/ament_index/resource_index/packages/hik_camera
[0.768s] -- Up-to-date symlink: /root/dart_ws/install/hik_camera/share/ament_index/resource_index/rclcpp_components/hik_camera
[0.769s] -- Up-to-date symlink: /root/dart_ws/install/hik_camera/share/hik_camera/cmake/ament_cmake_export_dependencies-extras.cmake
[0.770s] -- Up-to-date symlink: /root/dart_ws/install/hik_camera/share/hik_camera/cmake/ament_cmake_export_libraries-extras.cmake
[0.771s] -- Up-to-date symlink: /root/dart_ws/install/hik_camera/share/hik_camera/cmake/hik_cameraConfig.cmake
[0.771s] -- Up-to-date symlink: /root/dart_ws/install/hik_camera/share/hik_camera/cmake/hik_cameraConfig-version.cmake
[0.772s] -- Up-to-date symlink: /root/dart_ws/install/hik_camera/share/hik_camera/package.xml
[0.782s] Invoked command in '/root/dart_ws/build/hik_camera' returned '0': CMAKE_PREFIX_PATH=${CMAKE_PREFIX_PATH}:/opt/ros/humble /usr/bin/cmake --install /root/dart_ws/build/hik_camera
