[1.404s] DEBUG:colcon:Command line arguments: ['/usr/bin/colcon', 'build', '--packages-select', 'yq_dart_aim', '--symlink-install']
[1.404s] DEBUG:colcon:Parsed command line arguments: Namespace(log_base=None, log_level=None, verb_name='build', build_base='build', install_base='install', merge_install=False, symlink_install=True, test_result_base=None, continue_on_error=False, executor='parallel', parallel_workers=8, event_handlers=None, ignore_user_meta=False, metas=['./colcon.meta'], base_paths=['.'], packages_ignore=None, packages_ignore_regex=None, paths=None, packages_up_to=None, packages_up_to_regex=None, packages_above=None, packages_above_and_dependencies=None, packages_above_depth=None, packages_select_by_dep=None, packages_skip_by_dep=None, packages_skip_up_to=None, packages_select_build_failed=False, packages_skip_build_finished=False, packages_select_test_failures=False, packages_skip_test_passed=False, packages_select=['yq_dart_aim'], packages_skip=None, packages_select_regex=None, packages_skip_regex=None, packages_start=None, packages_end=None, allow_overriding=[], cmake_args=None, cmake_target=None, cmake_target_skip_unavailable=False, cmake_clean_cache=False, cmake_clean_first=False, cmake_force_configure=False, ament_cmake_args=None, catkin_cmake_args=None, catkin_skip_building_tests=False, verb_parser=<colcon_defaults.argument_parser.defaults.DefaultArgumentsDecorator object at 0xffffb8ec3a90>, verb_extension=<colcon_core.verb.build.BuildVerb object at 0xffffb8ec31f0>, main=<bound method BuildVerb.main of <colcon_core.verb.build.BuildVerb object at 0xffffb8ec31f0>>)
[3.897s] Level 1:colcon.colcon_core.package_discovery:discover_packages(colcon_meta) check parameters
[3.898s] Level 1:colcon.colcon_core.package_discovery:discover_packages(recursive) check parameters
[3.899s] Level 1:colcon.colcon_core.package_discovery:discover_packages(ignore) check parameters
[3.900s] Level 1:colcon.colcon_core.package_discovery:discover_packages(path) check parameters
[3.901s] Level 1:colcon.colcon_core.package_discovery:discover_packages(colcon_meta) discover
[3.902s] Level 1:colcon.colcon_core.package_discovery:discover_packages(recursive) discover
[3.902s] INFO:colcon.colcon_core.package_discovery:Crawling recursively for packages in '/root/dart_ws'
[3.904s] Level 1:colcon.colcon_core.package_identification:_identify(.) by extensions ['ignore', 'ignore_ament_install']
[3.905s] Level 1:colcon.colcon_core.package_identification:_identify(.) by extension 'ignore'
[3.906s] Level 1:colcon.colcon_core.package_identification:_identify(.) by extension 'ignore_ament_install'
[3.907s] Level 1:colcon.colcon_core.package_identification:_identify(.) by extensions ['colcon_pkg']
[3.908s] Level 1:colcon.colcon_core.package_identification:_identify(.) by extension 'colcon_pkg'
[3.908s] Level 1:colcon.colcon_core.package_identification:_identify(.) by extensions ['colcon_meta']
[3.909s] Level 1:colcon.colcon_core.package_identification:_identify(.) by extension 'colcon_meta'
[3.910s] Level 1:colcon.colcon_core.package_identification:_identify(.) by extensions ['ros']
[3.910s] Level 1:colcon.colcon_core.package_identification:_identify(.) by extension 'ros'
[4.044s] Level 1:colcon.colcon_core.package_identification:_identify(.) by extensions ['cmake', 'python']
[4.045s] Level 1:colcon.colcon_core.package_identification:_identify(.) by extension 'cmake'
[4.045s] Level 1:colcon.colcon_core.package_identification:_identify(.) by extension 'python'
[4.046s] Level 1:colcon.colcon_core.package_identification:_identify(.) by extensions ['python_setup_py']
[4.047s] Level 1:colcon.colcon_core.package_identification:_identify(.) by extension 'python_setup_py'
[4.048s] Level 1:colcon.colcon_core.package_identification:_identify(MvSdkLog) by extensions ['ignore', 'ignore_ament_install']
[4.048s] Level 1:colcon.colcon_core.package_identification:_identify(MvSdkLog) by extension 'ignore'
[4.049s] Level 1:colcon.colcon_core.package_identification:_identify(MvSdkLog) by extension 'ignore_ament_install'
[4.049s] Level 1:colcon.colcon_core.package_identification:_identify(MvSdkLog) by extensions ['colcon_pkg']
[4.050s] Level 1:colcon.colcon_core.package_identification:_identify(MvSdkLog) by extension 'colcon_pkg'
[4.051s] Level 1:colcon.colcon_core.package_identification:_identify(MvSdkLog) by extensions ['colcon_meta']
[4.051s] Level 1:colcon.colcon_core.package_identification:_identify(MvSdkLog) by extension 'colcon_meta'
[4.052s] Level 1:colcon.colcon_core.package_identification:_identify(MvSdkLog) by extensions ['ros']
[4.052s] Level 1:colcon.colcon_core.package_identification:_identify(MvSdkLog) by extension 'ros'
[4.053s] Level 1:colcon.colcon_core.package_identification:_identify(MvSdkLog) by extensions ['cmake', 'python']
[4.054s] Level 1:colcon.colcon_core.package_identification:_identify(MvSdkLog) by extension 'cmake'
[4.055s] Level 1:colcon.colcon_core.package_identification:_identify(MvSdkLog) by extension 'python'
[4.056s] Level 1:colcon.colcon_core.package_identification:_identify(MvSdkLog) by extensions ['python_setup_py']
[4.056s] Level 1:colcon.colcon_core.package_identification:_identify(MvSdkLog) by extension 'python_setup_py'
[4.057s] Level 1:colcon.colcon_core.package_identification:_identify(build) by extensions ['ignore', 'ignore_ament_install']
[4.057s] Level 1:colcon.colcon_core.package_identification:_identify(build) by extension 'ignore'
[4.058s] Level 1:colcon.colcon_core.package_identification:_identify(build) ignored
[4.060s] Level 1:colcon.colcon_core.package_identification:_identify(install) by extensions ['ignore', 'ignore_ament_install']
[4.061s] Level 1:colcon.colcon_core.package_identification:_identify(install) by extension 'ignore'
[4.062s] Level 1:colcon.colcon_core.package_identification:_identify(install) ignored
[4.064s] Level 1:colcon.colcon_core.package_identification:_identify(log) by extensions ['ignore', 'ignore_ament_install']
[4.065s] Level 1:colcon.colcon_core.package_identification:_identify(log) by extension 'ignore'
[4.066s] Level 1:colcon.colcon_core.package_identification:_identify(log) ignored
[4.067s] Level 1:colcon.colcon_core.package_identification:_identify(reqirements) by extensions ['ignore', 'ignore_ament_install']
[4.068s] Level 1:colcon.colcon_core.package_identification:_identify(reqirements) by extension 'ignore'
[4.069s] Level 1:colcon.colcon_core.package_identification:_identify(reqirements) by extension 'ignore_ament_install'
[4.070s] Level 1:colcon.colcon_core.package_identification:_identify(reqirements) by extensions ['colcon_pkg']
[4.071s] Level 1:colcon.colcon_core.package_identification:_identify(reqirements) by extension 'colcon_pkg'
[4.072s] Level 1:colcon.colcon_core.package_identification:_identify(reqirements) by extensions ['colcon_meta']
[4.072s] Level 1:colcon.colcon_core.package_identification:_identify(reqirements) by extension 'colcon_meta'
[4.073s] Level 1:colcon.colcon_core.package_identification:_identify(reqirements) by extensions ['ros']
[4.073s] Level 1:colcon.colcon_core.package_identification:_identify(reqirements) by extension 'ros'
[4.074s] Level 1:colcon.colcon_core.package_identification:_identify(reqirements) by extensions ['cmake', 'python']
[4.075s] Level 1:colcon.colcon_core.package_identification:_identify(reqirements) by extension 'cmake'
[4.076s] Level 1:colcon.colcon_core.package_identification:_identify(reqirements) by extension 'python'
[4.077s] Level 1:colcon.colcon_core.package_identification:_identify(reqirements) by extensions ['python_setup_py']
[4.078s] Level 1:colcon.colcon_core.package_identification:_identify(reqirements) by extension 'python_setup_py'
[4.079s] Level 1:colcon.colcon_core.package_identification:_identify(src) by extensions ['ignore', 'ignore_ament_install']
[4.080s] Level 1:colcon.colcon_core.package_identification:_identify(src) by extension 'ignore'
[4.080s] Level 1:colcon.colcon_core.package_identification:_identify(src) by extension 'ignore_ament_install'
[4.081s] Level 1:colcon.colcon_core.package_identification:_identify(src) by extensions ['colcon_pkg']
[4.081s] Level 1:colcon.colcon_core.package_identification:_identify(src) by extension 'colcon_pkg'
[4.082s] Level 1:colcon.colcon_core.package_identification:_identify(src) by extensions ['colcon_meta']
[4.082s] Level 1:colcon.colcon_core.package_identification:_identify(src) by extension 'colcon_meta'
[4.083s] Level 1:colcon.colcon_core.package_identification:_identify(src) by extensions ['ros']
[4.083s] Level 1:colcon.colcon_core.package_identification:_identify(src) by extension 'ros'
[4.084s] Level 1:colcon.colcon_core.package_identification:_identify(src) by extensions ['cmake', 'python']
[4.085s] Level 1:colcon.colcon_core.package_identification:_identify(src) by extension 'cmake'
[4.085s] Level 1:colcon.colcon_core.package_identification:_identify(src) by extension 'python'
[4.086s] Level 1:colcon.colcon_core.package_identification:_identify(src) by extensions ['python_setup_py']
[4.087s] Level 1:colcon.colcon_core.package_identification:_identify(src) by extension 'python_setup_py'
[4.088s] Level 1:colcon.colcon_core.package_identification:_identify(src/rm_start) by extensions ['ignore', 'ignore_ament_install']
[4.089s] Level 1:colcon.colcon_core.package_identification:_identify(src/rm_start) by extension 'ignore'
[4.089s] Level 1:colcon.colcon_core.package_identification:_identify(src/rm_start) by extension 'ignore_ament_install'
[4.090s] Level 1:colcon.colcon_core.package_identification:_identify(src/rm_start) by extensions ['colcon_pkg']
[4.091s] Level 1:colcon.colcon_core.package_identification:_identify(src/rm_start) by extension 'colcon_pkg'
[4.092s] Level 1:colcon.colcon_core.package_identification:_identify(src/rm_start) by extensions ['colcon_meta']
[4.093s] Level 1:colcon.colcon_core.package_identification:_identify(src/rm_start) by extension 'colcon_meta'
[4.095s] Level 1:colcon.colcon_core.package_identification:_identify(src/rm_start) by extensions ['ros']
[4.096s] Level 1:colcon.colcon_core.package_identification:_identify(src/rm_start) by extension 'ros'
[4.097s] Level 1:colcon.colcon_core.package_identification:_identify(src/rm_start) by extensions ['cmake', 'python']
[4.098s] Level 1:colcon.colcon_core.package_identification:_identify(src/rm_start) by extension 'cmake'
[4.099s] Level 1:colcon.colcon_core.package_identification:_identify(src/rm_start) by extension 'python'
[4.099s] Level 1:colcon.colcon_core.package_identification:_identify(src/rm_start) by extensions ['python_setup_py']
[4.100s] Level 1:colcon.colcon_core.package_identification:_identify(src/rm_start) by extension 'python_setup_py'
[4.102s] Level 1:colcon.colcon_core.package_identification:_identify(src/ros2_hik_camera) by extensions ['ignore', 'ignore_ament_install']
[4.103s] Level 1:colcon.colcon_core.package_identification:_identify(src/ros2_hik_camera) by extension 'ignore'
[4.103s] Level 1:colcon.colcon_core.package_identification:_identify(src/ros2_hik_camera) by extension 'ignore_ament_install'
[4.104s] Level 1:colcon.colcon_core.package_identification:_identify(src/ros2_hik_camera) by extensions ['colcon_pkg']
[4.104s] Level 1:colcon.colcon_core.package_identification:_identify(src/ros2_hik_camera) by extension 'colcon_pkg'
[4.105s] Level 1:colcon.colcon_core.package_identification:_identify(src/ros2_hik_camera) by extensions ['colcon_meta']
[4.105s] Level 1:colcon.colcon_core.package_identification:_identify(src/ros2_hik_camera) by extension 'colcon_meta'
[4.106s] Level 1:colcon.colcon_core.package_identification:_identify(src/ros2_hik_camera) by extensions ['ros']
[4.106s] Level 1:colcon.colcon_core.package_identification:_identify(src/ros2_hik_camera) by extension 'ros'
[4.136s] DEBUG:colcon.colcon_core.package_identification:Package 'src/ros2_hik_camera' with type 'ros.ament_cmake' and name 'hik_camera'
[4.137s] Level 1:colcon.colcon_core.package_identification:_identify(src/yq_dart_aim) by extensions ['ignore', 'ignore_ament_install']
[4.138s] Level 1:colcon.colcon_core.package_identification:_identify(src/yq_dart_aim) by extension 'ignore'
[4.139s] Level 1:colcon.colcon_core.package_identification:_identify(src/yq_dart_aim) by extension 'ignore_ament_install'
[4.140s] Level 1:colcon.colcon_core.package_identification:_identify(src/yq_dart_aim) by extensions ['colcon_pkg']
[4.141s] Level 1:colcon.colcon_core.package_identification:_identify(src/yq_dart_aim) by extension 'colcon_pkg'
[4.142s] Level 1:colcon.colcon_core.package_identification:_identify(src/yq_dart_aim) by extensions ['colcon_meta']
[4.142s] Level 1:colcon.colcon_core.package_identification:_identify(src/yq_dart_aim) by extension 'colcon_meta'
[4.143s] Level 1:colcon.colcon_core.package_identification:_identify(src/yq_dart_aim) by extensions ['ros']
[4.143s] Level 1:colcon.colcon_core.package_identification:_identify(src/yq_dart_aim) by extension 'ros'
[4.148s] DEBUG:colcon.colcon_core.package_identification:Package 'src/yq_dart_aim' with type 'ros.ament_cmake' and name 'yq_dart_aim'
[4.149s] Level 1:colcon.colcon_core.package_discovery:discover_packages(recursive) using defaults
[4.149s] Level 1:colcon.colcon_core.package_discovery:discover_packages(ignore) discover
[4.150s] Level 1:colcon.colcon_core.package_discovery:discover_packages(ignore) using defaults
[4.150s] Level 1:colcon.colcon_core.package_discovery:discover_packages(path) discover
[4.151s] Level 1:colcon.colcon_core.package_discovery:discover_packages(path) using defaults
[4.348s] INFO:colcon.colcon_core.package_selection:Skipping not selected package 'hik_camera' in 'src/ros2_hik_camera'
[4.353s] Level 1:colcon.colcon_core.package_discovery:discover_packages(prefix_path) check parameters
[4.354s] Level 1:colcon.colcon_core.package_discovery:discover_packages(prefix_path) discover
[4.380s] DEBUG:colcon.colcon_installed_package_information.package_discovery:Found 2 installed packages in /root/dart_ws/install
[4.390s] DEBUG:colcon.colcon_installed_package_information.package_discovery:Found 279 installed packages in /opt/ros/humble
[4.413s] Level 1:colcon.colcon_core.package_discovery:discover_packages(prefix_path) using defaults
[4.970s] Level 5:colcon.colcon_core.verb:set package 'yq_dart_aim' build argument 'cmake_args' from command line to 'None'
[4.971s] Level 5:colcon.colcon_core.verb:set package 'yq_dart_aim' build argument 'cmake_target' from command line to 'None'
[4.971s] Level 5:colcon.colcon_core.verb:set package 'yq_dart_aim' build argument 'cmake_target_skip_unavailable' from command line to 'False'
[4.971s] Level 5:colcon.colcon_core.verb:set package 'yq_dart_aim' build argument 'cmake_clean_cache' from command line to 'False'
[4.972s] Level 5:colcon.colcon_core.verb:set package 'yq_dart_aim' build argument 'cmake_clean_first' from command line to 'False'
[4.972s] Level 5:colcon.colcon_core.verb:set package 'yq_dart_aim' build argument 'cmake_force_configure' from command line to 'False'
[4.972s] Level 5:colcon.colcon_core.verb:set package 'yq_dart_aim' build argument 'ament_cmake_args' from command line to 'None'
[4.973s] Level 5:colcon.colcon_core.verb:set package 'yq_dart_aim' build argument 'catkin_cmake_args' from command line to 'None'
[4.973s] Level 5:colcon.colcon_core.verb:set package 'yq_dart_aim' build argument 'catkin_skip_building_tests' from command line to 'False'
[4.974s] DEBUG:colcon.colcon_core.verb:Building package 'yq_dart_aim' with the following arguments: {'ament_cmake_args': None, 'build_base': '/root/dart_ws/build/yq_dart_aim', 'catkin_cmake_args': None, 'catkin_skip_building_tests': False, 'cmake_args': None, 'cmake_clean_cache': False, 'cmake_clean_first': False, 'cmake_force_configure': False, 'cmake_target': None, 'cmake_target_skip_unavailable': False, 'install_base': '/root/dart_ws/install/yq_dart_aim', 'merge_install': False, 'path': '/root/dart_ws/src/yq_dart_aim', 'symlink_install': True, 'test_result_base': None}
[4.975s] INFO:colcon.colcon_core.executor:Executing jobs using 'parallel' executor
[4.983s] DEBUG:colcon.colcon_parallel_executor.executor.parallel:run_until_complete
[4.985s] INFO:colcon.colcon_ros.task.ament_cmake.build:Building ROS package in '/root/dart_ws/src/yq_dart_aim' with build type 'ament_cmake'
[4.986s] INFO:colcon.colcon_cmake.task.cmake.build:Building CMake package in '/root/dart_ws/src/yq_dart_aim'
[5.019s] INFO:colcon.colcon_core.plugin_system:Skipping extension 'colcon_core.shell.bat': Not used on non-Windows systems
[5.021s] INFO:colcon.colcon_core.shell:Skip shell extension 'powershell' for command environment: Not usable outside of PowerShell
[5.022s] DEBUG:colcon.colcon_core.shell:Skip shell extension 'dsv' for command environment
[5.090s] DEBUG:colcon.colcon_core.event_handler.log_command:Invoking command in '/root/dart_ws/build/yq_dart_aim': CMAKE_PREFIX_PATH=${CMAKE_PREFIX_PATH}:/opt/ros/humble /usr/bin/cmake --build /root/dart_ws/build/yq_dart_aim -- -j8 -l8
[180.319s] DEBUG:colcon.colcon_core.event_handler.log_command:Invoked command in '/root/dart_ws/build/yq_dart_aim' returned '0': CMAKE_PREFIX_PATH=${CMAKE_PREFIX_PATH}:/opt/ros/humble /usr/bin/cmake --build /root/dart_ws/build/yq_dart_aim -- -j8 -l8
[180.399s] DEBUG:colcon.colcon_core.event_handler.log_command:Invoking command in '/root/dart_ws/build/yq_dart_aim': CMAKE_PREFIX_PATH=${CMAKE_PREFIX_PATH}:/opt/ros/humble /usr/bin/cmake --install /root/dart_ws/build/yq_dart_aim
[180.543s] Level 1:colcon.colcon_core.environment:create_environment_scripts_only(yq_dart_aim)
[180.546s] DEBUG:colcon.colcon_core.event_handler.log_command:Invoked command in '/root/dart_ws/build/yq_dart_aim' returned '0': CMAKE_PREFIX_PATH=${CMAKE_PREFIX_PATH}:/opt/ros/humble /usr/bin/cmake --install /root/dart_ws/build/yq_dart_aim
[180.584s] Level 1:colcon.colcon_core.environment:checking '/root/dart_ws/install/yq_dart_aim' for CMake module files
[180.590s] Level 1:colcon.colcon_core.environment:checking '/root/dart_ws/install/yq_dart_aim' for CMake config files
[180.591s] Level 1:colcon.colcon_core.shell:create_environment_hook('yq_dart_aim', 'cmake_prefix_path')
[180.594s] INFO:colcon.colcon_core.shell:Creating environment hook '/root/dart_ws/install/yq_dart_aim/share/yq_dart_aim/hook/cmake_prefix_path.ps1'
[180.601s] INFO:colcon.colcon_core.shell:Creating environment descriptor '/root/dart_ws/install/yq_dart_aim/share/yq_dart_aim/hook/cmake_prefix_path.dsv'
[180.606s] INFO:colcon.colcon_core.shell:Creating environment hook '/root/dart_ws/install/yq_dart_aim/share/yq_dart_aim/hook/cmake_prefix_path.sh'
[180.615s] Level 1:colcon.colcon_core.environment:checking '/root/dart_ws/install/yq_dart_aim/lib'
[180.617s] Level 1:colcon.colcon_core.environment:checking '/root/dart_ws/install/yq_dart_aim/bin'
[180.618s] Level 1:colcon.colcon_core.environment:checking '/root/dart_ws/install/yq_dart_aim/lib/pkgconfig/yq_dart_aim.pc'
[180.620s] Level 1:colcon.colcon_core.environment:checking '/root/dart_ws/install/yq_dart_aim/lib/python3.10/site-packages'
[180.624s] Level 1:colcon.colcon_core.environment:checking '/root/dart_ws/install/yq_dart_aim/bin'
[180.628s] INFO:colcon.colcon_core.shell:Creating package script '/root/dart_ws/install/yq_dart_aim/share/yq_dart_aim/package.ps1'
[180.636s] INFO:colcon.colcon_core.shell:Creating package descriptor '/root/dart_ws/install/yq_dart_aim/share/yq_dart_aim/package.dsv'
[180.642s] INFO:colcon.colcon_core.shell:Creating package script '/root/dart_ws/install/yq_dart_aim/share/yq_dart_aim/package.sh'
[180.650s] INFO:colcon.colcon_core.shell:Creating package script '/root/dart_ws/install/yq_dart_aim/share/yq_dart_aim/package.bash'
[180.659s] INFO:colcon.colcon_core.shell:Creating package script '/root/dart_ws/install/yq_dart_aim/share/yq_dart_aim/package.zsh'
[180.667s] Level 1:colcon.colcon_core.environment:create_file_with_runtime_dependencies(/root/dart_ws/install/yq_dart_aim/share/colcon-core/packages/yq_dart_aim)
[180.672s] Level 1:colcon.colcon_core.environment:create_environment_scripts_only(yq_dart_aim)
[180.675s] Level 1:colcon.colcon_core.environment:checking '/root/dart_ws/install/yq_dart_aim' for CMake module files
[180.680s] Level 1:colcon.colcon_core.environment:checking '/root/dart_ws/install/yq_dart_aim' for CMake config files
[180.682s] Level 1:colcon.colcon_core.shell:create_environment_hook('yq_dart_aim', 'cmake_prefix_path')
[180.684s] INFO:colcon.colcon_core.shell:Creating environment hook '/root/dart_ws/install/yq_dart_aim/share/yq_dart_aim/hook/cmake_prefix_path.ps1'
[180.688s] INFO:colcon.colcon_core.shell:Creating environment descriptor '/root/dart_ws/install/yq_dart_aim/share/yq_dart_aim/hook/cmake_prefix_path.dsv'
[180.692s] INFO:colcon.colcon_core.shell:Creating environment hook '/root/dart_ws/install/yq_dart_aim/share/yq_dart_aim/hook/cmake_prefix_path.sh'
[180.697s] Level 1:colcon.colcon_core.environment:checking '/root/dart_ws/install/yq_dart_aim/lib'
[180.698s] Level 1:colcon.colcon_core.environment:checking '/root/dart_ws/install/yq_dart_aim/bin'
[180.698s] Level 1:colcon.colcon_core.environment:checking '/root/dart_ws/install/yq_dart_aim/lib/pkgconfig/yq_dart_aim.pc'
[180.700s] Level 1:colcon.colcon_core.environment:checking '/root/dart_ws/install/yq_dart_aim/lib/python3.10/site-packages'
[180.704s] Level 1:colcon.colcon_core.environment:checking '/root/dart_ws/install/yq_dart_aim/bin'
[180.707s] INFO:colcon.colcon_core.shell:Creating package script '/root/dart_ws/install/yq_dart_aim/share/yq_dart_aim/package.ps1'
[180.712s] INFO:colcon.colcon_core.shell:Creating package descriptor '/root/dart_ws/install/yq_dart_aim/share/yq_dart_aim/package.dsv'
[180.717s] INFO:colcon.colcon_core.shell:Creating package script '/root/dart_ws/install/yq_dart_aim/share/yq_dart_aim/package.sh'
[180.720s] INFO:colcon.colcon_core.shell:Creating package script '/root/dart_ws/install/yq_dart_aim/share/yq_dart_aim/package.bash'
[180.724s] INFO:colcon.colcon_core.shell:Creating package script '/root/dart_ws/install/yq_dart_aim/share/yq_dart_aim/package.zsh'
[180.729s] Level 1:colcon.colcon_core.environment:create_file_with_runtime_dependencies(/root/dart_ws/install/yq_dart_aim/share/colcon-core/packages/yq_dart_aim)
[180.731s] DEBUG:colcon.colcon_parallel_executor.executor.parallel:closing loop
[180.735s] DEBUG:colcon.colcon_parallel_executor.executor.parallel:loop closed
[180.736s] DEBUG:colcon.colcon_parallel_executor.executor.parallel:run_until_complete finished with '0'
[180.737s] DEBUG:colcon.colcon_core.event_reactor:joining thread
[180.800s] INFO:colcon.colcon_core.plugin_system:Skipping extension 'colcon_notification.desktop_notification.notify_send': Could not find 'notify-send'
[180.801s] INFO:colcon.colcon_core.plugin_system:Skipping extension 'colcon_notification.desktop_notification.terminal_notifier': Not used on non-Darwin systems
[180.802s] INFO:colcon.colcon_core.plugin_system:Skipping extension 'colcon_notification.desktop_notification.win32': Not used on non-Windows systems
[180.803s] INFO:colcon.colcon_notification.desktop_notification:Sending desktop notification using 'notify2'
[205.932s] DEBUG:colcon.colcon_notification.desktop_notification.notify2:Failed to initialize notify2: org.freedesktop.DBus.Error.NoReply: Did not receive a reply. Possible causes include: the remote application did not send a reply, the message bus security policy blocked the reply, the reply timeout expired, or the network connection was broken.
[205.933s] DEBUG:colcon.colcon_core.event_reactor:joined thread
[205.935s] INFO:colcon.colcon_core.shell:Creating prefix script '/root/dart_ws/install/local_setup.ps1'
[205.942s] INFO:colcon.colcon_core.shell:Creating prefix util module '/root/dart_ws/install/_local_setup_util_ps1.py'
[205.956s] INFO:colcon.colcon_core.shell:Creating prefix chain script '/root/dart_ws/install/setup.ps1'
[205.963s] INFO:colcon.colcon_core.shell:Creating prefix script '/root/dart_ws/install/local_setup.sh'
[205.969s] INFO:colcon.colcon_core.shell:Creating prefix util module '/root/dart_ws/install/_local_setup_util_sh.py'
[205.973s] INFO:colcon.colcon_core.shell:Creating prefix chain script '/root/dart_ws/install/setup.sh'
[205.980s] INFO:colcon.colcon_core.shell:Creating prefix script '/root/dart_ws/install/local_setup.bash'
[205.985s] INFO:colcon.colcon_core.shell:Creating prefix chain script '/root/dart_ws/install/setup.bash'
[205.992s] INFO:colcon.colcon_core.shell:Creating prefix script '/root/dart_ws/install/local_setup.zsh'
[205.996s] INFO:colcon.colcon_core.shell:Creating prefix chain script '/root/dart_ws/install/setup.zsh'
