CMake Deprecation Warning at CMakeLists.txt:1 (cmake_minimum_required):
  Compatibility with CMake < 3.10 will be removed from a future version of
  CMake.

  Update the VERSION argument <min> value.  Or, use the <min>...<max> syntax
  to tell CMake that the project requires at least <min> but has been updated
  to work with policies introduced by <max> or earlier.


-- The C compiler identification is GNU 11.4.0
-- The CXX compiler identification is GNU 11.4.0
-- Detecting C compiler ABI info
-- Detecting C compiler ABI info - done
-- Check for working C compiler: /usr/bin/cc - skipped
-- Detecting C compile features
-- Detecting C compile features - done
-- Detecting CXX compiler ABI info
-- Detecting CXX compiler ABI info - done
-- Check for working CXX compiler: /usr/bin/c++ - skipped
-- Detecting CXX compile features
-- Detecting CXX compile features - done
-- Found ament_cmake: 1.3.14 (/opt/ros/humble/share/ament_cmake/cmake)
-- Found Python3: /usr/bin/python3 (found version "3.10.12") found components: Interpreter
-- Found rclcpp: 16.0.19 (/opt/ros/humble/share/rclcpp/cmake)
-- Found rosidl_generator_c: 3.1.9 (/opt/ros/humble/share/rosidl_generator_c/cmake)
-- Found rosidl_adapter: 3.1.9 (/opt/ros/humble/share/rosidl_adapter/cmake)
-- Found rosidl_generator_cpp: 3.1.9 (/opt/ros/humble/share/rosidl_generator_cpp/cmake)
-- Using all available rosidl_typesupport_c: rosidl_typesupport_fastrtps_c;rosidl_typesupport_introspection_c
-- Using all available rosidl_typesupport_cpp: rosidl_typesupport_fastrtps_cpp;rosidl_typesupport_introspection_cpp
-- Found rmw_implementation_cmake: 6.1.2 (/opt/ros/humble/share/rmw_implementation_cmake/cmake)
-- Found rmw_fastrtps_cpp: 6.2.10 (/opt/ros/humble/share/rmw_fastrtps_cpp/cmake)
-- Found OpenSSL: /usr/lib/x86_64-linux-gnu/libcrypto.so (found version "3.0.2")
-- Found FastRTPS: /opt/ros/humble/include
-- Using RMW implementation 'rmw_fastrtps_cpp' as default
-- Performing Test CMAKE_HAVE_LIBC_PTHREAD
-- Performing Test CMAKE_HAVE_LIBC_PTHREAD - Success
-- Found Threads: TRUE
-- Found sensor_msgs: 4.9.1 (/opt/ros/humble/share/sensor_msgs/cmake)
-- Found cv_bridge: 3.2.1 (/opt/ros/humble/share/cv_bridge/cmake)
-- Found image_transport: 3.1.13 (/opt/ros/humble/share/image_transport/cmake)
-- Found OpenCV: /usr (found version "4.5.4")
-- Configuring done (1.2s)
-- Generating done (0.0s)
-- Build files have been written to: /home/rich/mygithub/our_dart/dart_ws_on/build/yq_dart_aim
[ 16%] Building CXX object CMakeFiles/dart_aim_node.dir/src/image_processor.cpp.o
[ 33%] Building CXX object CMakeFiles/dart_aim_node.dir/src/dart_aim_node.cpp.o
[ 50%] Building CXX object CMakeFiles/dart_aim_node.dir/src/target_detector.cpp.o
[ 66%] Building CXX object CMakeFiles/dart_aim_node.dir/src/coordinate_calculator.cpp.o
[ 83%] Building CXX object CMakeFiles/dart_aim_node.dir/src/serial_manager.cpp.o
/home/rich/mygithub/our_dart/dart_ws_on/src/yq_dart_aim/src/target_detector.cpp: In member function ‘cv::Point2f yq_dart_aim::TargetDetector::selectTarget(const std::vector<yq_dart_aim::TargetInfo>&, int, bool)’:
/home/rich/mygithub/our_dart/dart_ws_on/src/yq_dart_aim/src/target_detector.cpp:46:68: warning: unused parameter ‘is_startup’ [-Wunused-parameter]
   46 |                                           int current_target, bool is_startup) {
      |                                                               ~~~~~^~~~~~~~~~
/home/rich/mygithub/our_dart/dart_ws_on/src/yq_dart_aim/src/serial_manager.cpp: In lambda function:
/home/rich/mygithub/our_dart/dart_ws_on/src/yq_dart_aim/src/serial_manager.cpp:98:43: error: ‘SERIAL_RX_TIMEOUT’ was not declared in this scope
   98 |                             if (elapsed > SERIAL_RX_TIMEOUT.count()) {
      |                                           ^~~~~~~~~~~~~~~~~
/home/rich/mygithub/our_dart/dart_ws_on/src/yq_dart_aim/src/serial_manager.cpp: In member function ‘void yq_dart_aim::SerialManager::send(float, float)’:
/home/rich/mygithub/our_dart/dart_ws_on/src/yq_dart_aim/src/serial_manager.cpp:184:26: error: ‘SERIAL_HEADER’ was not declared in this scope
  184 |     unsigned char head = SERIAL_HEADER;
      |                          ^~~~~~~~~~~~~
/home/rich/mygithub/our_dart/dart_ws_on/src/yq_dart_aim/src/serial_manager.cpp:185:26: error: ‘SERIAL_TAIL’ was not declared in this scope
  185 |     unsigned char tail = SERIAL_TAIL;
      |                          ^~~~~~~~~~~
/home/rich/mygithub/our_dart/dart_ws_on/src/yq_dart_aim/src/serial_manager.cpp: In member function ‘void yq_dart_aim::SerialManager::parseData(yq_dart_aim::SerialPortState&, const string&)’:
/home/rich/mygithub/our_dart/dart_ws_on/src/yq_dart_aim/src/serial_manager.cpp:291:38: error: ‘SERIAL_HEADER’ was not declared in this scope
  291 |             if (port.rx_buffer[i] == SERIAL_HEADER) {
      |                                      ^~~~~~~~~~~~~
/home/rich/mygithub/our_dart/dart_ws_on/src/yq_dart_aim/src/serial_manager.cpp:319:41: error: ‘SERIAL_TAIL’ was not declared in this scope
  319 |         if (port.rx_buffer[tail_idx] != SERIAL_TAIL) {
      |                                         ^~~~~~~~~~~
/home/rich/mygithub/our_dart/dart_ws_on/src/yq_dart_aim/src/serial_manager.cpp:281:73: warning: unused parameter ‘port_name’ [-Wunused-parameter]
  281 | void SerialManager::parseData(SerialPortState& port, const std::string& port_name) {
      |                                                      ~~~~~~~~~~~~~~~~~~~^~~~~~~~~
gmake[2]: *** [CMakeFiles/dart_aim_node.dir/build.make:135：CMakeFiles/dart_aim_node.dir/src/serial_manager.cpp.o] 错误 1
gmake[2]: *** 正在等待未完成的任务....
gmake[1]: *** [CMakeFiles/Makefile2:153：CMakeFiles/dart_aim_node.dir/all] 错误 2
gmake: *** [Makefile:146：all] 错误 2
