[0.005s] Invoking command in '/home/rich/mygithub/our_dart/dart_ws_on/build/yq_dart_aim': CMAKE_PREFIX_PATH=/opt/ros/humble /home/rich/.local/bin/cmake /home/rich/mygithub/our_dart/dart_ws_on/src/yq_dart_aim -DCMAKE_INSTALL_PREFIX=/home/rich/mygithub/our_dart/dart_ws_on/install/yq_dart_aim
[0.007s] CMake Deprecation Warning at CMakeLists.txt:1 (cmake_minimum_required):
[0.007s]   Compatibility with CMake < 3.10 will be removed from a future version of
[0.007s]   CMake.
[0.007s] 
[0.007s]   Update the VERSION argument <min> value.  Or, use the <min>...<max> syntax
[0.007s]   to tell CMake that the project requires at least <min> but has been updated
[0.007s]   to work with policies introduced by <max> or earlier.
[0.007s] 
[0.008s] 
[0.113s] -- The C compiler identification is GNU 11.4.0
[0.229s] -- The CXX compiler identification is GNU 11.4.0
[0.236s] -- Detecting C compiler ABI info
[0.313s] -- Detecting C compiler ABI info - done
[0.326s] -- Check for working C compiler: /usr/bin/cc - skipped
[0.326s] -- Detecting C compile features
[0.327s] -- Detecting C compile features - done
[0.342s] -- Detecting CXX compiler ABI info
[0.432s] -- Detecting CXX compiler ABI info - done
[0.450s] -- Check for working CXX compiler: /usr/bin/c++ - skipped
[0.450s] -- Detecting CXX compile features
[0.450s] -- Detecting CXX compile features - done
[0.458s] -- Found ament_cmake: 1.3.14 (/opt/ros/humble/share/ament_cmake/cmake)
[0.577s] -- Found Python3: /usr/bin/python3 (found version "3.10.12") found components: Interpreter
[0.649s] -- Found rclcpp: 16.0.19 (/opt/ros/humble/share/rclcpp/cmake)
[0.687s] -- Found rosidl_generator_c: 3.1.9 (/opt/ros/humble/share/rosidl_generator_c/cmake)
[0.691s] -- Found rosidl_adapter: 3.1.9 (/opt/ros/humble/share/rosidl_adapter/cmake)
[0.699s] -- Found rosidl_generator_cpp: 3.1.9 (/opt/ros/humble/share/rosidl_generator_cpp/cmake)
[0.710s] -- Using all available rosidl_typesupport_c: rosidl_typesupport_fastrtps_c;rosidl_typesupport_introspection_c
[0.723s] -- Using all available rosidl_typesupport_cpp: rosidl_typesupport_fastrtps_cpp;rosidl_typesupport_introspection_cpp
[0.761s] -- Found rmw_implementation_cmake: 6.1.2 (/opt/ros/humble/share/rmw_implementation_cmake/cmake)
[0.763s] -- Found rmw_fastrtps_cpp: 6.2.10 (/opt/ros/humble/share/rmw_fastrtps_cpp/cmake)
[0.843s] -- Found OpenSSL: /usr/lib/x86_64-linux-gnu/libcrypto.so (found version "3.0.2")
[0.875s] -- Found FastRTPS: /opt/ros/humble/include
[0.909s] -- Using RMW implementation 'rmw_fastrtps_cpp' as default
[0.917s] -- Performing Test CMAKE_HAVE_LIBC_PTHREAD
[0.995s] -- Performing Test CMAKE_HAVE_LIBC_PTHREAD - Success
[0.997s] -- Found Threads: TRUE
[1.055s] -- Found sensor_msgs: 4.9.1 (/opt/ros/humble/share/sensor_msgs/cmake)
[1.084s] -- Found cv_bridge: 3.2.1 (/opt/ros/humble/share/cv_bridge/cmake)
[1.093s] -- Found image_transport: 3.1.13 (/opt/ros/humble/share/image_transport/cmake)
[1.120s] -- Found OpenCV: /usr (found version "4.5.4")
[1.160s] -- Configuring done (1.2s)
[1.172s] -- Generating done (0.0s)
[1.174s] -- Build files have been written to: /home/rich/mygithub/our_dart/dart_ws_on/build/yq_dart_aim
[1.181s] Invoked command in '/home/rich/mygithub/our_dart/dart_ws_on/build/yq_dart_aim' returned '0': CMAKE_PREFIX_PATH=/opt/ros/humble /home/rich/.local/bin/cmake /home/rich/mygithub/our_dart/dart_ws_on/src/yq_dart_aim -DCMAKE_INSTALL_PREFIX=/home/rich/mygithub/our_dart/dart_ws_on/install/yq_dart_aim
[1.182s] Invoking command in '/home/rich/mygithub/our_dart/dart_ws_on/build/yq_dart_aim': CMAKE_PREFIX_PATH=/opt/ros/humble /home/rich/.local/bin/cmake --build /home/rich/mygithub/our_dart/dart_ws_on/build/yq_dart_aim -- -j20 -l20
[1.207s] [ 16%] Building CXX object CMakeFiles/dart_aim_node.dir/src/image_processor.cpp.o
[1.208s] [ 33%] Building CXX object CMakeFiles/dart_aim_node.dir/src/dart_aim_node.cpp.o
[1.208s] [ 50%] Building CXX object CMakeFiles/dart_aim_node.dir/src/target_detector.cpp.o
[1.209s] [ 66%] Building CXX object CMakeFiles/dart_aim_node.dir/src/coordinate_calculator.cpp.o
[1.209s] [ 83%] Building CXX object CMakeFiles/dart_aim_node.dir/src/serial_manager.cpp.o
[1.654s] /home/rich/mygithub/our_dart/dart_ws_on/src/yq_dart_aim/src/target_detector.cpp: In member function ‘cv::Point2f yq_dart_aim::TargetDetector::selectTarget(const std::vector<yq_dart_aim::TargetInfo>&, int, bool)’:
[1.654s] /home/rich/mygithub/our_dart/dart_ws_on/src/yq_dart_aim/src/target_detector.cpp:46:68: warning: unused parameter ‘is_startup’ [-Wunused-parameter]
[1.654s]    46 |                                           int current_target, bool is_startup) {
[1.654s]       |                                                               ~~~~~^~~~~~~~~~
[1.689s] /home/rich/mygithub/our_dart/dart_ws_on/src/yq_dart_aim/src/serial_manager.cpp: In lambda function:
[1.689s] /home/rich/mygithub/our_dart/dart_ws_on/src/yq_dart_aim/src/serial_manager.cpp:98:43: error: ‘SERIAL_RX_TIMEOUT’ was not declared in this scope
[1.689s]    98 |                             if (elapsed > SERIAL_RX_TIMEOUT.count()) {
[1.689s]       |                                           ^~~~~~~~~~~~~~~~~
[1.697s] /home/rich/mygithub/our_dart/dart_ws_on/src/yq_dart_aim/src/serial_manager.cpp: In member function ‘void yq_dart_aim::SerialManager::send(float, float)’:
[1.697s] /home/rich/mygithub/our_dart/dart_ws_on/src/yq_dart_aim/src/serial_manager.cpp:184:26: error: ‘SERIAL_HEADER’ was not declared in this scope
[1.697s]   184 |     unsigned char head = SERIAL_HEADER;
[1.697s]       |                          ^~~~~~~~~~~~~
[1.701s] /home/rich/mygithub/our_dart/dart_ws_on/src/yq_dart_aim/src/serial_manager.cpp:185:26: error: ‘SERIAL_TAIL’ was not declared in this scope
[1.701s]   185 |     unsigned char tail = SERIAL_TAIL;
[1.701s]       |                          ^~~~~~~~~~~
[1.708s] /home/rich/mygithub/our_dart/dart_ws_on/src/yq_dart_aim/src/serial_manager.cpp: In member function ‘void yq_dart_aim::SerialManager::parseData(yq_dart_aim::SerialPortState&, const string&)’:
[1.708s] /home/rich/mygithub/our_dart/dart_ws_on/src/yq_dart_aim/src/serial_manager.cpp:291:38: error: ‘SERIAL_HEADER’ was not declared in this scope
[1.708s]   291 |             if (port.rx_buffer[i] == SERIAL_HEADER) {
[1.708s]       |                                      ^~~~~~~~~~~~~
[1.712s] /home/rich/mygithub/our_dart/dart_ws_on/src/yq_dart_aim/src/serial_manager.cpp:319:41: error: ‘SERIAL_TAIL’ was not declared in this scope
[1.712s]   319 |         if (port.rx_buffer[tail_idx] != SERIAL_TAIL) {
[1.712s]       |                                         ^~~~~~~~~~~
[1.712s] /home/rich/mygithub/our_dart/dart_ws_on/src/yq_dart_aim/src/serial_manager.cpp:281:73: warning: unused parameter ‘port_name’ [-Wunused-parameter]
[1.712s]   281 | void SerialManager::parseData(SerialPortState& port, const std::string& port_name) {
[1.712s]       |                                                      ~~~~~~~~~~~~~~~~~~~^~~~~~~~~
[1.812s] gmake[2]: *** [CMakeFiles/dart_aim_node.dir/build.make:135：CMakeFiles/dart_aim_node.dir/src/serial_manager.cpp.o] 错误 1
[1.812s] gmake[2]: *** 正在等待未完成的任务....
[8.718s] gmake[1]: *** [CMakeFiles/Makefile2:153：CMakeFiles/dart_aim_node.dir/all] 错误 2
[8.718s] gmake: *** [Makefile:146：all] 错误 2
[8.720s] Invoked command in '/home/rich/mygithub/our_dart/dart_ws_on/build/yq_dart_aim' returned '2': CMAKE_PREFIX_PATH=/opt/ros/humble /home/rich/.local/bin/cmake --build /home/rich/mygithub/our_dart/dart_ws_on/build/yq_dart_aim -- -j20 -l20
