[0.098s] Invoking command in '/root/dart_ws/build/yq_dart_aim': CMAKE_PREFIX_PATH=${CMAKE_PREFIX_PATH}:/opt/ros/humble /usr/bin/cmake --build /root/dart_ws/build/yq_dart_aim -- -j8 -l8
[0.579s] Consolidate compiler generated dependencies of target dart_aim_node
[0.775s] [ 50%] Building CXX object CMakeFiles/dart_aim_node.dir/src/dart_aim_node.cpp.o
[102.453s] [100%] Linking CXX executable dart_aim_node
[108.802s] [100%] Built target dart_aim_node
[108.863s] Invoked command in '/root/dart_ws/build/yq_dart_aim' returned '0': CMAKE_PREFIX_PATH=${CMAKE_PREFIX_PATH}:/opt/ros/humble /usr/bin/cmake --build /root/dart_ws/build/yq_dart_aim -- -j8 -l8
[108.916s] Invoking command in '/root/dart_ws/build/yq_dart_aim': CMAKE_PREFIX_PATH=${CMAKE_PREFIX_PATH}:/opt/ros/humble /usr/bin/cmake --install /root/dart_ws/build/yq_dart_aim
[108.953s] -- Install configuration: ""
[108.956s] -- Execute custom install script
[108.958s] -- Up-to-date symlink: /root/dart_ws/install/yq_dart_aim/lib/yq_dart_aim/dart_aim_node
[108.962s] -- Up-to-date symlink: /root/dart_ws/install/yq_dart_aim/share/yq_dart_aim/launch/MvSdkLog/CamCtrl_00.log
[108.963s] -- Up-to-date symlink: /root/dart_ws/install/yq_dart_aim/share/yq_dart_aim/launch/MvSdkLog/USB3_00.log
[108.964s] -- Up-to-date symlink: /root/dart_ws/install/yq_dart_aim/share/yq_dart_aim/launch/MvSdkLog/USB3_01.log
[108.965s] -- Up-to-date symlink: /root/dart_ws/install/yq_dart_aim/share/yq_dart_aim/launch/start.launch.py
[108.965s] -- Up-to-date symlink: /root/dart_ws/install/yq_dart_aim/share/yq_dart_aim/config/params.yaml
[108.966s] -- Up-to-date symlink: /root/dart_ws/install/yq_dart_aim/share/ament_index/resource_index/package_run_dependencies/yq_dart_aim
[108.967s] -- Up-to-date symlink: /root/dart_ws/install/yq_dart_aim/share/ament_index/resource_index/parent_prefix_path/yq_dart_aim
[108.967s] -- Up-to-date symlink: /root/dart_ws/install/yq_dart_aim/share/yq_dart_aim/environment/ament_prefix_path.sh
[108.968s] -- Up-to-date symlink: /root/dart_ws/install/yq_dart_aim/share/yq_dart_aim/environment/ament_prefix_path.dsv
[108.969s] -- Up-to-date symlink: /root/dart_ws/install/yq_dart_aim/share/yq_dart_aim/environment/path.sh
[108.969s] -- Up-to-date symlink: /root/dart_ws/install/yq_dart_aim/share/yq_dart_aim/environment/path.dsv
[108.970s] -- Up-to-date symlink: /root/dart_ws/install/yq_dart_aim/share/yq_dart_aim/local_setup.bash
[108.971s] -- Up-to-date symlink: /root/dart_ws/install/yq_dart_aim/share/yq_dart_aim/local_setup.sh
[108.972s] -- Up-to-date symlink: /root/dart_ws/install/yq_dart_aim/share/yq_dart_aim/local_setup.zsh
[108.972s] -- Up-to-date symlink: /root/dart_ws/install/yq_dart_aim/share/yq_dart_aim/local_setup.dsv
[108.973s] -- Symlinking: /root/dart_ws/install/yq_dart_aim/share/yq_dart_aim/package.dsv
[109.012s] -- Up-to-date symlink: /root/dart_ws/install/yq_dart_aim/share/ament_index/resource_index/packages/yq_dart_aim
[109.013s] -- Up-to-date symlink: /root/dart_ws/install/yq_dart_aim/share/yq_dart_aim/cmake/yq_dart_aimConfig.cmake
[109.014s] -- Up-to-date symlink: /root/dart_ws/install/yq_dart_aim/share/yq_dart_aim/cmake/yq_dart_aimConfig-version.cmake
[109.014s] -- Up-to-date symlink: /root/dart_ws/install/yq_dart_aim/share/yq_dart_aim/package.xml
[109.030s] Invoked command in '/root/dart_ws/build/yq_dart_aim' returned '0': CMAKE_PREFIX_PATH=${CMAKE_PREFIX_PATH}:/opt/ros/humble /usr/bin/cmake --install /root/dart_ws/build/yq_dart_aim
