[1.118s] DEBUG:colcon:Command line arguments: ['/usr/bin/colcon', 'build', '--packages-select', 'yq_dart_aim', '--symlink-install']
[1.119s] DEBUG:colcon:Parsed command line arguments: Namespace(log_base=None, log_level=None, verb_name='build', build_base='build', install_base='install', merge_install=False, symlink_install=True, test_result_base=None, continue_on_error=False, executor='parallel', parallel_workers=8, event_handlers=None, ignore_user_meta=False, metas=['./colcon.meta'], base_paths=['.'], packages_ignore=None, packages_ignore_regex=None, paths=None, packages_up_to=None, packages_up_to_regex=None, packages_above=None, packages_above_and_dependencies=None, packages_above_depth=None, packages_select_by_dep=None, packages_skip_by_dep=None, packages_skip_up_to=None, packages_select_build_failed=False, packages_skip_build_finished=False, packages_select_test_failures=False, packages_skip_test_passed=False, packages_select=['yq_dart_aim'], packages_skip=None, packages_select_regex=None, packages_skip_regex=None, packages_start=None, packages_end=None, allow_overriding=[], cmake_args=None, cmake_target=None, cmake_target_skip_unavailable=False, cmake_clean_cache=False, cmake_clean_first=False, cmake_force_configure=False, ament_cmake_args=None, catkin_cmake_args=None, catkin_skip_building_tests=False, verb_parser=<colcon_defaults.argument_parser.defaults.DefaultArgumentsDecorator object at 0xffffb90c3b20>, verb_extension=<colcon_core.verb.build.BuildVerb object at 0xffffb90c3280>, main=<bound method BuildVerb.main of <colcon_core.verb.build.BuildVerb object at 0xffffb90c3280>>)
[3.158s] Level 1:colcon.colcon_core.package_discovery:discover_packages(colcon_meta) check parameters
[3.159s] Level 1:colcon.colcon_core.package_discovery:discover_packages(recursive) check parameters
[3.159s] Level 1:colcon.colcon_core.package_discovery:discover_packages(ignore) check parameters
[3.160s] Level 1:colcon.colcon_core.package_discovery:discover_packages(path) check parameters
[3.160s] Level 1:colcon.colcon_core.package_discovery:discover_packages(colcon_meta) discover
[3.161s] Level 1:colcon.colcon_core.package_discovery:discover_packages(recursive) discover
[3.162s] INFO:colcon.colcon_core.package_discovery:Crawling recursively for packages in '/root/dart_ws'
[3.163s] Level 1:colcon.colcon_core.package_identification:_identify(.) by extensions ['ignore', 'ignore_ament_install']
[3.163s] Level 1:colcon.colcon_core.package_identification:_identify(.) by extension 'ignore'
[3.164s] Level 1:colcon.colcon_core.package_identification:_identify(.) by extension 'ignore_ament_install'
[3.164s] Level 1:colcon.colcon_core.package_identification:_identify(.) by extensions ['colcon_pkg']
[3.165s] Level 1:colcon.colcon_core.package_identification:_identify(.) by extension 'colcon_pkg'
[3.166s] Level 1:colcon.colcon_core.package_identification:_identify(.) by extensions ['colcon_meta']
[3.167s] Level 1:colcon.colcon_core.package_identification:_identify(.) by extension 'colcon_meta'
[3.168s] Level 1:colcon.colcon_core.package_identification:_identify(.) by extensions ['ros']
[3.169s] Level 1:colcon.colcon_core.package_identification:_identify(.) by extension 'ros'
[3.281s] Level 1:colcon.colcon_core.package_identification:_identify(.) by extensions ['cmake', 'python']
[3.282s] Level 1:colcon.colcon_core.package_identification:_identify(.) by extension 'cmake'
[3.283s] Level 1:colcon.colcon_core.package_identification:_identify(.) by extension 'python'
[3.283s] Level 1:colcon.colcon_core.package_identification:_identify(.) by extensions ['python_setup_py']
[3.284s] Level 1:colcon.colcon_core.package_identification:_identify(.) by extension 'python_setup_py'
[3.286s] Level 1:colcon.colcon_core.package_identification:_identify(MvSdkLog) by extensions ['ignore', 'ignore_ament_install']
[3.287s] Level 1:colcon.colcon_core.package_identification:_identify(MvSdkLog) by extension 'ignore'
[3.288s] Level 1:colcon.colcon_core.package_identification:_identify(MvSdkLog) by extension 'ignore_ament_install'
[3.288s] Level 1:colcon.colcon_core.package_identification:_identify(MvSdkLog) by extensions ['colcon_pkg']
[3.289s] Level 1:colcon.colcon_core.package_identification:_identify(MvSdkLog) by extension 'colcon_pkg'
[3.290s] Level 1:colcon.colcon_core.package_identification:_identify(MvSdkLog) by extensions ['colcon_meta']
[3.290s] Level 1:colcon.colcon_core.package_identification:_identify(MvSdkLog) by extension 'colcon_meta'
[3.290s] Level 1:colcon.colcon_core.package_identification:_identify(MvSdkLog) by extensions ['ros']
[3.290s] Level 1:colcon.colcon_core.package_identification:_identify(MvSdkLog) by extension 'ros'
[3.291s] Level 1:colcon.colcon_core.package_identification:_identify(MvSdkLog) by extensions ['cmake', 'python']
[3.292s] Level 1:colcon.colcon_core.package_identification:_identify(MvSdkLog) by extension 'cmake'
[3.293s] Level 1:colcon.colcon_core.package_identification:_identify(MvSdkLog) by extension 'python'
[3.293s] Level 1:colcon.colcon_core.package_identification:_identify(MvSdkLog) by extensions ['python_setup_py']
[3.294s] Level 1:colcon.colcon_core.package_identification:_identify(MvSdkLog) by extension 'python_setup_py'
[3.295s] Level 1:colcon.colcon_core.package_identification:_identify(build) by extensions ['ignore', 'ignore_ament_install']
[3.296s] Level 1:colcon.colcon_core.package_identification:_identify(build) by extension 'ignore'
[3.297s] Level 1:colcon.colcon_core.package_identification:_identify(build) ignored
[3.298s] Level 1:colcon.colcon_core.package_identification:_identify(install) by extensions ['ignore', 'ignore_ament_install']
[3.299s] Level 1:colcon.colcon_core.package_identification:_identify(install) by extension 'ignore'
[3.299s] Level 1:colcon.colcon_core.package_identification:_identify(install) ignored
[3.300s] Level 1:colcon.colcon_core.package_identification:_identify(log) by extensions ['ignore', 'ignore_ament_install']
[3.302s] Level 1:colcon.colcon_core.package_identification:_identify(log) by extension 'ignore'
[3.303s] Level 1:colcon.colcon_core.package_identification:_identify(log) ignored
[3.304s] Level 1:colcon.colcon_core.package_identification:_identify(reqirements) by extensions ['ignore', 'ignore_ament_install']
[3.306s] Level 1:colcon.colcon_core.package_identification:_identify(reqirements) by extension 'ignore'
[3.307s] Level 1:colcon.colcon_core.package_identification:_identify(reqirements) by extension 'ignore_ament_install'
[3.308s] Level 1:colcon.colcon_core.package_identification:_identify(reqirements) by extensions ['colcon_pkg']
[3.308s] Level 1:colcon.colcon_core.package_identification:_identify(reqirements) by extension 'colcon_pkg'
[3.309s] Level 1:colcon.colcon_core.package_identification:_identify(reqirements) by extensions ['colcon_meta']
[3.310s] Level 1:colcon.colcon_core.package_identification:_identify(reqirements) by extension 'colcon_meta'
[3.311s] Level 1:colcon.colcon_core.package_identification:_identify(reqirements) by extensions ['ros']
[3.311s] Level 1:colcon.colcon_core.package_identification:_identify(reqirements) by extension 'ros'
[3.313s] Level 1:colcon.colcon_core.package_identification:_identify(reqirements) by extensions ['cmake', 'python']
[3.313s] Level 1:colcon.colcon_core.package_identification:_identify(reqirements) by extension 'cmake'
[3.314s] Level 1:colcon.colcon_core.package_identification:_identify(reqirements) by extension 'python'
[3.315s] Level 1:colcon.colcon_core.package_identification:_identify(reqirements) by extensions ['python_setup_py']
[3.315s] Level 1:colcon.colcon_core.package_identification:_identify(reqirements) by extension 'python_setup_py'
[3.316s] Level 1:colcon.colcon_core.package_identification:_identify(src) by extensions ['ignore', 'ignore_ament_install']
[3.317s] Level 1:colcon.colcon_core.package_identification:_identify(src) by extension 'ignore'
[3.318s] Level 1:colcon.colcon_core.package_identification:_identify(src) by extension 'ignore_ament_install'
[3.320s] Level 1:colcon.colcon_core.package_identification:_identify(src) by extensions ['colcon_pkg']
[3.320s] Level 1:colcon.colcon_core.package_identification:_identify(src) by extension 'colcon_pkg'
[3.321s] Level 1:colcon.colcon_core.package_identification:_identify(src) by extensions ['colcon_meta']
[3.321s] Level 1:colcon.colcon_core.package_identification:_identify(src) by extension 'colcon_meta'
[3.322s] Level 1:colcon.colcon_core.package_identification:_identify(src) by extensions ['ros']
[3.322s] Level 1:colcon.colcon_core.package_identification:_identify(src) by extension 'ros'
[3.323s] Level 1:colcon.colcon_core.package_identification:_identify(src) by extensions ['cmake', 'python']
[3.323s] Level 1:colcon.colcon_core.package_identification:_identify(src) by extension 'cmake'
[3.324s] Level 1:colcon.colcon_core.package_identification:_identify(src) by extension 'python'
[3.325s] Level 1:colcon.colcon_core.package_identification:_identify(src) by extensions ['python_setup_py']
[3.325s] Level 1:colcon.colcon_core.package_identification:_identify(src) by extension 'python_setup_py'
[3.326s] Level 1:colcon.colcon_core.package_identification:_identify(src/rm_start) by extensions ['ignore', 'ignore_ament_install']
[3.327s] Level 1:colcon.colcon_core.package_identification:_identify(src/rm_start) by extension 'ignore'
[3.328s] Level 1:colcon.colcon_core.package_identification:_identify(src/rm_start) by extension 'ignore_ament_install'
[3.329s] Level 1:colcon.colcon_core.package_identification:_identify(src/rm_start) by extensions ['colcon_pkg']
[3.330s] Level 1:colcon.colcon_core.package_identification:_identify(src/rm_start) by extension 'colcon_pkg'
[3.331s] Level 1:colcon.colcon_core.package_identification:_identify(src/rm_start) by extensions ['colcon_meta']
[3.331s] Level 1:colcon.colcon_core.package_identification:_identify(src/rm_start) by extension 'colcon_meta'
[3.332s] Level 1:colcon.colcon_core.package_identification:_identify(src/rm_start) by extensions ['ros']
[3.333s] Level 1:colcon.colcon_core.package_identification:_identify(src/rm_start) by extension 'ros'
[3.335s] Level 1:colcon.colcon_core.package_identification:_identify(src/rm_start) by extensions ['cmake', 'python']
[3.336s] Level 1:colcon.colcon_core.package_identification:_identify(src/rm_start) by extension 'cmake'
[3.337s] Level 1:colcon.colcon_core.package_identification:_identify(src/rm_start) by extension 'python'
[3.338s] Level 1:colcon.colcon_core.package_identification:_identify(src/rm_start) by extensions ['python_setup_py']
[3.338s] Level 1:colcon.colcon_core.package_identification:_identify(src/rm_start) by extension 'python_setup_py'
[3.339s] Level 1:colcon.colcon_core.package_identification:_identify(src/ros2_hik_camera) by extensions ['ignore', 'ignore_ament_install']
[3.341s] Level 1:colcon.colcon_core.package_identification:_identify(src/ros2_hik_camera) by extension 'ignore'
[3.342s] Level 1:colcon.colcon_core.package_identification:_identify(src/ros2_hik_camera) by extension 'ignore_ament_install'
[3.342s] Level 1:colcon.colcon_core.package_identification:_identify(src/ros2_hik_camera) by extensions ['colcon_pkg']
[3.343s] Level 1:colcon.colcon_core.package_identification:_identify(src/ros2_hik_camera) by extension 'colcon_pkg'
[3.344s] Level 1:colcon.colcon_core.package_identification:_identify(src/ros2_hik_camera) by extensions ['colcon_meta']
[3.344s] Level 1:colcon.colcon_core.package_identification:_identify(src/ros2_hik_camera) by extension 'colcon_meta'
[3.345s] Level 1:colcon.colcon_core.package_identification:_identify(src/ros2_hik_camera) by extensions ['ros']
[3.345s] Level 1:colcon.colcon_core.package_identification:_identify(src/ros2_hik_camera) by extension 'ros'
[3.370s] DEBUG:colcon.colcon_core.package_identification:Package 'src/ros2_hik_camera' with type 'ros.ament_cmake' and name 'hik_camera'
[3.371s] Level 1:colcon.colcon_core.package_identification:_identify(src/yq_dart_aim) by extensions ['ignore', 'ignore_ament_install']
[3.372s] Level 1:colcon.colcon_core.package_identification:_identify(src/yq_dart_aim) by extension 'ignore'
[3.373s] Level 1:colcon.colcon_core.package_identification:_identify(src/yq_dart_aim) by extension 'ignore_ament_install'
[3.374s] Level 1:colcon.colcon_core.package_identification:_identify(src/yq_dart_aim) by extensions ['colcon_pkg']
[3.375s] Level 1:colcon.colcon_core.package_identification:_identify(src/yq_dart_aim) by extension 'colcon_pkg'
[3.376s] Level 1:colcon.colcon_core.package_identification:_identify(src/yq_dart_aim) by extensions ['colcon_meta']
[3.377s] Level 1:colcon.colcon_core.package_identification:_identify(src/yq_dart_aim) by extension 'colcon_meta'
[3.377s] Level 1:colcon.colcon_core.package_identification:_identify(src/yq_dart_aim) by extensions ['ros']
[3.377s] Level 1:colcon.colcon_core.package_identification:_identify(src/yq_dart_aim) by extension 'ros'
[3.381s] DEBUG:colcon.colcon_core.package_identification:Package 'src/yq_dart_aim' with type 'ros.ament_cmake' and name 'yq_dart_aim'
[3.382s] Level 1:colcon.colcon_core.package_discovery:discover_packages(recursive) using defaults
[3.382s] Level 1:colcon.colcon_core.package_discovery:discover_packages(ignore) discover
[3.383s] Level 1:colcon.colcon_core.package_discovery:discover_packages(ignore) using defaults
[3.383s] Level 1:colcon.colcon_core.package_discovery:discover_packages(path) discover
[3.384s] Level 1:colcon.colcon_core.package_discovery:discover_packages(path) using defaults
[3.559s] INFO:colcon.colcon_core.package_selection:Skipping not selected package 'hik_camera' in 'src/ros2_hik_camera'
[3.564s] Level 1:colcon.colcon_core.package_discovery:discover_packages(prefix_path) check parameters
[3.564s] Level 1:colcon.colcon_core.package_discovery:discover_packages(prefix_path) discover
[3.583s] DEBUG:colcon.colcon_installed_package_information.package_discovery:Found 2 installed packages in /root/dart_ws/install
[3.593s] DEBUG:colcon.colcon_installed_package_information.package_discovery:Found 279 installed packages in /opt/ros/humble
[3.617s] Level 1:colcon.colcon_core.package_discovery:discover_packages(prefix_path) using defaults
[4.157s] Level 5:colcon.colcon_core.verb:set package 'yq_dart_aim' build argument 'cmake_args' from command line to 'None'
[4.157s] Level 5:colcon.colcon_core.verb:set package 'yq_dart_aim' build argument 'cmake_target' from command line to 'None'
[4.158s] Level 5:colcon.colcon_core.verb:set package 'yq_dart_aim' build argument 'cmake_target_skip_unavailable' from command line to 'False'
[4.158s] Level 5:colcon.colcon_core.verb:set package 'yq_dart_aim' build argument 'cmake_clean_cache' from command line to 'False'
[4.159s] Level 5:colcon.colcon_core.verb:set package 'yq_dart_aim' build argument 'cmake_clean_first' from command line to 'False'
[4.160s] Level 5:colcon.colcon_core.verb:set package 'yq_dart_aim' build argument 'cmake_force_configure' from command line to 'False'
[4.160s] Level 5:colcon.colcon_core.verb:set package 'yq_dart_aim' build argument 'ament_cmake_args' from command line to 'None'
[4.161s] Level 5:colcon.colcon_core.verb:set package 'yq_dart_aim' build argument 'catkin_cmake_args' from command line to 'None'
[4.161s] Level 5:colcon.colcon_core.verb:set package 'yq_dart_aim' build argument 'catkin_skip_building_tests' from command line to 'False'
[4.162s] DEBUG:colcon.colcon_core.verb:Building package 'yq_dart_aim' with the following arguments: {'ament_cmake_args': None, 'build_base': '/root/dart_ws/build/yq_dart_aim', 'catkin_cmake_args': None, 'catkin_skip_building_tests': False, 'cmake_args': None, 'cmake_clean_cache': False, 'cmake_clean_first': False, 'cmake_force_configure': False, 'cmake_target': None, 'cmake_target_skip_unavailable': False, 'install_base': '/root/dart_ws/install/yq_dart_aim', 'merge_install': False, 'path': '/root/dart_ws/src/yq_dart_aim', 'symlink_install': True, 'test_result_base': None}
[4.163s] INFO:colcon.colcon_core.executor:Executing jobs using 'parallel' executor
[4.170s] DEBUG:colcon.colcon_parallel_executor.executor.parallel:run_until_complete
[4.173s] INFO:colcon.colcon_ros.task.ament_cmake.build:Building ROS package in '/root/dart_ws/src/yq_dart_aim' with build type 'ament_cmake'
[4.175s] INFO:colcon.colcon_cmake.task.cmake.build:Building CMake package in '/root/dart_ws/src/yq_dart_aim'
[4.192s] INFO:colcon.colcon_core.plugin_system:Skipping extension 'colcon_core.shell.bat': Not used on non-Windows systems
[4.194s] INFO:colcon.colcon_core.shell:Skip shell extension 'powershell' for command environment: Not usable outside of PowerShell
[4.195s] DEBUG:colcon.colcon_core.shell:Skip shell extension 'dsv' for command environment
[4.254s] DEBUG:colcon.colcon_core.event_handler.log_command:Invoking command in '/root/dart_ws/build/yq_dart_aim': CMAKE_PREFIX_PATH=${CMAKE_PREFIX_PATH}:/opt/ros/humble /usr/bin/cmake --build /root/dart_ws/build/yq_dart_aim -- -j8 -l8
[120.949s] DEBUG:colcon.colcon_core.event_handler.log_command:Invoked command in '/root/dart_ws/build/yq_dart_aim' returned '0': CMAKE_PREFIX_PATH=${CMAKE_PREFIX_PATH}:/opt/ros/humble /usr/bin/cmake --build /root/dart_ws/build/yq_dart_aim -- -j8 -l8
[121.014s] DEBUG:colcon.colcon_core.event_handler.log_command:Invoking command in '/root/dart_ws/build/yq_dart_aim': CMAKE_PREFIX_PATH=${CMAKE_PREFIX_PATH}:/opt/ros/humble /usr/bin/cmake --install /root/dart_ws/build/yq_dart_aim
[121.155s] Level 1:colcon.colcon_core.environment:create_environment_scripts_only(yq_dart_aim)
[121.159s] DEBUG:colcon.colcon_core.event_handler.log_command:Invoked command in '/root/dart_ws/build/yq_dart_aim' returned '0': CMAKE_PREFIX_PATH=${CMAKE_PREFIX_PATH}:/opt/ros/humble /usr/bin/cmake --install /root/dart_ws/build/yq_dart_aim
[121.181s] Level 1:colcon.colcon_core.environment:checking '/root/dart_ws/install/yq_dart_aim' for CMake module files
[121.186s] Level 1:colcon.colcon_core.environment:checking '/root/dart_ws/install/yq_dart_aim' for CMake config files
[121.188s] Level 1:colcon.colcon_core.shell:create_environment_hook('yq_dart_aim', 'cmake_prefix_path')
[121.191s] INFO:colcon.colcon_core.shell:Creating environment hook '/root/dart_ws/install/yq_dart_aim/share/yq_dart_aim/hook/cmake_prefix_path.ps1'
[121.199s] INFO:colcon.colcon_core.shell:Creating environment descriptor '/root/dart_ws/install/yq_dart_aim/share/yq_dart_aim/hook/cmake_prefix_path.dsv'
[121.205s] INFO:colcon.colcon_core.shell:Creating environment hook '/root/dart_ws/install/yq_dart_aim/share/yq_dart_aim/hook/cmake_prefix_path.sh'
[121.213s] Level 1:colcon.colcon_core.environment:checking '/root/dart_ws/install/yq_dart_aim/lib'
[121.215s] Level 1:colcon.colcon_core.environment:checking '/root/dart_ws/install/yq_dart_aim/bin'
[121.216s] Level 1:colcon.colcon_core.environment:checking '/root/dart_ws/install/yq_dart_aim/lib/pkgconfig/yq_dart_aim.pc'
[121.219s] Level 1:colcon.colcon_core.environment:checking '/root/dart_ws/install/yq_dart_aim/lib/python3.10/site-packages'
[121.224s] Level 1:colcon.colcon_core.environment:checking '/root/dart_ws/install/yq_dart_aim/bin'
[121.228s] INFO:colcon.colcon_core.shell:Creating package script '/root/dart_ws/install/yq_dart_aim/share/yq_dart_aim/package.ps1'
[121.236s] INFO:colcon.colcon_core.shell:Creating package descriptor '/root/dart_ws/install/yq_dart_aim/share/yq_dart_aim/package.dsv'
[121.242s] INFO:colcon.colcon_core.shell:Creating package script '/root/dart_ws/install/yq_dart_aim/share/yq_dart_aim/package.sh'
[121.250s] INFO:colcon.colcon_core.shell:Creating package script '/root/dart_ws/install/yq_dart_aim/share/yq_dart_aim/package.bash'
[121.259s] INFO:colcon.colcon_core.shell:Creating package script '/root/dart_ws/install/yq_dart_aim/share/yq_dart_aim/package.zsh'
[121.266s] Level 1:colcon.colcon_core.environment:create_file_with_runtime_dependencies(/root/dart_ws/install/yq_dart_aim/share/colcon-core/packages/yq_dart_aim)
[121.272s] Level 1:colcon.colcon_core.environment:create_environment_scripts_only(yq_dart_aim)
[121.275s] Level 1:colcon.colcon_core.environment:checking '/root/dart_ws/install/yq_dart_aim' for CMake module files
[121.279s] Level 1:colcon.colcon_core.environment:checking '/root/dart_ws/install/yq_dart_aim' for CMake config files
[121.282s] Level 1:colcon.colcon_core.shell:create_environment_hook('yq_dart_aim', 'cmake_prefix_path')
[121.286s] INFO:colcon.colcon_core.shell:Creating environment hook '/root/dart_ws/install/yq_dart_aim/share/yq_dart_aim/hook/cmake_prefix_path.ps1'
[121.291s] INFO:colcon.colcon_core.shell:Creating environment descriptor '/root/dart_ws/install/yq_dart_aim/share/yq_dart_aim/hook/cmake_prefix_path.dsv'
[121.295s] INFO:colcon.colcon_core.shell:Creating environment hook '/root/dart_ws/install/yq_dart_aim/share/yq_dart_aim/hook/cmake_prefix_path.sh'
[121.302s] Level 1:colcon.colcon_core.environment:checking '/root/dart_ws/install/yq_dart_aim/lib'
[121.304s] Level 1:colcon.colcon_core.environment:checking '/root/dart_ws/install/yq_dart_aim/bin'
[121.305s] Level 1:colcon.colcon_core.environment:checking '/root/dart_ws/install/yq_dart_aim/lib/pkgconfig/yq_dart_aim.pc'
[121.307s] Level 1:colcon.colcon_core.environment:checking '/root/dart_ws/install/yq_dart_aim/lib/python3.10/site-packages'
[121.312s] Level 1:colcon.colcon_core.environment:checking '/root/dart_ws/install/yq_dart_aim/bin'
[121.316s] INFO:colcon.colcon_core.shell:Creating package script '/root/dart_ws/install/yq_dart_aim/share/yq_dart_aim/package.ps1'
[121.323s] INFO:colcon.colcon_core.shell:Creating package descriptor '/root/dart_ws/install/yq_dart_aim/share/yq_dart_aim/package.dsv'
[121.329s] INFO:colcon.colcon_core.shell:Creating package script '/root/dart_ws/install/yq_dart_aim/share/yq_dart_aim/package.sh'
[121.335s] INFO:colcon.colcon_core.shell:Creating package script '/root/dart_ws/install/yq_dart_aim/share/yq_dart_aim/package.bash'
[121.340s] INFO:colcon.colcon_core.shell:Creating package script '/root/dart_ws/install/yq_dart_aim/share/yq_dart_aim/package.zsh'
[121.347s] Level 1:colcon.colcon_core.environment:create_file_with_runtime_dependencies(/root/dart_ws/install/yq_dart_aim/share/colcon-core/packages/yq_dart_aim)
[121.350s] DEBUG:colcon.colcon_parallel_executor.executor.parallel:closing loop
[121.352s] DEBUG:colcon.colcon_parallel_executor.executor.parallel:loop closed
[121.352s] DEBUG:colcon.colcon_parallel_executor.executor.parallel:run_until_complete finished with '0'
[121.354s] DEBUG:colcon.colcon_core.event_reactor:joining thread
[121.395s] INFO:colcon.colcon_core.plugin_system:Skipping extension 'colcon_notification.desktop_notification.notify_send': Could not find 'notify-send'
[121.396s] INFO:colcon.colcon_core.plugin_system:Skipping extension 'colcon_notification.desktop_notification.terminal_notifier': Not used on non-Darwin systems
[121.397s] INFO:colcon.colcon_core.plugin_system:Skipping extension 'colcon_notification.desktop_notification.win32': Not used on non-Windows systems
[121.398s] INFO:colcon.colcon_notification.desktop_notification:Sending desktop notification using 'notify2'
[146.424s] DEBUG:colcon.colcon_notification.desktop_notification.notify2:Failed to initialize notify2: org.freedesktop.DBus.Error.NoReply: Did not receive a reply. Possible causes include: the remote application did not send a reply, the message bus security policy blocked the reply, the reply timeout expired, or the network connection was broken.
[146.425s] DEBUG:colcon.colcon_core.event_reactor:joined thread
[146.427s] INFO:colcon.colcon_core.shell:Creating prefix script '/root/dart_ws/install/local_setup.ps1'
[146.437s] INFO:colcon.colcon_core.shell:Creating prefix util module '/root/dart_ws/install/_local_setup_util_ps1.py'
[146.451s] INFO:colcon.colcon_core.shell:Creating prefix chain script '/root/dart_ws/install/setup.ps1'
[146.462s] INFO:colcon.colcon_core.shell:Creating prefix script '/root/dart_ws/install/local_setup.sh'
[146.469s] INFO:colcon.colcon_core.shell:Creating prefix util module '/root/dart_ws/install/_local_setup_util_sh.py'
[146.475s] INFO:colcon.colcon_core.shell:Creating prefix chain script '/root/dart_ws/install/setup.sh'
[146.486s] INFO:colcon.colcon_core.shell:Creating prefix script '/root/dart_ws/install/local_setup.bash'
[146.496s] INFO:colcon.colcon_core.shell:Creating prefix chain script '/root/dart_ws/install/setup.bash'
[146.507s] INFO:colcon.colcon_core.shell:Creating prefix script '/root/dart_ws/install/local_setup.zsh'
[146.512s] INFO:colcon.colcon_core.shell:Creating prefix chain script '/root/dart_ws/install/setup.zsh'
