[0.059s] Invoking command in '/root/dart_ws/build/yq_dart_aim': CMAKE_PREFIX_PATH=/opt/ros/humble /usr/bin/cmake --build /root/dart_ws/build/yq_dart_aim --clean-first -- -j8 -l8
[0.166s] gmake: Warning: File 'Makefile' has modification time 822660409 s in the future
[0.171s] gmake[1]: Warning: File 'CMakeFiles/Makefile2' has modification time 822660409 s in the future
[0.178s] gmake[2]: Warning: File 'CMakeFiles/uninstall.dir/progress.make' has modification time 822660409 s in the future
[0.225s] gmake[2]: warning:  Clock skew detected.  Your build may be incomplete.
[0.232s] gmake[2]: Warning: File 'CMakeFiles/yq_dart_aim_uninstall.dir/progress.make' has modification time 822660409 s in the future
[0.271s] gmake[2]: warning:  Clock skew detected.  Your build may be incomplete.
[0.280s] gmake[2]: Warning: File 'CMakeFiles/dart_aim_node.dir/flags.make' has modification time 822660409 s in the future
[0.322s] gmake[2]: warning:  Clock skew detected.  Your build may be incomplete.
[0.323s] gmake[1]: warning:  Clock skew detected.  Your build may be incomplete.
[0.323s] gmake: warning:  Clock skew detected.  Your build may be incomplete.
[0.330s] gmake: Warning: File 'Makefile' has modification time 822660409 s in the future
[0.486s] gmake[1]: Warning: File 'CMakeFiles/Makefile2' has modification time 822660408 s in the future
[0.492s] gmake[2]: Warning: File 'CMakeFiles/dart_aim_node.dir/flags.make' has modification time 822660408 s in the future
[0.533s] gmake[2]: warning:  Clock skew detected.  Your build may be incomplete.
[0.540s] gmake[2]: Warning: File 'CMakeFiles/dart_aim_node.dir/flags.make' has modification time 822660408 s in the future
[0.575s] [ 50%] [32mBuilding CXX object CMakeFiles/dart_aim_node.dir/src/dart_aim_node.cpp.o[0m
[66.579s] [100%] [32m[1mLinking CXX executable dart_aim_node[0m
[72.564s] gmake[2]: warning:  Clock skew detected.  Your build may be incomplete.
[72.601s] [100%] Built target dart_aim_node
[72.605s] gmake[1]: warning:  Clock skew detected.  Your build may be incomplete.
[72.643s] gmake: warning:  Clock skew detected.  Your build may be incomplete.
[72.655s] Invoked command in '/root/dart_ws/build/yq_dart_aim' returned '0': CMAKE_PREFIX_PATH=/opt/ros/humble /usr/bin/cmake --build /root/dart_ws/build/yq_dart_aim --clean-first -- -j8 -l8
[72.663s] Invoking command in '/root/dart_ws/build/yq_dart_aim': CMAKE_PREFIX_PATH=/opt/ros/humble /usr/bin/cmake --install /root/dart_ws/build/yq_dart_aim
[72.698s] -- Install configuration: ""
[72.701s] -- Execute custom install script
[72.703s] -- Up-to-date symlink: /root/dart_ws/install/yq_dart_aim/lib/yq_dart_aim/dart_aim_node
[72.706s] -- Up-to-date symlink: /root/dart_ws/install/yq_dart_aim/share/yq_dart_aim/launch/start.launch.py
[72.707s] -- Up-to-date symlink: /root/dart_ws/install/yq_dart_aim/share/yq_dart_aim/config/params.yaml
[72.709s] -- Up-to-date symlink: /root/dart_ws/install/yq_dart_aim/share/ament_index/resource_index/package_run_dependencies/yq_dart_aim
[72.710s] -- Up-to-date symlink: /root/dart_ws/install/yq_dart_aim/share/ament_index/resource_index/parent_prefix_path/yq_dart_aim
[72.712s] -- Up-to-date symlink: /root/dart_ws/install/yq_dart_aim/share/yq_dart_aim/environment/ament_prefix_path.sh
[72.713s] -- Up-to-date symlink: /root/dart_ws/install/yq_dart_aim/share/yq_dart_aim/environment/ament_prefix_path.dsv
[72.714s] -- Up-to-date symlink: /root/dart_ws/install/yq_dart_aim/share/yq_dart_aim/environment/path.sh
[72.715s] -- Up-to-date symlink: /root/dart_ws/install/yq_dart_aim/share/yq_dart_aim/environment/path.dsv
[72.716s] -- Up-to-date symlink: /root/dart_ws/install/yq_dart_aim/share/yq_dart_aim/local_setup.bash
[72.717s] -- Up-to-date symlink: /root/dart_ws/install/yq_dart_aim/share/yq_dart_aim/local_setup.sh
[72.718s] -- Up-to-date symlink: /root/dart_ws/install/yq_dart_aim/share/yq_dart_aim/local_setup.zsh
[72.719s] -- Up-to-date symlink: /root/dart_ws/install/yq_dart_aim/share/yq_dart_aim/local_setup.dsv
[72.719s] -- Symlinking: /root/dart_ws/install/yq_dart_aim/share/yq_dart_aim/package.dsv
[72.758s] -- Up-to-date symlink: /root/dart_ws/install/yq_dart_aim/share/ament_index/resource_index/packages/yq_dart_aim
[72.760s] -- Up-to-date symlink: /root/dart_ws/install/yq_dart_aim/share/yq_dart_aim/cmake/yq_dart_aimConfig.cmake
[72.760s] -- Up-to-date symlink: /root/dart_ws/install/yq_dart_aim/share/yq_dart_aim/cmake/yq_dart_aimConfig-version.cmake
[72.762s] -- Up-to-date symlink: /root/dart_ws/install/yq_dart_aim/share/yq_dart_aim/package.xml
[72.783s] Invoked command in '/root/dart_ws/build/yq_dart_aim' returned '0': CMAKE_PREFIX_PATH=/opt/ros/humble /usr/bin/cmake --install /root/dart_ws/build/yq_dart_aim
